Archive member included to satisfy reference by file (symbol)

c:/program files (x86)/atollic/truestudio for stm32 9.0.0/armtools/bin/../lib/gcc/arm-atollic-eabi/6.3.1/../../../../arm-atollic-eabi/lib/armv7e-m/fpu\libc_nano.a(lib_a-init.o)
                              startup\startup_stm32f407xx.o (__libc_init_array)
c:/program files (x86)/atollic/truestudio for stm32 9.0.0/armtools/bin/../lib/gcc/arm-atollic-eabi/6.3.1/../../../../arm-atollic-eabi/lib/armv7e-m/fpu\libc_nano.a(lib_a-malloc.o)
                              Middlewares\ST\STM32_USB_Device_Library\Class\RNDIS\Src\usbd_rndis.o (malloc)
c:/program files (x86)/atollic/truestudio for stm32 9.0.0/armtools/bin/../lib/gcc/arm-atollic-eabi/6.3.1/../../../../arm-atollic-eabi/lib/armv7e-m/fpu\libc_nano.a(lib_a-memcmp.o)
                              Middlewares\Third_Party\FreeRTOS-Plus-TCP\FreeRTOS_ARP.o (memcmp)
c:/program files (x86)/atollic/truestudio for stm32 9.0.0/armtools/bin/../lib/gcc/arm-atollic-eabi/6.3.1/../../../../arm-atollic-eabi/lib/armv7e-m/fpu\libc_nano.a(lib_a-memcpy-stub.o)
                              Middlewares\ST\STM32_USB_Device_Library\App\Src\usbd_rndis_if.o (memcpy)
c:/program files (x86)/atollic/truestudio for stm32 9.0.0/armtools/bin/../lib/gcc/arm-atollic-eabi/6.3.1/../../../../arm-atollic-eabi/lib/armv7e-m/fpu\libc_nano.a(lib_a-memmove.o)
                              Middlewares\Third_Party\FreeRTOS-Plus-TCP\FreeRTOS_IP.o (memmove)
c:/program files (x86)/atollic/truestudio for stm32 9.0.0/armtools/bin/../lib/gcc/arm-atollic-eabi/6.3.1/../../../../arm-atollic-eabi/lib/armv7e-m/fpu\libc_nano.a(lib_a-memset.o)
                              Middlewares\Third_Party\FreeRTOS\Source\stream_buffer.o (memset)
c:/program files (x86)/atollic/truestudio for stm32 9.0.0/armtools/bin/../lib/gcc/arm-atollic-eabi/6.3.1/../../../../arm-atollic-eabi/lib/armv7e-m/fpu\libc_nano.a(lib_a-nano-freer.o)
                              c:/program files (x86)/atollic/truestudio for stm32 9.0.0/armtools/bin/../lib/gcc/arm-atollic-eabi/6.3.1/../../../../arm-atollic-eabi/lib/armv7e-m/fpu\libc_nano.a(lib_a-malloc.o) (_free_r)
c:/program files (x86)/atollic/truestudio for stm32 9.0.0/armtools/bin/../lib/gcc/arm-atollic-eabi/6.3.1/../../../../arm-atollic-eabi/lib/armv7e-m/fpu\libc_nano.a(lib_a-nano-mallocr.o)
                              c:/program files (x86)/atollic/truestudio for stm32 9.0.0/armtools/bin/../lib/gcc/arm-atollic-eabi/6.3.1/../../../../arm-atollic-eabi/lib/armv7e-m/fpu\libc_nano.a(lib_a-malloc.o) (_malloc_r)
c:/program files (x86)/atollic/truestudio for stm32 9.0.0/armtools/bin/../lib/gcc/arm-atollic-eabi/6.3.1/../../../../arm-atollic-eabi/lib/armv7e-m/fpu\libc_nano.a(lib_a-rand.o)
                              Middlewares\Third_Party\FreeRTOS-Plus-TCP\FreeRTOS_DNS.o (rand)
c:/program files (x86)/atollic/truestudio for stm32 9.0.0/armtools/bin/../lib/gcc/arm-atollic-eabi/6.3.1/../../../../arm-atollic-eabi/lib/armv7e-m/fpu\libc_nano.a(lib_a-sbrkr.o)
                              c:/program files (x86)/atollic/truestudio for stm32 9.0.0/armtools/bin/../lib/gcc/arm-atollic-eabi/6.3.1/../../../../arm-atollic-eabi/lib/armv7e-m/fpu\libc_nano.a(lib_a-nano-mallocr.o) (_sbrk_r)
c:/program files (x86)/atollic/truestudio for stm32 9.0.0/armtools/bin/../lib/gcc/arm-atollic-eabi/6.3.1/../../../../arm-atollic-eabi/lib/armv7e-m/fpu\libc_nano.a(lib_a-strcasecmp.o)
                              Src\main.o (strcasecmp)
c:/program files (x86)/atollic/truestudio for stm32 9.0.0/armtools/bin/../lib/gcc/arm-atollic-eabi/6.3.1/../../../../arm-atollic-eabi/lib/armv7e-m/fpu\libc_nano.a(lib_a-strcmp.o)
                              Middlewares\Third_Party\FreeRTOS-Plus-TCP\FreeRTOS_DNS.o (strcmp)
c:/program files (x86)/atollic/truestudio for stm32 9.0.0/armtools/bin/../lib/gcc/arm-atollic-eabi/6.3.1/../../../../arm-atollic-eabi/lib/armv7e-m/fpu\libc_nano.a(lib_a-strcpy.o)
                              Middlewares\Third_Party\FreeRTOS-Plus-TCP\FreeRTOS_DNS.o (strcpy)
c:/program files (x86)/atollic/truestudio for stm32 9.0.0/armtools/bin/../lib/gcc/arm-atollic-eabi/6.3.1/../../../../arm-atollic-eabi/lib/armv7e-m/fpu\libc_nano.a(lib_a-strlen.o)
                              Middlewares\Third_Party\FreeRTOS-Plus-TCP\FreeRTOS_DNS.o (strlen)
c:/program files (x86)/atollic/truestudio for stm32 9.0.0/armtools/bin/../lib/gcc/arm-atollic-eabi/6.3.1/../../../../arm-atollic-eabi/lib/armv7e-m/fpu\libc_nano.a(lib_a-impure.o)
                              c:/program files (x86)/atollic/truestudio for stm32 9.0.0/armtools/bin/../lib/gcc/arm-atollic-eabi/6.3.1/../../../../arm-atollic-eabi/lib/armv7e-m/fpu\libc_nano.a(lib_a-malloc.o) (_impure_ptr)
c:/program files (x86)/atollic/truestudio for stm32 9.0.0/armtools/bin/../lib/gcc/arm-atollic-eabi/6.3.1/../../../../arm-atollic-eabi/lib/armv7e-m/fpu\libc_nano.a(lib_a-locale.o)
[...]
Memory Configuration

Name             Origin             Length             Attributes
RAM              0x20000000         0x00020000         xrw
CCMRAM           0x10000000         0x00010000         rw
FLASH            0x08000000         0x00100000         xr
*default*        0x00000000         0xffffffff

Linker script and memory map

LOAD c:/program files (x86)/atollic/truestudio for stm32 9.0.0/armtools/bin/../lib/gcc/arm-atollic-eabi/6.3.1/armv7e-m/fpu/crti.o
LOAD c:/program files (x86)/atollic/truestudio for stm32 9.0.0/armtools/bin/../lib/gcc/arm-atollic-eabi/6.3.1/armv7e-m/fpu/crtbegin.o
LOAD Drivers\STM32F4xx_HAL_Driver\Src\stm32f4xx_hal.o
LOAD Drivers\STM32F4xx_HAL_Driver\Src\stm32f4xx_hal_cortex.o
LOAD Drivers\STM32F4xx_HAL_Driver\Src\stm32f4xx_hal_dma.o
LOAD Drivers\STM32F4xx_HAL_Driver\Src\stm32f4xx_hal_dma_ex.o
LOAD Drivers\STM32F4xx_HAL_Driver\Src\stm32f4xx_hal_flash.o
LOAD Drivers\STM32F4xx_HAL_Driver\Src\stm32f4xx_hal_flash_ex.o
LOAD Drivers\STM32F4xx_HAL_Driver\Src\stm32f4xx_hal_flash_ramfunc.o
LOAD Drivers\STM32F4xx_HAL_Driver\Src\stm32f4xx_hal_gpio.o
LOAD Drivers\STM32F4xx_HAL_Driver\Src\stm32f4xx_hal_pcd.o
LOAD Drivers\STM32F4xx_HAL_Driver\Src\stm32f4xx_hal_pcd_ex.o
LOAD Drivers\STM32F4xx_HAL_Driver\Src\stm32f4xx_hal_pwr.o
LOAD Drivers\STM32F4xx_HAL_Driver\Src\stm32f4xx_hal_pwr_ex.o
LOAD Drivers\STM32F4xx_HAL_Driver\Src\stm32f4xx_hal_rcc.o
LOAD Drivers\STM32F4xx_HAL_Driver\Src\stm32f4xx_hal_rcc_ex.o
LOAD Drivers\STM32F4xx_HAL_Driver\Src\stm32f4xx_hal_tim.o
LOAD Drivers\STM32F4xx_HAL_Driver\Src\stm32f4xx_hal_tim_ex.o
LOAD Drivers\STM32F4xx_HAL_Driver\Src\stm32f4xx_ll_usb.o
LOAD Middlewares\ST\STM32_USB_Device_Library\App\Src\usb_device.o
LOAD Middlewares\ST\STM32_USB_Device_Library\App\Src\usbd_conf.o
LOAD Middlewares\ST\STM32_USB_Device_Library\App\Src\usbd_desc.o
LOAD Middlewares\ST\STM32_USB_Device_Library\App\Src\usbd_rndis_if.o
LOAD Middlewares\ST\STM32_USB_Device_Library\Class\Composite\Src\usbd_composite.o
LOAD Middlewares\ST\STM32_USB_Device_Library\Class\RNDIS\Src\usbd_rndis.o
LOAD Middlewares\ST\STM32_USB_Device_Library\Core\Src\usbd_core.o
LOAD Middlewares\ST\STM32_USB_Device_Library\Core\Src\usbd_ctlreq.o
LOAD Middlewares\ST\STM32_USB_Device_Library\Core\Src\usbd_ioreq.o
LOAD Middlewares\Third_Party\FreeRTOS\Source\CMSIS_RTOS\cmsis_os.o
LOAD Middlewares\Third_Party\FreeRTOS\Source\croutine.o
LOAD Middlewares\Third_Party\FreeRTOS\Source\event_groups.o
LOAD Middlewares\Third_Party\FreeRTOS\Source\list.o
LOAD Middlewares\Third_Party\FreeRTOS\Source\portable\GCC\ARM_CM4F\port.o
LOAD Middlewares\Third_Party\FreeRTOS\Source\portable\MemMang\heap_4.o
LOAD Middlewares\Third_Party\FreeRTOS\Source\queue.o
LOAD Middlewares\Third_Party\FreeRTOS\Source\stream_buffer.o
LOAD Middlewares\Third_Party\FreeRTOS\Source\tasks.o
LOAD Middlewares\Third_Party\FreeRTOS\Source\timers.o
LOAD Middlewares\Third_Party\FreeRTOS-Plus-TCP\FreeRTOS_ARP.o
LOAD Middlewares\Third_Party\FreeRTOS-Plus-TCP\FreeRTOS_DHCP.o
LOAD Middlewares\Third_Party\FreeRTOS-Plus-TCP\FreeRTOS_DNS.o
LOAD Middlewares\Third_Party\FreeRTOS-Plus-TCP\FreeRTOS_IP.o
LOAD Middlewares\Third_Party\FreeRTOS-Plus-TCP\FreeRTOS_Sockets.o
LOAD Middlewares\Third_Party\FreeRTOS-Plus-TCP\FreeRTOS_Stream_Buffer.o
LOAD Middlewares\Third_Party\FreeRTOS-Plus-TCP\FreeRTOS_TCP_IP.o
LOAD Middlewares\Third_Party\FreeRTOS-Plus-TCP\FreeRTOS_TCP_WIN.o
LOAD Middlewares\Third_Party\FreeRTOS-Plus-TCP\FreeRTOS_UDP_IP.o
LOAD Middlewares\Third_Party\FreeRTOS-Plus-TCP\portable\BufferManagement\BufferAllocation_2.o
LOAD Src\freertos.o
LOAD Src\main.o
LOAD Src\stm32f4xx_hal_msp.o
LOAD Src\stm32f4xx_it.o
LOAD Src\system_stm32f4xx.o
LOAD startup\startup_stm32f407xx.o
                0x00000080                malloc_getpagesize_P = 0x80
START GROUP
LOAD c:/program files (x86)/atollic/truestudio for stm32 9.0.0/armtools/bin/../lib/gcc/arm-atollic-eabi/6.3.1/../../../../arm-atollic-eabi/lib/armv7e-m/fpu\libc_nano.a
LOAD c:/program files (x86)/atollic/truestudio for stm32 9.0.0/armtools/bin/../lib/gcc/arm-atollic-eabi/6.3.1/../../../../arm-atollic-eabi/lib/armv7e-m/fpu\libm.a
END GROUP
START GROUP
LOAD c:/program files (x86)/atollic/truestudio for stm32 9.0.0/armtools/bin/../lib/gcc/arm-atollic-eabi/6.3.1/armv7e-m/fpu\libgcc.a
LOAD c:/program files (x86)/atollic/truestudio for stm32 9.0.0/armtools/bin/../lib/gcc/arm-atollic-eabi/6.3.1/../../../../arm-atollic-eabi/lib/armv7e-m/fpu\libc_nano.a
END GROUP
START GROUP
LOAD c:/program files (x86)/atollic/truestudio for stm32 9.0.0/armtools/bin/../lib/gcc/arm-atollic-eabi/6.3.1/armv7e-m/fpu\libgcc.a
LOAD c:/program files (x86)/atollic/truestudio for stm32 9.0.0/armtools/bin/../lib/gcc/arm-atollic-eabi/6.3.1/../../../../arm-atollic-eabi/lib/armv7e-m/fpu\libc_nano.a
LOAD c:/program files (x86)/atollic/truestudio for stm32 9.0.0/armtools/bin/../lib/gcc/arm-atollic-eabi/6.3.1/../../../../arm-atollic-eabi/lib/armv7e-m/fpu\libnosys.a
END GROUP
START GROUP
LOAD c:/program files (x86)/atollic/truestudio for stm32 9.0.0/armtools/bin/../lib/gcc/arm-atollic-eabi/6.3.1/armv7e-m/fpu\libgcc.a
LOAD c:/program files (x86)/atollic/truestudio for stm32 9.0.0/armtools/bin/../lib/gcc/arm-atollic-eabi/6.3.1/../../../../arm-atollic-eabi/lib/armv7e-m/fpu\libc_nano.a
LOAD c:/program files (x86)/atollic/truestudio for stm32 9.0.0/armtools/bin/../lib/gcc/arm-atollic-eabi/6.3.1/../../../../arm-atollic-eabi/lib/armv7e-m/fpu\libnosys.a
END GROUP
LOAD c:/program files (x86)/atollic/truestudio for stm32 9.0.0/armtools/bin/../lib/gcc/arm-atollic-eabi/6.3.1/armv7e-m/fpu/crtend.o
LOAD c:/program files (x86)/atollic/truestudio for stm32 9.0.0/armtools/bin/../lib/gcc/arm-atollic-eabi/6.3.1/armv7e-m/fpu/crtn.o
                0x20020000                _estack = 0x20020000
                0x00000200                _Min_Heap_Size = 0x200
                0x00000400                _Min_Stack_Size = 0x400

.isr_vector     0x08000000      0x188
                0x08000000                . = ALIGN (0x4)
 *(.isr_vector)
 .isr_vector    0x08000000      0x188 startup\startup_stm32f407xx.o
                0x08000000                g_pfnVectors
                0x08000188                . = ALIGN (0x4)

.text           0x08000190     0x8a98
                0x08000190                . = ALIGN (0x4)
 *(.text)
 .text          0x08000190       0x40 c:/program files (x86)/atollic/truestudio for stm32 9.0.0/armtools/bin/../lib/gcc/arm-atollic-eabi/6.3.1/armv7e-m/fpu/crtbegin.o
 .text          0x080001d0       0x14 c:/program files (x86)/atollic/truestudio for stm32 9.0.0/armtools/bin/../lib/gcc/arm-atollic-eabi/6.3.1/../../../../arm-atollic-eabi/lib/armv7e-m/fpu\libc_nano.a(lib_a-strcmp.o)
                0x080001d0                strcmp
 .text          0x080001e4       0x10 c:/program files (x86)/atollic/truestudio for stm32 9.0.0/armtools/bin/../lib/gcc/arm-atollic-eabi/6.3.1/../../../../arm-atollic-eabi/lib/armv7e-m/fpu\libc_nano.a(lib_a-strlen.o)
                0x080001e4                strlen
 .text          0x080001f4       0x30 c:/program files (x86)/atollic/truestudio for stm32 9.0.0/armtools/bin/../lib/gcc/arm-atollic-eabi/6.3.1/armv7e-m/fpu\libgcc.a(_aeabi_uldivmod.o)
                0x080001f4                __aeabi_uldivmod
 .text          0x08000224      0x2dc c:/program files (x86)/atollic/truestudio for stm32 9.0.0/armtools/bin/../lib/gcc/arm-atollic-eabi/6.3.1/armv7e-m/fpu\libgcc.a(_udivmoddi4.o)
                0x08000224                __udivmoddi4
 .text          0x08000500        0x4 c:/program files (x86)/atollic/truestudio for stm32 9.0.0/armtools/bin/../lib/gcc/arm-atollic-eabi/6.3.1/armv7e-m/fpu\libgcc.a(_dvmd_tls.o)
                0x08000500                __aeabi_idiv0
                0x08000500                __aeabi_ldiv0
 *(.text*)
 .text.HAL_InitTick
                0x08000504       0x48 Drivers\STM32F4xx_HAL_Driver\Src\stm32f4xx_hal.o
                0x08000504                HAL_InitTick
 .text.HAL_Init
                0x0800054c       0x34 Drivers\STM32F4xx_HAL_Driver\Src\stm32f4xx_hal.o
                0x0800054c                HAL_Init
 .text.HAL_IncTick
                0x08000580       0x18 Drivers\STM32F4xx_HAL_Driver\Src\stm32f4xx_hal.o
                0x08000580                HAL_IncTick
 .text.HAL_GetTick
                0x08000598        0xc Drivers\STM32F4xx_HAL_Driver\Src\stm32f4xx_hal.o
                0x08000598                HAL_GetTick
 .text.HAL_Delay
                0x080005a4       0x28 Drivers\STM32F4xx_HAL_Driver\Src\stm32f4xx_hal.o
                0x080005a4                HAL_Delay
 .text.HAL_NVIC_SetPriorityGrouping
                0x080005cc       0x24 Drivers\STM32F4xx_HAL_Driver\Src\stm32f4xx_hal_cortex.o
                0x080005cc                HAL_NVIC_SetPriorityGrouping
 .text.HAL_NVIC_SetPriority
                0x080005f0       0x68 Drivers\STM32F4xx_HAL_Driver\Src\stm32f4xx_hal_cortex.o
                0x080005f0                HAL_NVIC_SetPriority
 .text.HAL_NVIC_EnableIRQ
                0x08000658       0x18 Drivers\STM32F4xx_HAL_Driver\Src\stm32f4xx_hal_cortex.o
                0x08000658                HAL_NVIC_EnableIRQ
 .text.HAL_SYSTICK_Config
                0x08000670       0x2c Drivers\STM32F4xx_HAL_Driver\Src\stm32f4xx_hal_cortex.o
                0x08000670                HAL_SYSTICK_Config
 .text.HAL_SYSTICK_CLKSourceConfig
                0x0800069c       0x18 Drivers\STM32F4xx_HAL_Driver\Src\stm32f4xx_hal_cortex.o
                0x0800069c                HAL_SYSTICK_CLKSourceConfig
 .text.HAL_GPIO_Init
                0x080006b4      0x1c0 Drivers\STM32F4xx_HAL_Driver\Src\stm32f4xx_hal_gpio.o
                0x080006b4                HAL_GPIO_Init
 .text.HAL_GPIO_WritePin
                0x08000874        0xa Drivers\STM32F4xx_HAL_Driver\Src\stm32f4xx_hal_gpio.o
                0x08000874                HAL_GPIO_WritePin
 .text.HAL_PCD_Init
                0x0800087e       0xd8 Drivers\STM32F4xx_HAL_Driver\Src\stm32f4xx_hal_pcd.o
                0x0800087e                HAL_PCD_Init
 .text.HAL_PCD_Start
                0x08000956       0x2a Drivers\STM32F4xx_HAL_Driver\Src\stm32f4xx_hal_pcd.o
                0x08000956                HAL_PCD_Start
 .text.HAL_PCD_IRQHandler
                0x08000980      0x558 Drivers\STM32F4xx_HAL_Driver\Src\stm32f4xx_hal_pcd.o
                0x08000980                HAL_PCD_IRQHandler
 .text.HAL_PCD_SetAddress
                0x08000ed8       0x24 Drivers\STM32F4xx_HAL_Driver\Src\stm32f4xx_hal_pcd.o
                0x08000ed8                HAL_PCD_SetAddress
 .text.HAL_PCD_EP_Open
                0x08000efc       0x5c Drivers\STM32F4xx_HAL_Driver\Src\stm32f4xx_hal_pcd.o
                0x08000efc                HAL_PCD_EP_Open
 .text.HAL_PCD_EP_Close
                0x08000f58       0x46 Drivers\STM32F4xx_HAL_Driver\Src\stm32f4xx_hal_pcd.o
                0x08000f58                HAL_PCD_EP_Close
 .text.HAL_PCD_EP_Receive
                0x08000f9e       0x48 Drivers\STM32F4xx_HAL_Driver\Src\stm32f4xx_hal_pcd.o
                0x08000f9e                HAL_PCD_EP_Receive
 .text.HAL_PCD_EP_GetRxCount
                0x08000fe6       0x10 Drivers\STM32F4xx_HAL_Driver\Src\stm32f4xx_hal_pcd.o
                0x08000fe6                HAL_PCD_EP_GetRxCount
 .text.HAL_PCD_EP_Transmit
                0x08000ff6       0x40 Drivers\STM32F4xx_HAL_Driver\Src\stm32f4xx_hal_pcd.o
                0x08000ff6                HAL_PCD_EP_Transmit
 .text.HAL_PCD_EP_SetStall
                0x08001036       0x58 Drivers\STM32F4xx_HAL_Driver\Src\stm32f4xx_hal_pcd.o
                0x08001036                HAL_PCD_EP_SetStall
 .text.HAL_PCD_EP_ClrStall
                0x0800108e       0x4a Drivers\STM32F4xx_HAL_Driver\Src\stm32f4xx_hal_pcd.o
                0x0800108e                HAL_PCD_EP_ClrStall
 .text.HAL_PCDEx_SetTxFiFo
                0x080010d8       0x42 Drivers\STM32F4xx_HAL_Driver\Src\stm32f4xx_hal_pcd_ex.o
                0x080010d8                HAL_PCDEx_SetTxFiFo
 .text.HAL_PCDEx_SetRxFiFo
                0x0800111a        0x8 Drivers\STM32F4xx_HAL_Driver\Src\stm32f4xx_hal_pcd_ex.o
                0x0800111a                HAL_PCDEx_SetRxFiFo
 *fill*         0x08001122        0x2 
 .text.HAL_RCC_OscConfig
                0x08001124      0x304 Drivers\STM32F4xx_HAL_Driver\Src\stm32f4xx_hal_rcc.o
                0x08001124                HAL_RCC_OscConfig
 .text.HAL_RCC_GetSysClockFreq
                0x08001428       0x5c Drivers\STM32F4xx_HAL_Driver\Src\stm32f4xx_hal_rcc.o
                0x08001428                HAL_RCC_GetSysClockFreq
 .text.HAL_RCC_ClockConfig
                0x08001484      0x134 Drivers\STM32F4xx_HAL_Driver\Src\stm32f4xx_hal_rcc.o
                0x08001484                HAL_RCC_ClockConfig
 .text.HAL_RCC_GetHCLKFreq
                0x080015b8        0xc Drivers\STM32F4xx_HAL_Driver\Src\stm32f4xx_hal_rcc.o
                0x080015b8                HAL_RCC_GetHCLKFreq
 .text.USB_CoreInit
                0x080015c4       0x74 Drivers\STM32F4xx_HAL_Driver\Src\stm32f4xx_ll_usb.o
                0x080015c4                USB_CoreInit
 .text.USB_EnableGlobalInt
                0x08001638        0xc Drivers\STM32F4xx_HAL_Driver\Src\stm32f4xx_ll_usb.o
                0x08001638                USB_EnableGlobalInt
 .text.USB_DisableGlobalInt
                0x08001644        0xc Drivers\STM32F4xx_HAL_Driver\Src\stm32f4xx_ll_usb.o
                0x08001644                USB_DisableGlobalInt
 .text.USB_SetCurrentMode
                0x08001650       0x2e Drivers\STM32F4xx_HAL_Driver\Src\stm32f4xx_ll_usb.o
                0x08001650                USB_SetCurrentMode
 *fill*         0x0800167e        0x2 
 .text.USB_DevInit
                0x08001680      0x138 Drivers\STM32F4xx_HAL_Driver\Src\stm32f4xx_ll_usb.o
                0x08001680                USB_DevInit
 .text.USB_FlushTxFifo
                0x080017b8       0x24 Drivers\STM32F4xx_HAL_Driver\Src\stm32f4xx_ll_usb.o
                0x080017b8                USB_FlushTxFifo
 .text.USB_FlushRxFifo
                0x080017dc       0x20 Drivers\STM32F4xx_HAL_Driver\Src\stm32f4xx_ll_usb.o
                0x080017dc                USB_FlushRxFifo
 .text.USB_SetDevSpeed
                0x080017fc        0xe Drivers\STM32F4xx_HAL_Driver\Src\stm32f4xx_ll_usb.o
                0x080017fc                USB_SetDevSpeed
 .text.USB_GetDevSpeed
                0x0800180a       0x36 Drivers\STM32F4xx_HAL_Driver\Src\stm32f4xx_ll_usb.o
                0x0800180a                USB_GetDevSpeed
 .text.USB_ActivateEndpoint
                0x08001840       0x7e Drivers\STM32F4xx_HAL_Driver\Src\stm32f4xx_ll_usb.o
                0x08001840                USB_ActivateEndpoint
 .text.USB_DeactivateEndpoint
                0x080018be        0x4 Drivers\STM32F4xx_HAL_Driver\Src\stm32f4xx_ll_usb.o
                0x080018be                USB_DeactivateEndpoint
 *fill*         0x080018c2        0x2 
 .text.USB_DeactivateDedicatedEndpoint
                0x080018c4       0xb0 Drivers\STM32F4xx_HAL_Driver\Src\stm32f4xx_ll_usb.o
                0x080018c4                USB_DeactivateDedicatedEndpoint
 .text.USB_EPStartXfer
                0x08001974      0x18c Drivers\STM32F4xx_HAL_Driver\Src\stm32f4xx_ll_usb.o
                0x08001974                USB_EPStartXfer
 .text.USB_EP0StartXfer
                0x08001b00       0xda Drivers\STM32F4xx_HAL_Driver\Src\stm32f4xx_ll_usb.o
                0x08001b00                USB_EP0StartXfer
 .text.USB_WritePacket
                0x08001bda       0x28 Drivers\STM32F4xx_HAL_Driver\Src\stm32f4xx_ll_usb.o
                0x08001bda                USB_WritePacket
 .text.USB_ReadPacket
                0x08001c02       0x1c Drivers\STM32F4xx_HAL_Driver\Src\stm32f4xx_ll_usb.o
                0x08001c02                USB_ReadPacket
 .text.USB_EPSetStall
                0x08001c1e       0x3e Drivers\STM32F4xx_HAL_Driver\Src\stm32f4xx_ll_usb.o
                0x08001c1e                USB_EPSetStall
 .text.USB_EPClearStall
                0x08001c5c       0x32 Drivers\STM32F4xx_HAL_Driver\Src\stm32f4xx_ll_usb.o
                0x08001c5c                USB_EPClearStall
 .text.USB_SetDevAddress
                0x08001c8e       0x20 Drivers\STM32F4xx_HAL_Driver\Src\stm32f4xx_ll_usb.o
                0x08001c8e                USB_SetDevAddress
 .text.USB_DevConnect
                0x08001cae       0x18 Drivers\STM32F4xx_HAL_Driver\Src\stm32f4xx_ll_usb.o
                0x08001cae                USB_DevConnect
 .text.USB_DevDisconnect
                0x08001cc6       0x18 Drivers\STM32F4xx_HAL_Driver\Src\stm32f4xx_ll_usb.o
                0x08001cc6                USB_DevDisconnect
 .text.USB_ReadInterrupts
                0x08001cde        0x8 Drivers\STM32F4xx_HAL_Driver\Src\stm32f4xx_ll_usb.o
                0x08001cde                USB_ReadInterrupts
 .text.USB_ReadDevAllOutEpInterrupt
                0x08001ce6       0x10 Drivers\STM32F4xx_HAL_Driver\Src\stm32f4xx_ll_usb.o
                0x08001ce6                USB_ReadDevAllOutEpInterrupt
 .text.USB_ReadDevAllInEpInterrupt
                0x08001cf6       0x10 Drivers\STM32F4xx_HAL_Driver\Src\stm32f4xx_ll_usb.o
                0x08001cf6                USB_ReadDevAllInEpInterrupt
 .text.USB_ReadDevOutEPInterrupt
                0x08001d06       0x14 Drivers\STM32F4xx_HAL_Driver\Src\stm32f4xx_ll_usb.o
                0x08001d06                USB_ReadDevOutEPInterrupt
 .text.USB_ReadDevInEPInterrupt
                0x08001d1a       0x20 Drivers\STM32F4xx_HAL_Driver\Src\stm32f4xx_ll_usb.o
                0x08001d1a                USB_ReadDevInEPInterrupt
 .text.USB_GetMode
                0x08001d3a        0x8 Drivers\STM32F4xx_HAL_Driver\Src\stm32f4xx_ll_usb.o
                0x08001d3a                USB_GetMode
 .text.USB_ActivateSetup
                0x08001d42       0x36 Drivers\STM32F4xx_HAL_Driver\Src\stm32f4xx_ll_usb.o
                0x08001d42                USB_ActivateSetup
 .text.USB_EP0_OutStart
                0x08001d78       0x46 Drivers\STM32F4xx_HAL_Driver\Src\stm32f4xx_ll_usb.o
                0x08001d78                USB_EP0_OutStart
 *fill*         0x08001dbe        0x2 
 .text.USB_CoreReset
                0x08001dc0       0x30 Drivers\STM32F4xx_HAL_Driver\Src\stm32f4xx_ll_usb.o
 .text.MX_USB_DEVICE_Init
                0x08001df0       0x44 Middlewares\ST\STM32_USB_Device_Library\App\Src\usb_device.o
                0x08001df0                MX_USB_DEVICE_Init
 .text.HAL_PCD_MspInit
                0x08001e34       0x74 Middlewares\ST\STM32_USB_Device_Library\App\Src\usbd_conf.o
                0x08001e34                HAL_PCD_MspInit
 .text.HAL_PCD_SetupStageCallback
                0x08001ea8        0xc Middlewares\ST\STM32_USB_Device_Library\App\Src\usbd_conf.o
                0x08001ea8                HAL_PCD_SetupStageCallback
 .text.HAL_PCD_DataOutStageCallback
                0x08001eb4       0x12 Middlewares\ST\STM32_USB_Device_Library\App\Src\usbd_conf.o
                0x08001eb4                HAL_PCD_DataOutStageCallback
 .text.HAL_PCD_DataInStageCallback
                0x08001ec6       0x10 Middlewares\ST\STM32_USB_Device_Library\App\Src\usbd_conf.o
                0x08001ec6                HAL_PCD_DataInStageCallback
 .text.HAL_PCD_SOFCallback
                0x08001ed6        0x8 Middlewares\ST\STM32_USB_Device_Library\App\Src\usbd_conf.o
                0x08001ed6                HAL_PCD_SOFCallback
 .text.HAL_PCD_ResetCallback
                0x08001ede       0x20 Middlewares\ST\STM32_USB_Device_Library\App\Src\usbd_conf.o
                0x08001ede                HAL_PCD_ResetCallback
 *fill*         0x08001efe        0x2 
 .text.HAL_PCD_SuspendCallback
                0x08001f00       0x30 Middlewares\ST\STM32_USB_Device_Library\App\Src\usbd_conf.o
                0x08001f00                HAL_PCD_SuspendCallback
 .text.HAL_PCD_ResumeCallback
                0x08001f30        0x8 Middlewares\ST\STM32_USB_Device_Library\App\Src\usbd_conf.o
                0x08001f30                HAL_PCD_ResumeCallback
 .text.HAL_PCD_ISOOUTIncompleteCallback
                0x08001f38        0x8 Middlewares\ST\STM32_USB_Device_Library\App\Src\usbd_conf.o
                0x08001f38                HAL_PCD_ISOOUTIncompleteCallback
 .text.HAL_PCD_ISOINIncompleteCallback
                0x08001f40        0x8 Middlewares\ST\STM32_USB_Device_Library\App\Src\usbd_conf.o
                0x08001f40                HAL_PCD_ISOINIncompleteCallback
 .text.HAL_PCD_ConnectCallback
                0x08001f48        0x8 Middlewares\ST\STM32_USB_Device_Library\App\Src\usbd_conf.o
                0x08001f48                HAL_PCD_ConnectCallback
 .text.HAL_PCD_DisconnectCallback
                0x08001f50        0x8 Middlewares\ST\STM32_USB_Device_Library\App\Src\usbd_conf.o
                0x08001f50                HAL_PCD_DisconnectCallback
 .text.USBD_LL_Init
                0x08001f58       0x80 Middlewares\ST\STM32_USB_Device_Library\App\Src\usbd_conf.o
                0x08001f58                USBD_LL_Init
 .text.USBD_LL_Start
                0x08001fd8       0x1c Middlewares\ST\STM32_USB_Device_Library\App\Src\usbd_conf.o
                0x08001fd8                USBD_LL_Start
 .text.USBD_LL_OpenEP
                0x08001ff4       0x2c Middlewares\ST\STM32_USB_Device_Library\App\Src\usbd_conf.o
                0x08001ff4                USBD_LL_OpenEP
 .text.USBD_LL_CloseEP
                0x08002020       0x24 Middlewares\ST\STM32_USB_Device_Library\App\Src\usbd_conf.o
                0x08002020                USBD_LL_CloseEP
 .text.USBD_LL_StallEP
                0x08002044       0x1c Middlewares\ST\STM32_USB_Device_Library\App\Src\usbd_conf.o
                0x08002044                USBD_LL_StallEP
 .text.USBD_LL_ClearStallEP
                0x08002060       0x1c Middlewares\ST\STM32_USB_Device_Library\App\Src\usbd_conf.o
                0x08002060                USBD_LL_ClearStallEP
 .text.USBD_LL_IsStallEP
                0x0800207c       0x26 Middlewares\ST\STM32_USB_Device_Library\App\Src\usbd_conf.o
                0x0800207c                USBD_LL_IsStallEP
 *fill*         0x080020a2        0x2 
 .text.USBD_LL_SetUSBAddress
                0x080020a4       0x1c Middlewares\ST\STM32_USB_Device_Library\App\Src\usbd_conf.o
                0x080020a4                USBD_LL_SetUSBAddress
 .text.USBD_LL_Transmit
                0x080020c0       0x2c Middlewares\ST\STM32_USB_Device_Library\App\Src\usbd_conf.o
                0x080020c0                USBD_LL_Transmit
 .text.USBD_LL_PrepareReceive
                0x080020ec       0x2c Middlewares\ST\STM32_USB_Device_Library\App\Src\usbd_conf.o
                0x080020ec                USBD_LL_PrepareReceive
 .text.USBD_LL_GetRxDataSize
                0x08002118       0x14 Middlewares\ST\STM32_USB_Device_Library\App\Src\usbd_conf.o
                0x08002118                USBD_LL_GetRxDataSize
 .text.OTG_FS_IRQHandler
                0x0800212c        0xc Middlewares\ST\STM32_USB_Device_Library\App\Src\usbd_conf.o
                0x0800212c                OTG_FS_IRQHandler
 .text.USBD_FS_DeviceDescriptor
                0x08002138        0xc Middlewares\ST\STM32_USB_Device_Library\App\Src\usbd_desc.o
                0x08002138                USBD_FS_DeviceDescriptor
 .text.USBD_FS_LangIDStrDescriptor
                0x08002144        0xc Middlewares\ST\STM32_USB_Device_Library\App\Src\usbd_desc.o
                0x08002144                USBD_FS_LangIDStrDescriptor
 .text.USBD_FS_ManufacturerStrDescriptor
                0x08002150       0x1c Middlewares\ST\STM32_USB_Device_Library\App\Src\usbd_desc.o
                0x08002150                USBD_FS_ManufacturerStrDescriptor
 .text.USBD_FS_ProductStrDescriptor
                0x0800216c       0x1c Middlewares\ST\STM32_USB_Device_Library\App\Src\usbd_desc.o
                0x0800216c                USBD_FS_ProductStrDescriptor
 .text.USBD_FS_SerialStrDescriptor
                0x08002188       0x1c Middlewares\ST\STM32_USB_Device_Library\App\Src\usbd_desc.o
                0x08002188                USBD_FS_SerialStrDescriptor
 .text.USBD_FS_ConfigStrDescriptor
                0x080021a4       0x1c Middlewares\ST\STM32_USB_Device_Library\App\Src\usbd_desc.o
                0x080021a4                USBD_FS_ConfigStrDescriptor
 .text.USBD_FS_InterfaceStrDescriptor
                0x080021c0       0x1c Middlewares\ST\STM32_USB_Device_Library\App\Src\usbd_desc.o
                0x080021c0                USBD_FS_InterfaceStrDescriptor
 .text.prvEMACHandlerTask
                0x080021dc       0x80 Middlewares\ST\STM32_USB_Device_Library\App\Src\usbd_rndis_if.o
 .text.RNDIS_Receive_FS
                0x0800225c       0x98 Middlewares\ST\STM32_USB_Device_Library\App\Src\usbd_rndis_if.o
 .text.RNDIS_Disconnect
                0x080022f4       0x28 Middlewares\ST\STM32_USB_Device_Library\App\Src\usbd_rndis_if.o
                0x080022f4                RNDIS_Disconnect
 .text.RNDIS_Control_FS
                0x0800231c      0x2d4 Middlewares\ST\STM32_USB_Device_Library\App\Src\usbd_rndis_if.o
 .text.RNDIS_DeInit_FS
                0x080025f0        0xa Middlewares\ST\STM32_USB_Device_Library\App\Src\usbd_rndis_if.o
 *fill*         0x080025fa        0x2 
 .text.RNDIS_Init_FS
                0x080025fc       0x2c Middlewares\ST\STM32_USB_Device_Library\App\Src\usbd_rndis_if.o
 .text.RNDIS_Transmit_FS
                0x08002628       0x80 Middlewares\ST\STM32_USB_Device_Library\App\Src\usbd_rndis_if.o
                0x08002628                RNDIS_Transmit_FS
 .text.xNetworkInterfaceInitialise
                0x080026a8       0x3c Middlewares\ST\STM32_USB_Device_Library\App\Src\usbd_rndis_if.o
                0x080026a8                xNetworkInterfaceInitialise
 .text.xNetworkInterfaceOutput
                0x080026e4       0x2c Middlewares\ST\STM32_USB_Device_Library\App\Src\usbd_rndis_if.o
                0x080026e4                xNetworkInterfaceOutput
 .text.USBD_COMPOSITE_Init
                0x08002710       0x60 Middlewares\ST\STM32_USB_Device_Library\Class\Composite\Src\usbd_composite.o
 .text.USBD_COMPOSITE_DeInit
                0x08002770       0x60 Middlewares\ST\STM32_USB_Device_Library\Class\Composite\Src\usbd_composite.o
 .text.USBD_COMPOSITE_Setup
                0x080027d0       0xf4 Middlewares\ST\STM32_USB_Device_Library\Class\Composite\Src\usbd_composite.o
 .text.USBD_COMPOSITE_DataIn
                0x080028c4       0x78 Middlewares\ST\STM32_USB_Device_Library\Class\Composite\Src\usbd_composite.o
 .text.USBD_COMPOSITE_DataOut
                0x0800293c       0x7c Middlewares\ST\STM32_USB_Device_Library\Class\Composite\Src\usbd_composite.o
 .text.USBD_COMPOSITE_EP0_RxReady
                0x080029b8       0x60 Middlewares\ST\STM32_USB_Device_Library\Class\Composite\Src\usbd_composite.o
 .text.USBD_COMPOSITE_EP0_TxReady
                0x08002a18       0x60 Middlewares\ST\STM32_USB_Device_Library\Class\Composite\Src\usbd_composite.o
 .text.USBD_COMPOSITE_SOF
                0x08002a78       0x60 Middlewares\ST\STM32_USB_Device_Library\Class\Composite\Src\usbd_composite.o
 .text.USBD_COMPOSITE_IsoINIncomplete
                0x08002ad8       0x78 Middlewares\ST\STM32_USB_Device_Library\Class\Composite\Src\usbd_composite.o
 .text.USBD_COMPOSITE_IsoOutIncomplete
                0x08002b50       0x7c Middlewares\ST\STM32_USB_Device_Library\Class\Composite\Src\usbd_composite.o
 .text.USBD_COMPOSITE_GetOtherSpeedCfgDesc
                0x08002bcc       0x14 Middlewares\ST\STM32_USB_Device_Library\Class\Composite\Src\usbd_composite.o
 .text.USBD_COMPOSITE_GetDeviceQualifierDescriptor
                0x08002be0        0xc Middlewares\ST\STM32_USB_Device_Library\Class\Composite\Src\usbd_composite.o
                0x08002be0                USBD_COMPOSITE_GetDeviceQualifierDescriptor
 .text.USBD_COMPOSITE_GetHSCfgDesc
                0x08002bec       0x14 Middlewares\ST\STM32_USB_Device_Library\Class\Composite\Src\usbd_composite.o
 .text.USBD_COMPOSITE_GetFSCfgDesc
                0x08002c00       0x14 Middlewares\ST\STM32_USB_Device_Library\Class\Composite\Src\usbd_composite.o
 .text.USBD_COMPOSITE_RegisterClass
                0x08002c14      0x1f8 Middlewares\ST\STM32_USB_Device_Library\Class\Composite\Src\usbd_composite.o
                0x08002c14                USBD_COMPOSITE_RegisterClass
 .text.USBD_COMPOSITE_LL_EP_Conversion
                0x08002e0c       0xa4 Middlewares\ST\STM32_USB_Device_Library\Class\Composite\Src\usbd_composite.o
                0x08002e0c                USBD_COMPOSITE_LL_EP_Conversion
 .text.USBD_RNDIS_DataIn
                0x08002eb0       0x12 Middlewares\ST\STM32_USB_Device_Library\Class\RNDIS\Src\usbd_rndis.o
 .text.USBD_RNDIS_EP0_RxReady
                0x08002ec2       0x28 Middlewares\ST\STM32_USB_Device_Library\Class\RNDIS\Src\usbd_rndis.o
 *fill*         0x08002eea        0x2 
 .text.USBD_RNDIS_GetFSCfgDesc
                0x08002eec        0xc Middlewares\ST\STM32_USB_Device_Library\Class\RNDIS\Src\usbd_rndis.o
 .text.USBD_RNDIS_GetHSCfgDesc
                0x08002ef8        0xc Middlewares\ST\STM32_USB_Device_Library\Class\RNDIS\Src\usbd_rndis.o
 .text.USBD_RNDIS_GetOtherSpeedCfgDesc
                0x08002f04        0xc Middlewares\ST\STM32_USB_Device_Library\Class\RNDIS\Src\usbd_rndis.o
 .text.USBD_RNDIS_GetDeviceQualifierDescriptor
                0x08002f10        0xc Middlewares\ST\STM32_USB_Device_Library\Class\RNDIS\Src\usbd_rndis.o
                0x08002f10                USBD_RNDIS_GetDeviceQualifierDescriptor
 .text.USBD_RNDIS_DataOut
                0x08002f1c       0x2e Middlewares\ST\STM32_USB_Device_Library\Class\RNDIS\Src\usbd_rndis.o
 *fill*         0x08002f4a        0x2 
 .text.USBD_RNDIS_Setup
                0x08002f4c       0x50 Middlewares\ST\STM32_USB_Device_Library\Class\RNDIS\Src\usbd_rndis.o
 .text.USBD_RNDIS_DeInit
                0x08002f9c       0x3a Middlewares\ST\STM32_USB_Device_Library\Class\RNDIS\Src\usbd_rndis.o
 .text.USBD_RNDIS_Init
                0x08002fd6       0x8c Middlewares\ST\STM32_USB_Device_Library\Class\RNDIS\Src\usbd_rndis.o
 .text.USBD_RNDIS_RegisterInterface
                0x08003062        0xe Middlewares\ST\STM32_USB_Device_Library\Class\RNDIS\Src\usbd_rndis.o
                0x08003062                USBD_RNDIS_RegisterInterface
 .text.USBD_RNDIS_SetTxBuffer
                0x08003070       0x10 Middlewares\ST\STM32_USB_Device_Library\Class\RNDIS\Src\usbd_rndis.o
                0x08003070                USBD_RNDIS_SetTxBuffer
 .text.USBD_RNDIS_SetRxBuffer
                0x08003080        0xc Middlewares\ST\STM32_USB_Device_Library\Class\RNDIS\Src\usbd_rndis.o
                0x08003080                USBD_RNDIS_SetRxBuffer
 .text.USBD_RNDIS_TransmitPacket
                0x0800308c       0x2e Middlewares\ST\STM32_USB_Device_Library\Class\RNDIS\Src\usbd_rndis.o
                0x0800308c                USBD_RNDIS_TransmitPacket
 .text.USBD_RNDIS_ReceivePacket
                0x080030ba       0x26 Middlewares\ST\STM32_USB_Device_Library\Class\RNDIS\Src\usbd_rndis.o
                0x080030ba                USBD_RNDIS_ReceivePacket
 .text.USBD_RNDIS_TransmitControl
                0x080030e0       0x10 Middlewares\ST\STM32_USB_Device_Library\Class\RNDIS\Src\usbd_rndis.o
                0x080030e0                USBD_RNDIS_TransmitControl
 .text.USBD_Init
                0x080030f0       0x2a Middlewares\ST\STM32_USB_Device_Library\Core\Src\usbd_core.o
                0x080030f0                USBD_Init
 .text.USBD_RegisterClass
                0x0800311a        0xe Middlewares\ST\STM32_USB_Device_Library\Core\Src\usbd_core.o
                0x0800311a                USBD_RegisterClass
 .text.USBD_Start
                0x08003128        0xa Middlewares\ST\STM32_USB_Device_Library\Core\Src\usbd_core.o
                0x08003128                USBD_Start
 .text.USBD_SetClassConfig
                0x08003132       0x16 Middlewares\ST\STM32_USB_Device_Library\Core\Src\usbd_core.o
                0x08003132                USBD_SetClassConfig
 .text.USBD_ClrClassConfig
                0x08003148        0xe Middlewares\ST\STM32_USB_Device_Library\Core\Src\usbd_core.o
                0x08003148                USBD_ClrClassConfig
 .text.USBD_LL_SetupStage
                0x08003156       0x5a Middlewares\ST\STM32_USB_Device_Library\Core\Src\usbd_core.o
                0x08003156                USBD_LL_SetupStage
 .text.USBD_LL_DataOutStage
                0x080031b0       0x64 Middlewares\ST\STM32_USB_Device_Library\Core\Src\usbd_core.o
                0x080031b0                USBD_LL_DataOutStage
 .text.USBD_LL_DataInStage
                0x08003214       0x9e Middlewares\ST\STM32_USB_Device_Library\Core\Src\usbd_core.o
                0x08003214                USBD_LL_DataInStage
 .text.USBD_LL_Reset
                0x080032b2       0x3e Middlewares\ST\STM32_USB_Device_Library\Core\Src\usbd_core.o
                0x080032b2                USBD_LL_Reset
 .text.USBD_LL_SetSpeed
                0x080032f0        0x6 Middlewares\ST\STM32_USB_Device_Library\Core\Src\usbd_core.o
                0x080032f0                USBD_LL_SetSpeed
 .text.USBD_LL_Suspend
                0x080032f6       0x12 Middlewares\ST\STM32_USB_Device_Library\Core\Src\usbd_core.o
                0x080032f6                USBD_LL_Suspend
 .text.USBD_LL_Resume
                0x08003308        0xc Middlewares\ST\STM32_USB_Device_Library\Core\Src\usbd_core.o
                0x08003308                USBD_LL_Resume
 .text.USBD_LL_SOF
                0x08003314       0x18 Middlewares\ST\STM32_USB_Device_Library\Core\Src\usbd_core.o
                0x08003314                USBD_LL_SOF
 .text.USBD_LL_IsoINIncomplete
                0x0800332c        0x4 Middlewares\ST\STM32_USB_Device_Library\Core\Src\usbd_core.o
                0x0800332c                USBD_LL_IsoINIncomplete
 .text.USBD_LL_IsoOUTIncomplete
                0x08003330        0x4 Middlewares\ST\STM32_USB_Device_Library\Core\Src\usbd_core.o
                0x08003330                USBD_LL_IsoOUTIncomplete
 .text.USBD_LL_DevConnected
                0x08003334        0x4 Middlewares\ST\STM32_USB_Device_Library\Core\Src\usbd_core.o
                0x08003334                USBD_LL_DevConnected
 .text.USBD_LL_DevDisconnected
                0x08003338       0x16 Middlewares\ST\STM32_USB_Device_Library\Core\Src\usbd_core.o
                0x08003338                USBD_LL_DevDisconnected
 .text.USBD_CtlError.constprop.0
                0x0800334e       0x16 Middlewares\ST\STM32_USB_Device_Library\Core\Src\usbd_ctlreq.o
 .text.USBD_StdDevReq
                0x08003364      0x1f4 Middlewares\ST\STM32_USB_Device_Library\Core\Src\usbd_ctlreq.o
                0x08003364                USBD_StdDevReq
 .text.USBD_StdItfReq
                0x08003558       0x30 Middlewares\ST\STM32_USB_Device_Library\Core\Src\usbd_ctlreq.o
                0x08003558                USBD_StdItfReq
 .text.USBD_StdEPReq
                0x08003588       0xc6 Middlewares\ST\STM32_USB_Device_Library\Core\Src\usbd_ctlreq.o
                0x08003588                USBD_StdEPReq
 .text.USBD_ParseSetupRequest
                0x0800364e       0x28 Middlewares\ST\STM32_USB_Device_Library\Core\Src\usbd_ctlreq.o
                0x0800364e                USBD_ParseSetupRequest
 .text.USBD_GetString
                0x08003676       0x38 Middlewares\ST\STM32_USB_Device_Library\Core\Src\usbd_ctlreq.o
                0x08003676                USBD_GetString
 .text.USBD_CtlSendData
                0x080036ae       0x1a Middlewares\ST\STM32_USB_Device_Library\Core\Src\usbd_ioreq.o
                0x080036ae                USBD_CtlSendData
 .text.USBD_CtlContinueSendData
                0x080036c8       0x10 Middlewares\ST\STM32_USB_Device_Library\Core\Src\usbd_ioreq.o
                0x080036c8                USBD_CtlContinueSendData
 .text.USBD_CtlPrepareRx
                0x080036d8       0x1e Middlewares\ST\STM32_USB_Device_Library\Core\Src\usbd_ioreq.o
                0x080036d8                USBD_CtlPrepareRx
 .text.USBD_CtlContinueRx
                0x080036f6       0x10 Middlewares\ST\STM32_USB_Device_Library\Core\Src\usbd_ioreq.o
                0x080036f6                USBD_CtlContinueRx
 .text.USBD_CtlSendStatus
                0x08003706       0x16 Middlewares\ST\STM32_USB_Device_Library\Core\Src\usbd_ioreq.o
                0x08003706                USBD_CtlSendStatus
 .text.USBD_CtlReceiveStatus
                0x0800371c       0x16 Middlewares\ST\STM32_USB_Device_Library\Core\Src\usbd_ioreq.o
                0x0800371c                USBD_CtlReceiveStatus
 .text.osKernelStart
                0x08003732        0xa Middlewares\Third_Party\FreeRTOS\Source\CMSIS_RTOS\cmsis_os.o
                0x08003732                osKernelStart
 .text.osThreadCreate
                0x0800373c       0x30 Middlewares\Third_Party\FreeRTOS\Source\CMSIS_RTOS\cmsis_os.o
                0x0800373c                osThreadCreate
 .text.osDelay  0x0800376c       0x10 Middlewares\Third_Party\FreeRTOS\Source\CMSIS_RTOS\cmsis_os.o
                0x0800376c                osDelay
 .text.osSystickHandler
                0x0800377c       0x14 Middlewares\Third_Party\FreeRTOS\Source\CMSIS_RTOS\cmsis_os.o
                0x0800377c                osSystickHandler
 .text.xEventGroupCreate
                0x08003790       0x1a Middlewares\Third_Party\FreeRTOS\Source\event_groups.o
                0x08003790                xEventGroupCreate
 .text.xEventGroupClearBits
                0x080037aa       0x46 Middlewares\Third_Party\FreeRTOS\Source\event_groups.o
                0x080037aa                xEventGroupClearBits
 .text.xEventGroupSetBits
                0x080037f0       0x82 Middlewares\Third_Party\FreeRTOS\Source\event_groups.o
                0x080037f0                xEventGroupSetBits
 .text.vEventGroupDelete
                0x08003872       0x40 Middlewares\Third_Party\FreeRTOS\Source\event_groups.o
                0x08003872                vEventGroupDelete
 .text.vListInitialise
                0x080038b2       0x16 Middlewares\Third_Party\FreeRTOS\Source\list.o
                0x080038b2                vListInitialise
 .text.vListInitialiseItem
                0x080038c8        0x6 Middlewares\Third_Party\FreeRTOS\Source\list.o
                0x080038c8                vListInitialiseItem
 .text.vListInsertEnd
                0x080038ce       0x18 Middlewares\Third_Party\FreeRTOS\Source\list.o
                0x080038ce                vListInsertEnd
 .text.vListInsert
                0x080038e6       0x2e Middlewares\Third_Party\FreeRTOS\Source\list.o
                0x080038e6                vListInsert
 .text.uxListRemove
                0x08003914       0x22 Middlewares\Third_Party\FreeRTOS\Source\list.o
                0x08003914                uxListRemove
 *fill*         0x08003936        0x2 
 .text.prvTaskExitError
                0x08003938       0x40 Middlewares\Third_Party\FreeRTOS\Source\portable\GCC\ARM_CM4F\port.o
 .text.unlikely.prvPortStartFirstTask
                0x08003978       0x28 Middlewares\Third_Party\FreeRTOS\Source\portable\GCC\ARM_CM4F\port.o
 .text.unlikely.vPortEnableVFP
                0x080039a0       0x14 Middlewares\Third_Party\FreeRTOS\Source\portable\GCC\ARM_CM4F\port.o
 .text.pxPortInitialiseStack
                0x080039b4       0x2c Middlewares\Third_Party\FreeRTOS\Source\portable\GCC\ARM_CM4F\port.o
                0x080039b4                pxPortInitialiseStack
 .text.SVC_Handler
                0x080039e0       0x24 Middlewares\Third_Party\FreeRTOS\Source\portable\GCC\ARM_CM4F\port.o
                0x080039e0                SVC_Handler
 .text.vPortEnterCritical
                0x08003a04       0x44 Middlewares\Third_Party\FreeRTOS\Source\portable\GCC\ARM_CM4F\port.o
                0x08003a04                vPortEnterCritical
 .text.vPortExitCritical
                0x08003a48       0x28 Middlewares\Third_Party\FreeRTOS\Source\portable\GCC\ARM_CM4F\port.o
                0x08003a48                vPortExitCritical
 .text.PendSV_Handler
                0x08003a70       0x64 Middlewares\Third_Party\FreeRTOS\Source\portable\GCC\ARM_CM4F\port.o
                0x08003a70                PendSV_Handler
 .text.xPortSysTickHandler
                0x08003ad4       0x2c Middlewares\Third_Party\FreeRTOS\Source\portable\GCC\ARM_CM4F\port.o
                0x08003ad4                xPortSysTickHandler
 .text.vPortSetupTimerInterrupt
                0x08003b00       0x34 Middlewares\Third_Party\FreeRTOS\Source\portable\GCC\ARM_CM4F\port.o
                0x08003b00                vPortSetupTimerInterrupt
 .text.xPortStartScheduler
                0x08003b34      0x10c Middlewares\Third_Party\FreeRTOS\Source\portable\GCC\ARM_CM4F\port.o
                0x08003b34                xPortStartScheduler
 .text.vPortValidateInterruptPriority
                0x08003c40       0x5c Middlewares\Third_Party\FreeRTOS\Source\portable\GCC\ARM_CM4F\port.o
                0x08003c40                vPortValidateInterruptPriority
 .text.unlikely.prvInsertBlockIntoFreeList
                0x08003c9c       0x48 Middlewares\Third_Party\FreeRTOS\Source\portable\MemMang\heap_4.o
 .text.pvPortMalloc
                0x08003ce4      0x124 Middlewares\Third_Party\FreeRTOS\Source\portable\MemMang\heap_4.o
                0x08003ce4                pvPortMalloc
 .text.vPortFree
                0x08003e08       0x70 Middlewares\Third_Party\FreeRTOS\Source\portable\MemMang\heap_4.o
                0x08003e08                vPortFree
 .text.prvIsQueueEmpty
                0x08003e78       0x16 Middlewares\Third_Party\FreeRTOS\Source\queue.o
 .text.unlikely.prvCopyDataToQueue
                0x08003e8e       0x66 Middlewares\Third_Party\FreeRTOS\Source\queue.o
 .text.unlikely.prvCopyDataFromQueue
                0x08003ef4       0x2a Middlewares\Third_Party\FreeRTOS\Source\queue.o
 .text.prvUnlockQueue
                0x08003f1e       0x70 Middlewares\Third_Party\FreeRTOS\Source\queue.o
 *fill*         0x08003f8e        0x2 
 .text.xQueueGenericReset
                0x08003f90       0x80 Middlewares\Third_Party\FreeRTOS\Source\queue.o
                0x08003f90                xQueueGenericReset
 .text.xQueueGenericCreate
                0x08004010       0x42 Middlewares\Third_Party\FreeRTOS\Source\queue.o
                0x08004010                xQueueGenericCreate
 .text.xQueueCreateCountingSemaphore
                0x08004052       0x3c Middlewares\Third_Party\FreeRTOS\Source\queue.o
                0x08004052                xQueueCreateCountingSemaphore
 *fill*         0x0800408e        0x2 
 .text.xQueueGenericSend
                0x08004090      0x16c Middlewares\Third_Party\FreeRTOS\Source\queue.o
                0x08004090                xQueueGenericSend
 .text.xQueueGenericSendFromISR
                0x080041fc       0xc4 Middlewares\Third_Party\FreeRTOS\Source\queue.o
                0x080041fc                xQueueGenericSendFromISR
 .text.xQueueReceive
                0x080042c0      0x148 Middlewares\Third_Party\FreeRTOS\Source\queue.o
                0x080042c0                xQueueReceive
 .text.xQueueSemaphoreTake
                0x08004408      0x180 Middlewares\Third_Party\FreeRTOS\Source\queue.o
                0x08004408                xQueueSemaphoreTake
 .text.uxQueueMessagesWaiting
                0x08004588       0x26 Middlewares\Third_Party\FreeRTOS\Source\queue.o
                0x08004588                uxQueueMessagesWaiting
 *fill*         0x080045ae        0x2 
 .text.vQueueAddToRegistry
                0x080045b0       0x24 Middlewares\Third_Party\FreeRTOS\Source\queue.o
                0x080045b0                vQueueAddToRegistry
 .text.vQueueUnregisterQueue
                0x080045d4       0x28 Middlewares\Third_Party\FreeRTOS\Source\queue.o
                0x080045d4                vQueueUnregisterQueue
 .text.vQueueDelete
                0x080045fc       0x26 Middlewares\Third_Party\FreeRTOS\Source\queue.o
                0x080045fc                vQueueDelete
 *fill*         0x08004622        0x2 
 .text.prvResetNextTaskUnblockTime
                0x08004624       0x24 Middlewares\Third_Party\FreeRTOS\Source\tasks.o
 .text.prvAddCurrentTaskToDelayedList
                0x08004648       0x8c Middlewares\Third_Party\FreeRTOS\Source\tasks.o
 .text.prvIdleTask
                0x080046d4       0x6c Middlewares\Third_Party\FreeRTOS\Source\tasks.o
 .text.xTaskCreate
                0x08004740      0x1b8 Middlewares\Third_Party\FreeRTOS\Source\tasks.o
                0x08004740                xTaskCreate
 .text.vTaskStartScheduler
                0x080048f8       0x78 Middlewares\Third_Party\FreeRTOS\Source\tasks.o
                0x080048f8                vTaskStartScheduler
 .text.vTaskSuspendAll
                0x08004970       0x10 Middlewares\Third_Party\FreeRTOS\Source\tasks.o
                0x08004970                vTaskSuspendAll
 .text.xTaskGetTickCount
                0x08004980        0xc Middlewares\Third_Party\FreeRTOS\Source\tasks.o
                0x08004980                xTaskGetTickCount
 .text.xTaskIncrementTick
                0x0800498c      0x124 Middlewares\Third_Party\FreeRTOS\Source\tasks.o
                0x0800498c                xTaskIncrementTick
 .text.xTaskResumeAll
                0x08004ab0       0xf0 Middlewares\Third_Party\FreeRTOS\Source\tasks.o
                0x08004ab0                xTaskResumeAll
 .text.vTaskDelay
                0x08004ba0       0x48 Middlewares\Third_Party\FreeRTOS\Source\tasks.o
                0x08004ba0                vTaskDelay
 .text.vTaskSwitchContext
                0x08004be8       0xa4 Middlewares\Third_Party\FreeRTOS\Source\tasks.o
                0x08004be8                vTaskSwitchContext
 .text.vTaskPlaceOnEventList
                0x08004c8c       0x34 Middlewares\Third_Party\FreeRTOS\Source\tasks.o
                0x08004c8c                vTaskPlaceOnEventList
 .text.xTaskRemoveFromEventList
                0x08004cc0       0x84 Middlewares\Third_Party\FreeRTOS\Source\tasks.o
                0x08004cc0                xTaskRemoveFromEventList
 .text.vTaskRemoveFromUnorderedEventList
                0x08004d44       0x88 Middlewares\Third_Party\FreeRTOS\Source\tasks.o
                0x08004d44                vTaskRemoveFromUnorderedEventList
 .text.vTaskSetTimeOutState
                0x08004dcc       0x38 Middlewares\Third_Party\FreeRTOS\Source\tasks.o
                0x08004dcc                vTaskSetTimeOutState
 .text.vTaskInternalSetTimeOutState
                0x08004e04       0x18 Middlewares\Third_Party\FreeRTOS\Source\tasks.o
                0x08004e04                vTaskInternalSetTimeOutState
 .text.xTaskCheckForTimeOut
                0x08004e1c       0x78 Middlewares\Third_Party\FreeRTOS\Source\tasks.o
                0x08004e1c                xTaskCheckForTimeOut
 .text.vTaskMissedYield
                0x08004e94        0xc Middlewares\Third_Party\FreeRTOS\Source\tasks.o
                0x08004e94                vTaskMissedYield
 .text.xTaskGetCurrentTaskHandle
                0x08004ea0        0xc Middlewares\Third_Party\FreeRTOS\Source\tasks.o
                0x08004ea0                xTaskGetCurrentTaskHandle
 .text.xTaskGetSchedulerState
                0x08004eac       0x20 Middlewares\Third_Party\FreeRTOS\Source\tasks.o
                0x08004eac                xTaskGetSchedulerState
 .text.xTaskPriorityInherit
                0x08004ecc       0xa8 Middlewares\Third_Party\FreeRTOS\Source\tasks.o
                0x08004ecc                xTaskPriorityInherit
 .text.xTaskPriorityDisinherit
                0x08004f74       0xa0 Middlewares\Third_Party\FreeRTOS\Source\tasks.o
                0x08004f74                xTaskPriorityDisinherit
 .text.vTaskPriorityDisinheritAfterTimeout
                0x08005014       0xb4 Middlewares\Third_Party\FreeRTOS\Source\tasks.o
                0x08005014                vTaskPriorityDisinheritAfterTimeout
 .text.pvTaskIncrementMutexHeldCount
                0x080050c8       0x18 Middlewares\Third_Party\FreeRTOS\Source\tasks.o
                0x080050c8                pvTaskIncrementMutexHeldCount
 .text.ulTaskNotifyTake
                0x080050e0       0x64 Middlewares\Third_Party\FreeRTOS\Source\tasks.o
                0x080050e0                ulTaskNotifyTake
 .text.vTaskNotifyGiveFromISR
                0x08005144       0xc8 Middlewares\Third_Party\FreeRTOS\Source\tasks.o
                0x08005144                vTaskNotifyGiveFromISR
 .text.vARPRefreshCacheEntry
                0x0800520c       0xfc Middlewares\Third_Party\FreeRTOS-Plus-TCP\FreeRTOS_ARP.o
                0x0800520c                vARPRefreshCacheEntry
 .text.eARPProcessPacket
                0x08005308       0x9c Middlewares\Third_Party\FreeRTOS-Plus-TCP\FreeRTOS_ARP.o
                0x08005308                eARPProcessPacket
 .text.eARPGetCacheEntry
                0x080053a4       0x88 Middlewares\Third_Party\FreeRTOS-Plus-TCP\FreeRTOS_ARP.o
                0x080053a4                eARPGetCacheEntry
 .text.vARPGenerateRequestPacket
                0x0800542c       0x48 Middlewares\Third_Party\FreeRTOS-Plus-TCP\FreeRTOS_ARP.o
                0x0800542c                vARPGenerateRequestPacket
 .text.FreeRTOS_OutputARPRequest
                0x08005474       0x24 Middlewares\Third_Party\FreeRTOS-Plus-TCP\FreeRTOS_ARP.o
                0x08005474                FreeRTOS_OutputARPRequest
 .text.vARPAgeCache
                0x08005498       0x5c Middlewares\Third_Party\FreeRTOS-Plus-TCP\FreeRTOS_ARP.o
                0x08005498                vARPAgeCache
 .text.prvSkipNameField
                0x080054f4       0x2e Middlewares\Third_Party\FreeRTOS-Plus-TCP\FreeRTOS_DNS.o
 *fill*         0x08005522        0x2 
 .text.prvParseDNSReply
                0x08005524      0x388 Middlewares\Third_Party\FreeRTOS-Plus-TCP\FreeRTOS_DNS.o
 .text.ulDNSHandlePacket
                0x080058ac       0x1a Middlewares\Third_Party\FreeRTOS-Plus-TCP\FreeRTOS_DNS.o
                0x080058ac                ulDNSHandlePacket
 .text.prvIPTimerCheck
                0x080058c6       0x4e Middlewares\Third_Party\FreeRTOS-Plus-TCP\FreeRTOS_IP.o
 .text.xIsCallingFromIPTask
                0x08005914       0x18 Middlewares\Third_Party\FreeRTOS-Plus-TCP\FreeRTOS_IP.o
                0x08005914                xIsCallingFromIPTask
 .text.FreeRTOS_NetworkDownFromISR
                0x0800592c       0x34 Middlewares\Third_Party\FreeRTOS-Plus-TCP\FreeRTOS_IP.o
                0x0800592c                FreeRTOS_NetworkDownFromISR
 .text.pxDuplicateNetworkBufferWithDescriptor
                0x08005960       0x2e Middlewares\Third_Party\FreeRTOS-Plus-TCP\FreeRTOS_IP.o
                0x08005960                pxDuplicateNetworkBufferWithDescriptor
 .text.pxUDPPayloadBuffer_to_NetworkBuffer
                0x0800598e       0x10 Middlewares\Third_Party\FreeRTOS-Plus-TCP\FreeRTOS_IP.o
                0x0800598e                pxUDPPayloadBuffer_to_NetworkBuffer
 *fill*         0x0800599e        0x2 
 .text.FreeRTOS_IPInit
                0x080059a0      0x134 Middlewares\Third_Party\FreeRTOS-Plus-TCP\FreeRTOS_IP.o
                0x080059a0                FreeRTOS_IPInit
 .text.xSendEventStructToIPTask
                0x08005ad4       0x58 Middlewares\Third_Party\FreeRTOS-Plus-TCP\FreeRTOS_IP.o
                0x08005ad4                xSendEventStructToIPTask
 .text.FreeRTOS_NetworkDown
                0x08005b2c       0x20 Middlewares\Third_Party\FreeRTOS-Plus-TCP\FreeRTOS_IP.o
                0x08005b2c                FreeRTOS_NetworkDown
 .text.xSendEventToIPTask
                0x08005b4c       0x16 Middlewares\Third_Party\FreeRTOS-Plus-TCP\FreeRTOS_IP.o
                0x08005b4c                xSendEventToIPTask
 *fill*         0x08005b62        0x2 
 .text.eConsiderFrameForProcessing
                0x08005b64       0x50 Middlewares\Third_Party\FreeRTOS-Plus-TCP\FreeRTOS_IP.o
                0x08005b64                eConsiderFrameForProcessing
 .text.vIPNetworkUpCalls
                0x08005bb4       0x30 Middlewares\Third_Party\FreeRTOS-Plus-TCP\FreeRTOS_IP.o
                0x08005bb4                vIPNetworkUpCalls
 .text.usGenerateChecksum
                0x08005be4       0xe0 Middlewares\Third_Party\FreeRTOS-Plus-TCP\FreeRTOS_IP.o
                0x08005be4                usGenerateChecksum
 .text.usGenerateProtocolChecksum
                0x08005cc4       0xe6 Middlewares\Third_Party\FreeRTOS-Plus-TCP\FreeRTOS_IP.o
                0x08005cc4                usGenerateProtocolChecksum
 *fill*         0x08005daa        0x2 
 .text.vReturnEthernetFrame
                0x08005dac       0x2c Middlewares\Third_Party\FreeRTOS-Plus-TCP\FreeRTOS_IP.o
                0x08005dac                vReturnEthernetFrame
 .text.prvIPTask
                0x08005dd8      0x33c Middlewares\Third_Party\FreeRTOS-Plus-TCP\FreeRTOS_IP.o
 .text.xIPIsNetworkTaskReady
                0x08006114        0xc Middlewares\Third_Party\FreeRTOS-Plus-TCP\FreeRTOS_IP.o
                0x08006114                xIPIsNetworkTaskReady
 .text.uxStreamBufferGetSize
                0x08006120       0x12 Middlewares\Third_Party\FreeRTOS-Plus-TCP\FreeRTOS_Sockets.o
 .text.pxListFindListItemWithValue
                0x08006132       0x2a Middlewares\Third_Party\FreeRTOS-Plus-TCP\FreeRTOS_Sockets.o
 .text.uxStreamBufferGetSpace
                0x0800615c       0x14 Middlewares\Third_Party\FreeRTOS-Plus-TCP\FreeRTOS_Sockets.o
 .text.vNetworkSocketsInit
                0x08006170       0x1c Middlewares\Third_Party\FreeRTOS-Plus-TCP\FreeRTOS_Sockets.o
                0x08006170                vNetworkSocketsInit
 .text.FreeRTOS_socket
                0x0800618c      0x130 Middlewares\Third_Party\FreeRTOS-Plus-TCP\FreeRTOS_Sockets.o
                0x0800618c                FreeRTOS_socket
 .text.vSocketBind
                0x080062bc       0xd0 Middlewares\Third_Party\FreeRTOS-Plus-TCP\FreeRTOS_Sockets.o
                0x080062bc                vSocketBind
 .text.FreeRTOS_closesocket
                0x0800638c       0x2c Middlewares\Third_Party\FreeRTOS-Plus-TCP\FreeRTOS_Sockets.o
                0x0800638c                FreeRTOS_closesocket
 .text.vSocketClose
                0x080063b8       0xa0 Middlewares\Third_Party\FreeRTOS-Plus-TCP\FreeRTOS_Sockets.o
                0x080063b8                vSocketClose
 .text.pxUDPSocketLookup
                0x08006458       0x28 Middlewares\Third_Party\FreeRTOS-Plus-TCP\FreeRTOS_Sockets.o
                0x08006458                pxUDPSocketLookup
 .text.vSocketWakeUpUser
                0x08006480       0x34 Middlewares\Third_Party\FreeRTOS-Plus-TCP\FreeRTOS_Sockets.o
                0x08006480                vSocketWakeUpUser
 .text.xTCPTimerCheck
                0x080064b4       0x88 Middlewares\Third_Party\FreeRTOS-Plus-TCP\FreeRTOS_Sockets.o
                0x080064b4                xTCPTimerCheck
 .text.pxTCPSocketLookup
                0x0800653c       0x40 Middlewares\Third_Party\FreeRTOS-Plus-TCP\FreeRTOS_Sockets.o
                0x0800653c                pxTCPSocketLookup
 .text.lTCPAddRxdata
                0x0800657c       0xda Middlewares\Third_Party\FreeRTOS-Plus-TCP\FreeRTOS_Sockets.o
                0x0800657c                lTCPAddRxdata
 .text.FreeRTOS_tx_space
                0x08006656       0x1c Middlewares\Third_Party\FreeRTOS-Plus-TCP\FreeRTOS_Sockets.o
                0x08006656                FreeRTOS_tx_space
 .text.FreeRTOS_rx_size
                0x08006672       0x16 Middlewares\Third_Party\FreeRTOS-Plus-TCP\FreeRTOS_Sockets.o
                0x08006672                FreeRTOS_rx_size
 .text.vSocketSelect
                0x08006688      0x11c Middlewares\Third_Party\FreeRTOS-Plus-TCP\FreeRTOS_Sockets.o
                0x08006688                vSocketSelect
 .text.uxStreamBufferAdd
                0x080067a4       0xae Middlewares\Third_Party\FreeRTOS-Plus-TCP\FreeRTOS_Stream_Buffer.o
                0x080067a4                uxStreamBufferAdd
 .text.uxStreamBufferGet
                0x08006852       0x80 Middlewares\Third_Party\FreeRTOS-Plus-TCP\FreeRTOS_Stream_Buffer.o
                0x08006852                uxStreamBufferGet
 .text.prvTCPCreateWindow
                0x080068d2       0x2c Middlewares\Third_Party\FreeRTOS-Plus-TCP\FreeRTOS_TCP_IP.o
 .text.prvTCPNextTimeout
                0x080068fe       0x7c Middlewares\Third_Party\FreeRTOS-Plus-TCP\FreeRTOS_TCP_IP.o
 *fill*         0x0800697a        0x2 
 .text.prvTCPReturnPacket.constprop.3
                0x0800697c      0x1c0 Middlewares\Third_Party\FreeRTOS-Plus-TCP\FreeRTOS_TCP_IP.o
 .text.prvTCPSendReset
                0x08006b3c       0x1e Middlewares\Third_Party\FreeRTOS-Plus-TCP\FreeRTOS_TCP_IP.o
 .text.prvTCPAddTxData
                0x08006b5a       0x54 Middlewares\Third_Party\FreeRTOS-Plus-TCP\FreeRTOS_TCP_IP.o
 .text.vTCPStateChange
                0x08006bae      0x116 Middlewares\Third_Party\FreeRTOS-Plus-TCP\FreeRTOS_TCP_IP.o
                0x08006bae                vTCPStateChange
 .text.prvTCPPrepareSend
                0x08006cc4      0x228 Middlewares\Third_Party\FreeRTOS-Plus-TCP\FreeRTOS_TCP_IP.o
 .text.prvTCPSendRepeated
                0x08006eec       0x32 Middlewares\Third_Party\FreeRTOS-Plus-TCP\FreeRTOS_TCP_IP.o
 *fill*         0x08006f1e        0x2 
 .text.xTCPSocketCheck
                0x08006f20      0x230 Middlewares\Third_Party\FreeRTOS-Plus-TCP\FreeRTOS_TCP_IP.o
                0x08006f20                xTCPSocketCheck
 .text.prvTCPHandleFin.isra.2
                0x08007150       0xc8 Middlewares\Third_Party\FreeRTOS-Plus-TCP\FreeRTOS_TCP_IP.o
 .text.xProcessReceivedTCPPacket
                0x08007218      0x9a0 Middlewares\Third_Party\FreeRTOS-Plus-TCP\FreeRTOS_TCP_IP.o
                0x08007218                xProcessReceivedTCPPacket
 .text.xTCPCheckNewClient
                0x08007bb8       0x40 Middlewares\Third_Party\FreeRTOS-Plus-TCP\FreeRTOS_TCP_IP.o
                0x08007bb8                xTCPCheckNewClient
 .text.xTCPWindowRxFind
                0x08007bf8       0x1e Middlewares\Third_Party\FreeRTOS-Plus-TCP\FreeRTOS_TCP_WIN.o
 .text.prvTCPWindowTxHasSpace
                0x08007c16       0x3e Middlewares\Third_Party\FreeRTOS-Plus-TCP\FreeRTOS_TCP_WIN.o
 .text.vListInsertGeneric
                0x08007c54       0x14 Middlewares\Third_Party\FreeRTOS-Plus-TCP\FreeRTOS_TCP_WIN.o
                0x08007c54                vListInsertGeneric
 .text.vTCPWindowFree
                0x08007c68       0x38 Middlewares\Third_Party\FreeRTOS-Plus-TCP\FreeRTOS_TCP_WIN.o
 .text.prvTCPWindowTxCheckAck
                0x08007ca0       0xce Middlewares\Third_Party\FreeRTOS-Plus-TCP\FreeRTOS_TCP_WIN.o
 *fill*         0x08007d6e        0x2 
 .text.xTCPWindowNew
                0x08007d70       0x78 Middlewares\Third_Party\FreeRTOS-Plus-TCP\FreeRTOS_TCP_WIN.o
 .text.xTCPWindowRxEmpty
                0x08007de8       0x16 Middlewares\Third_Party\FreeRTOS-Plus-TCP\FreeRTOS_TCP_WIN.o
                0x08007de8                xTCPWindowRxEmpty
 .text.vTCPWindowDestroy
                0x08007dfe       0x3a Middlewares\Third_Party\FreeRTOS-Plus-TCP\FreeRTOS_TCP_WIN.o
                0x08007dfe                vTCPWindowDestroy
 .text.vTCPWindowInit
                0x08007e38       0x46 Middlewares\Third_Party\FreeRTOS-Plus-TCP\FreeRTOS_TCP_WIN.o
                0x08007e38                vTCPWindowInit
 *fill*         0x08007e7e        0x2 
 .text.vTCPWindowCreate
                0x08007e80       0xb0 Middlewares\Third_Party\FreeRTOS-Plus-TCP\FreeRTOS_TCP_WIN.o
                0x08007e80                vTCPWindowCreate
 .text.lTCPWindowRxCheck
                0x08007f30      0x104 Middlewares\Third_Party\FreeRTOS-Plus-TCP\FreeRTOS_TCP_WIN.o
                0x08007f30                lTCPWindowRxCheck
 .text.lTCPWindowTxAdd
                0x08008034       0xbe Middlewares\Third_Party\FreeRTOS-Plus-TCP\FreeRTOS_TCP_WIN.o
                0x08008034                lTCPWindowTxAdd
 .text.xTCPWindowTxDone
                0x080080f2        0xc Middlewares\Third_Party\FreeRTOS-Plus-TCP\FreeRTOS_TCP_WIN.o
                0x080080f2                xTCPWindowTxDone
 .text.xTCPWindowTxHasData
                0x080080fe       0x5c Middlewares\Third_Party\FreeRTOS-Plus-TCP\FreeRTOS_TCP_WIN.o
                0x080080fe                xTCPWindowTxHasData
 .text.ulTCPWindowTxGet
                0x0800815a      0x104 Middlewares\Third_Party\FreeRTOS-Plus-TCP\FreeRTOS_TCP_WIN.o
                0x0800815a                ulTCPWindowTxGet
 .text.ulTCPWindowTxAck
                0x0800825e       0x14 Middlewares\Third_Party\FreeRTOS-Plus-TCP\FreeRTOS_TCP_WIN.o
                0x0800825e                ulTCPWindowTxAck
 .text.ulTCPWindowTxSack
                0x08008272       0x5c Middlewares\Third_Party\FreeRTOS-Plus-TCP\FreeRTOS_TCP_WIN.o
                0x08008272                ulTCPWindowTxSack
 *fill*         0x080082ce        0x2 
 .text.vProcessGeneratedUDPPacket
                0x080082d0       0xd8 Middlewares\Third_Party\FreeRTOS-Plus-TCP\FreeRTOS_UDP_IP.o
                0x080082d0                vProcessGeneratedUDPPacket
 .text.xProcessReceivedUDPPacket
                0x080083a8       0x7a Middlewares\Third_Party\FreeRTOS-Plus-TCP\FreeRTOS_UDP_IP.o
                0x080083a8                xProcessReceivedUDPPacket
 *fill*         0x08008422        0x2 
 .text.xNetworkBuffersInitialise
                0x08008424       0x80 Middlewares\Third_Party\FreeRTOS-Plus-TCP\portable\BufferManagement\BufferAllocation_2.o
                0x08008424                xNetworkBuffersInitialise
 .text.vReleaseNetworkBuffer
                0x080084a4        0xa Middlewares\Third_Party\FreeRTOS-Plus-TCP\portable\BufferManagement\BufferAllocation_2.o
                0x080084a4                vReleaseNetworkBuffer
 *fill*         0x080084ae        0x2 
 .text.vReleaseNetworkBufferAndDescriptor
                0x080084b0       0x48 Middlewares\Third_Party\FreeRTOS-Plus-TCP\portable\BufferManagement\BufferAllocation_2.o
                0x080084b0                vReleaseNetworkBufferAndDescriptor
 .text.pxGetNetworkBufferWithDescriptor
                0x080084f8       0x8c Middlewares\Third_Party\FreeRTOS-Plus-TCP\portable\BufferManagement\BufferAllocation_2.o
                0x080084f8                pxGetNetworkBufferWithDescriptor
 .text.vApplicationStackOverflowHook
                0x08008584        0x2 Src\freertos.o
                0x08008584                vApplicationStackOverflowHook
 .text.vApplicationMallocFailedHook
                0x08008586        0x2 Src\freertos.o
                0x08008586                vApplicationMallocFailedHook
 .text.StartDefaultTask
                0x08008588        0xe Src\main.o
                0x08008588                StartDefaultTask
 *fill*         0x08008596        0x2 
 .text.SystemClock_Config
                0x08008598       0xac Src\main.o
                0x08008598                SystemClock_Config
 .text.startup.main
                0x08008644       0xc0 Src\main.o
                0x08008644                main
 .text.xApplicationDNSQueryHook
                0x08008704       0x28 Src\main.o
                0x08008704                xApplicationDNSQueryHook
 .text._Error_Handler
                0x0800872c        0x2 Src\main.o
                0x0800872c                _Error_Handler
 *fill*         0x0800872e        0x2 
 .text.HAL_MspInit
                0x08008730       0x90 Src\stm32f4xx_hal_msp.o
                0x08008730                HAL_MspInit
 .text.NMI_Handler
                0x080087c0        0x2 Src\stm32f4xx_it.o
                0x080087c0                NMI_Handler
 .text.HardFault_Handler
                0x080087c2        0x2 Src\stm32f4xx_it.o
                0x080087c2                HardFault_Handler
 .text.MemManage_Handler
                0x080087c4        0x2 Src\stm32f4xx_it.o
                0x080087c4                MemManage_Handler
 .text.BusFault_Handler
                0x080087c6        0x2 Src\stm32f4xx_it.o
                0x080087c6                BusFault_Handler
 .text.UsageFault_Handler
                0x080087c8        0x2 Src\stm32f4xx_it.o
                0x080087c8                UsageFault_Handler
 .text.DebugMon_Handler
                0x080087ca        0x2 Src\stm32f4xx_it.o
                0x080087ca                DebugMon_Handler
 .text.SysTick_Handler
                0x080087cc        0xe Src\stm32f4xx_it.o
                0x080087cc                SysTick_Handler
 *fill*         0x080087da        0x2 
 .text.SystemInit
                0x080087dc       0x4c Src\system_stm32f4xx.o
                0x080087dc                SystemInit
 .text.Reset_Handler
                0x08008828       0x50 startup\startup_stm32f407xx.o
                0x08008828                Reset_Handler
 .text.Default_Handler
                0x08008878        0x2 startup\startup_stm32f407xx.o
                0x08008878                RTC_Alarm_IRQHandler
                0x08008878                HASH_RNG_IRQHandler
                0x08008878                EXTI2_IRQHandler
                0x08008878                TIM8_CC_IRQHandler
                0x08008878                TIM1_CC_IRQHandler
                0x08008878                DMA2_Stream5_IRQHandler
                0x08008878                DMA1_Stream5_IRQHandler
                0x08008878                PVD_IRQHandler
                0x08008878                SDIO_IRQHandler
                0x08008878                TAMP_STAMP_IRQHandler
                0x08008878                CAN2_RX1_IRQHandler
                0x08008878                EXTI3_IRQHandler
                0x08008878                TIM8_TRG_COM_TIM14_IRQHandler
                0x08008878                TIM1_UP_TIM10_IRQHandler
                0x08008878                TIM8_UP_TIM13_IRQHandler
                0x08008878                I2C3_ER_IRQHandler
                0x08008878                EXTI0_IRQHandler
                0x08008878                I2C2_EV_IRQHandler
                0x08008878                DMA1_Stream2_IRQHandler
                0x08008878                CAN1_RX0_IRQHandler
                0x08008878                FPU_IRQHandler
                0x08008878                OTG_HS_WKUP_IRQHandler
                0x08008878                CAN2_SCE_IRQHandler
                0x08008878                DMA2_Stream2_IRQHandler
                0x08008878                SPI1_IRQHandler
                0x08008878                TIM6_DAC_IRQHandler
                0x08008878                TIM1_BRK_TIM9_IRQHandler
                0x08008878                DCMI_IRQHandler
                0x08008878                CAN2_RX0_IRQHandler
                0x08008878                DMA2_Stream3_IRQHandler
                0x08008878                USART6_IRQHandler
                0x08008878                USART3_IRQHandler
                0x08008878                CAN1_RX1_IRQHandler
                0x08008878                UART5_IRQHandler
                0x08008878                DMA2_Stream0_IRQHandler
                0x08008878                TIM4_IRQHandler
                0x08008878                I2C1_EV_IRQHandler
                0x08008878                DMA1_Stream6_IRQHandler
                0x08008878                DMA1_Stream1_IRQHandler
                0x08008878                UART4_IRQHandler
                0x08008878                TIM3_IRQHandler
                0x08008878                RCC_IRQHandler
                0x08008878                TIM8_BRK_TIM12_IRQHandler
                0x08008878                Default_Handler
                0x08008878                EXTI15_10_IRQHandler
                0x08008878                ADC_IRQHandler
                0x08008878                DMA1_Stream7_IRQHandler
                0x08008878                TIM7_IRQHandler
                0x08008878                CAN2_TX_IRQHandler
                0x08008878                TIM5_IRQHandler
                0x08008878                DMA2_Stream7_IRQHandler
                0x08008878                I2C3_EV_IRQHandler
                0x08008878                EXTI9_5_IRQHandler
                0x08008878                RTC_WKUP_IRQHandler
                0x08008878                ETH_WKUP_IRQHandler
                0x08008878                SPI2_IRQHandler
                0x08008878                OTG_HS_EP1_IN_IRQHandler
                0x08008878                DMA1_Stream0_IRQHandler
                0x08008878                CAN1_TX_IRQHandler
                0x08008878                EXTI4_IRQHandler
                0x08008878                FSMC_IRQHandler
                0x08008878                ETH_IRQHandler
                0x08008878                OTG_HS_EP1_OUT_IRQHandler
                0x08008878                WWDG_IRQHandler
                0x08008878                TIM2_IRQHandler
                0x08008878                OTG_FS_WKUP_IRQHandler
                0x08008878                TIM1_TRG_COM_TIM11_IRQHandler
                0x08008878                OTG_HS_IRQHandler
                0x08008878                EXTI1_IRQHandler
                0x08008878                USART2_IRQHandler
                0x08008878                I2C2_ER_IRQHandler
                0x08008878                DMA2_Stream1_IRQHandler
                0x08008878                CAN1_SCE_IRQHandler
                0x08008878                FLASH_IRQHandler
                0x08008878                DMA2_Stream4_IRQHandler
                0x08008878                USART1_IRQHandler
                0x08008878                SPI3_IRQHandler
                0x08008878                DMA1_Stream4_IRQHandler
                0x08008878                I2C1_ER_IRQHandler
                0x08008878                DMA2_Stream6_IRQHandler
                0x08008878                DMA1_Stream3_IRQHandler
 *fill*         0x0800887a        0x2 
 .text.__libc_init_array
                0x0800887c       0x48 c:/program files (x86)/atollic/truestudio for stm32 9.0.0/armtools/bin/../lib/gcc/arm-atollic-eabi/6.3.1/../../../../arm-atollic-eabi/lib/armv7e-m/fpu\libc_nano.a(lib_a-init.o)
                0x0800887c                __libc_init_array
 .text.malloc   0x080088c4       0x10 c:/program files (x86)/atollic/truestudio for stm32 9.0.0/armtools/bin/../lib/gcc/arm-atollic-eabi/6.3.1/../../../../arm-atollic-eabi/lib/armv7e-m/fpu\libc_nano.a(lib_a-malloc.o)
                0x080088c4                malloc
 .text.free     0x080088d4       0x10 c:/program files (x86)/atollic/truestudio for stm32 9.0.0/armtools/bin/../lib/gcc/arm-atollic-eabi/6.3.1/../../../../arm-atollic-eabi/lib/armv7e-m/fpu\libc_nano.a(lib_a-malloc.o)
                0x080088d4                free
 .text.memcmp   0x080088e4       0x1e c:/program files (x86)/atollic/truestudio for stm32 9.0.0/armtools/bin/../lib/gcc/arm-atollic-eabi/6.3.1/../../../../arm-atollic-eabi/lib/armv7e-m/fpu\libc_nano.a(lib_a-memcmp.o)
                0x080088e4                memcmp
 .text.memcpy   0x08008902       0x16 c:/program files (x86)/atollic/truestudio for stm32 9.0.0/armtools/bin/../lib/gcc/arm-atollic-eabi/6.3.1/../../../../arm-atollic-eabi/lib/armv7e-m/fpu\libc_nano.a(lib_a-memcpy-stub.o)
                0x08008902                memcpy
 .text.memmove  0x08008918       0x34 c:/program files (x86)/atollic/truestudio for stm32 9.0.0/armtools/bin/../lib/gcc/arm-atollic-eabi/6.3.1/../../../../arm-atollic-eabi/lib/armv7e-m/fpu\libc_nano.a(lib_a-memmove.o)
                0x08008918                memmove
 .text.memset   0x0800894c       0x10 c:/program files (x86)/atollic/truestudio for stm32 9.0.0/armtools/bin/../lib/gcc/arm-atollic-eabi/6.3.1/../../../../arm-atollic-eabi/lib/armv7e-m/fpu\libc_nano.a(lib_a-memset.o)
                0x0800894c                memset
 .text._free_r  0x0800895c       0x9c c:/program files (x86)/atollic/truestudio for stm32 9.0.0/armtools/bin/../lib/gcc/arm-atollic-eabi/6.3.1/../../../../arm-atollic-eabi/lib/armv7e-m/fpu\libc_nano.a(lib_a-nano-freer.o)
                0x0800895c                _free_r
 .text._malloc_r
                0x080089f8       0xbc c:/program files (x86)/atollic/truestudio for stm32 9.0.0/armtools/bin/../lib/gcc/arm-atollic-eabi/6.3.1/../../../../arm-atollic-eabi/lib/armv7e-m/fpu\libc_nano.a(lib_a-nano-mallocr.o)
                0x080089f8                _malloc_r
 .text.rand     0x08008ab4       0x74 c:/program files (x86)/atollic/truestudio for stm32 9.0.0/armtools/bin/../lib/gcc/arm-atollic-eabi/6.3.1/../../../../arm-atollic-eabi/lib/armv7e-m/fpu\libc_nano.a(lib_a-rand.o)
                0x08008ab4                rand
 .text._sbrk_r  0x08008b28       0x20 c:/program files (x86)/atollic/truestudio for stm32 9.0.0/armtools/bin/../lib/gcc/arm-atollic-eabi/6.3.1/../../../../arm-atollic-eabi/lib/armv7e-m/fpu\libc_nano.a(lib_a-sbrkr.o)
                0x08008b28                _sbrk_r
 .text.strcasecmp
                0x08008b48       0x3c c:/program files (x86)/atollic/truestudio for stm32 9.0.0/armtools/bin/../lib/gcc/arm-atollic-eabi/6.3.1/../../../../arm-atollic-eabi/lib/armv7e-m/fpu\libc_nano.a(lib_a-strcasecmp.o)
                0x08008b48                strcasecmp
 .text.strcpy   0x08008b84       0x10 c:/program files (x86)/atollic/truestudio for stm32 9.0.0/armtools/bin/../lib/gcc/arm-atollic-eabi/6.3.1/../../../../arm-atollic-eabi/lib/armv7e-m/fpu\libc_nano.a(lib_a-strcpy.o)
                0x08008b84                strcpy
 .text.__locale_ctype_ptr
                0x08008b94       0x1c c:/program files (x86)/atollic/truestudio for stm32 9.0.0/armtools/bin/../lib/gcc/arm-atollic-eabi/6.3.1/../../../../arm-atollic-eabi/lib/armv7e-m/fpu\libc_nano.a(lib_a-locale.o)
                0x08008b94                __locale_ctype_ptr
 .text.__ascii_mbtowc
                0x08008bb0       0x24 c:/program files (x86)/atollic/truestudio for stm32 9.0.0/armtools/bin/../lib/gcc/arm-atollic-eabi/6.3.1/../../../../arm-atollic-eabi/lib/armv7e-m/fpu\libc_nano.a(lib_a-mbtowc_r.o)
                0x08008bb0                __ascii_mbtowc
 .text.__malloc_lock
                0x08008bd4        0x2 c:/program files (x86)/atollic/truestudio for stm32 9.0.0/armtools/bin/../lib/gcc/arm-atollic-eabi/6.3.1/../../../../arm-atollic-eabi/lib/armv7e-m/fpu\libc_nano.a(lib_a-mlock.o)
                0x08008bd4                __malloc_lock
 .text.__malloc_unlock
                0x08008bd6        0x2 c:/program files (x86)/atollic/truestudio for stm32 9.0.0/armtools/bin/../lib/gcc/arm-atollic-eabi/6.3.1/../../../../arm-atollic-eabi/lib/armv7e-m/fpu\libc_nano.a(lib_a-mlock.o)
                0x08008bd6                __malloc_unlock
 .text.__ascii_wctomb
                0x08008bd8       0x1a c:/program files (x86)/atollic/truestudio for stm32 9.0.0/armtools/bin/../lib/gcc/arm-atollic-eabi/6.3.1/../../../../arm-atollic-eabi/lib/armv7e-m/fpu\libc_nano.a(lib_a-wctomb_r.o)
                0x08008bd8                __ascii_wctomb
 *fill*         0x08008bf2        0x2 
 .text._sbrk    0x08008bf4       0x1c c:/program files (x86)/atollic/truestudio for stm32 9.0.0/armtools/bin/../lib/gcc/arm-atollic-eabi/6.3.1/../../../../arm-atollic-eabi/lib/armv7e-m/fpu\libnosys.a(sbrk.o)
                0x08008bf4                _sbrk
 *(.glue_7)
 .glue_7        0x08008c10        0x0 linker stubs
 *(.glue_7t)
 .glue_7t       0x08008c10        0x0 linker stubs
 *(.eh_frame)
 .eh_frame      0x08008c10        0x0 c:/program files (x86)/atollic/truestudio for stm32 9.0.0/armtools/bin/../lib/gcc/arm-atollic-eabi/6.3.1/armv7e-m/fpu/crtbegin.o
 *(.init)
 .init          0x08008c10        0x4 c:/program files (x86)/atollic/truestudio for stm32 9.0.0/armtools/bin/../lib/gcc/arm-atollic-eabi/6.3.1/armv7e-m/fpu/crti.o
                0x08008c10                _init
 .init          0x08008c14        0x8 c:/program files (x86)/atollic/truestudio for stm32 9.0.0/armtools/bin/../lib/gcc/arm-atollic-eabi/6.3.1/armv7e-m/fpu/crtn.o
 *(.fini)
 .fini          0x08008c1c        0x4 c:/program files (x86)/atollic/truestudio for stm32 9.0.0/armtools/bin/../lib/gcc/arm-atollic-eabi/6.3.1/armv7e-m/fpu/crti.o
                0x08008c1c                _fini
 .fini          0x08008c20        0x8 c:/program files (x86)/atollic/truestudio for stm32 9.0.0/armtools/bin/../lib/gcc/arm-atollic-eabi/6.3.1/armv7e-m/fpu/crtn.o
                0x08008c28                . = ALIGN (0x4)
                0x08008c28                _etext = .

.vfp11_veneer   0x08008c28        0x0
 .vfp11_veneer  0x08008c28        0x0 linker stubs

.v4_bx          0x08008c28        0x0
 .v4_bx         0x08008c28        0x0 linker stubs

.iplt           0x08008c28        0x0
 .iplt          0x08008c28        0x0 c:/program files (x86)/atollic/truestudio for stm32 9.0.0/armtools/bin/../lib/gcc/arm-atollic-eabi/6.3.1/armv7e-m/fpu/crtbegin.o

.rodata         0x08008c28      0x2e0
                0x08008c28                . = ALIGN (0x4)
 *(.rodata)
 .rodata        0x08008c28       0x14 Src\main.o
 *(.rodata*)
 .rodata.CSWTCH.39
                0x08008c3c        0x4 Middlewares\ST\STM32_USB_Device_Library\App\Src\usbd_conf.o
 .rodata.USBD_LL_Init.str1.1
                0x08008c40       0x3f Middlewares\ST\STM32_USB_Device_Library\App\Src\usbd_conf.o
 .rodata.USBD_FS_ConfigStrDescriptor.str1.1
                0x08008c7f       0x10 Middlewares\ST\STM32_USB_Device_Library\App\Src\usbd_desc.o
 .rodata.USBD_FS_InterfaceStrDescriptor.str1.1
                0x08008c8f       0x13 Middlewares\ST\STM32_USB_Device_Library\App\Src\usbd_desc.o
 .rodata.USBD_FS_ManufacturerStrDescriptor.str1.1
                0x08008ca2        0x6 Middlewares\ST\STM32_USB_Device_Library\App\Src\usbd_desc.o
 .rodata.USBD_FS_ProductStrDescriptor.str1.1
                0x08008ca8        0xf Middlewares\ST\STM32_USB_Device_Library\App\Src\usbd_desc.o
 .rodata.USBD_FS_SerialStrDescriptor.str1.1
                0x08008cb7        0xd Middlewares\ST\STM32_USB_Device_Library\App\Src\usbd_desc.o
 .rodata.OID_GEN_SUPPORTED
                0x08008cc4       0x64 Middlewares\ST\STM32_USB_Device_Library\App\Src\usbd_rndis_if.o
                0x08008cc4                OID_GEN_SUPPORTED
 .rodata.nome.10734
                0x08008d28        0xf Middlewares\ST\STM32_USB_Device_Library\App\Src\usbd_rndis_if.o
 *fill*         0x08008d37        0x1 
 .rodata.response
                0x08008d38       0x20 Middlewares\ST\STM32_USB_Device_Library\App\Src\usbd_rndis_if.o
                0x08008d38                response
 .rodata.xNetworkInterfaceInitialise.str1.1
                0x08008d58        0x5 Middlewares\ST\STM32_USB_Device_Library\App\Src\usbd_rndis_if.o
 .rodata.vTaskStartScheduler.str1.1
                0x08008d5d        0x5 Middlewares\Third_Party\FreeRTOS\Source\tasks.o
 .rodata.xDefaultPartARPPacketHeader
                0x08008d62       0x26 Middlewares\Third_Party\FreeRTOS-Plus-TCP\FreeRTOS_ARP.o
 .rodata.xLLMNR_MacAdress
                0x08008d88        0x6 Middlewares\Third_Party\FreeRTOS-Plus-TCP\FreeRTOS_DNS.o
                0x08008d88                xLLMNR_MacAdress
 .rodata.FreeRTOS_IPInit.str1.1
                0x08008d8e       0x10 Middlewares\Third_Party\FreeRTOS-Plus-TCP\FreeRTOS_IP.o
 .rodata.xBroadcastMACAddress
                0x08008d9e        0x6 Middlewares\Third_Party\FreeRTOS-Plus-TCP\FreeRTOS_IP.o
                0x08008d9e                xBroadcastMACAddress
 .rodata.xNetworkDownEvent.8479
                0x08008da4        0x8 Middlewares\Third_Party\FreeRTOS-Plus-TCP\FreeRTOS_IP.o
 .rodata.xNetworkDownEvent.8484
                0x08008dac        0x8 Middlewares\Third_Party\FreeRTOS-Plus-TCP\FreeRTOS_IP.o
 .rodata.xBufferAllocFixedSize
                0x08008db4        0x4 Middlewares\Third_Party\FreeRTOS-Plus-TCP\portable\BufferManagement\BufferAllocation_2.o
                0x08008db4                xBufferAllocFixedSize
 .rodata.xNetworkBuffersInitialise.str1.1
                0x08008db8        0xa Middlewares\Third_Party\FreeRTOS-Plus-TCP\portable\BufferManagement\BufferAllocation_2.o
 .rodata.pcApplicationHostnameHook.str1.1
                0x08008dc2        0x9 Src\main.o
 .rodata.str1.1
                0x08008dcb        0xc Src\main.o
 .rodata.ucDNSServerAddress
                0x08008dd7        0x4 Src\main.o
 .rodata.ucGatewayAddress
                0x08008ddb        0x4 Src\main.o
 .rodata.ucIPAddress
                0x08008ddf        0x4 Src\main.o
 .rodata.ucNetMask
                0x08008de3        0x4 Src\main.o
 .rodata.xApplicationDNSQueryHook.str1.1
                0x08008de7        0x6 Src\main.o
 .rodata.AHBPrescTable
                0x08008ded       0x10 Src\system_stm32f4xx.o
                0x08008ded                AHBPrescTable
 .rodata._setlocale_r.str1.1
                0x08008dfd        0x6 c:/program files (x86)/atollic/truestudio for stm32 9.0.0/armtools/bin/../lib/gcc/arm-atollic-eabi/6.3.1/../../../../arm-atollic-eabi/lib/armv7e-m/fpu\libc_nano.a(lib_a-locale.o)
                                  0x9 (size before relaxing)
 .rodata.str1.1
                0x08008e03        0x2 c:/program files (x86)/atollic/truestudio for stm32 9.0.0/armtools/bin/../lib/gcc/arm-atollic-eabi/6.3.1/../../../../arm-atollic-eabi/lib/armv7e-m/fpu\libc_nano.a(lib_a-locale.o)
 .rodata._ctype_
                0x08008e05      0x101 c:/program files (x86)/atollic/truestudio for stm32 9.0.0/armtools/bin/../lib/gcc/arm-atollic-eabi/6.3.1/../../../../arm-atollic-eabi/lib/armv7e-m/fpu\libc_nano.a(lib_a-ctype_.o)
                0x08008e05                _ctype_
                0x08008f08                . = ALIGN (0x4)
 *fill*         0x08008f06        0x2 

.ARM.extab
 *(.ARM.extab* .gnu.linkonce.armextab.*)

.ARM            0x08008f08        0x8
                0x08008f08                __exidx_start = .
 *(.ARM.exidx*)
 .ARM.exidx     0x08008f08        0x8 c:/program files (x86)/atollic/truestudio for stm32 9.0.0/armtools/bin/../lib/gcc/arm-atollic-eabi/6.3.1/armv7e-m/fpu\libgcc.a(_udivmoddi4.o)
                0x08008f10                __exidx_end = .

.rel.dyn        0x08008f10        0x0
 .rel.iplt      0x08008f10        0x0 c:/program files (x86)/atollic/truestudio for stm32 9.0.0/armtools/bin/../lib/gcc/arm-atollic-eabi/6.3.1/armv7e-m/fpu/crtbegin.o

.preinit_array  0x08008f10        0x0
                0x08008f10                PROVIDE (__preinit_array_start, .)
 *(.preinit_array*)
                0x08008f10                PROVIDE (__preinit_array_end, .)

.init_array     0x08008f10        0x4
                0x08008f10                PROVIDE (__init_array_start, .)
 *(SORT(.init_array.*))
 *(.init_array*)
 .init_array    0x08008f10        0x4 c:/program files (x86)/atollic/truestudio for stm32 9.0.0/armtools/bin/../lib/gcc/arm-atollic-eabi/6.3.1/armv7e-m/fpu/crtbegin.o
                0x08008f14                PROVIDE (__init_array_end, .)

.fini_array     0x08008f14        0x4
                [!provide]                PROVIDE (__fini_array_start, .)
 *(SORT(.fini_array.*))
 *(.fini_array*)
 .fini_array    0x08008f14        0x4 c:/program files (x86)/atollic/truestudio for stm32 9.0.0/armtools/bin/../lib/gcc/arm-atollic-eabi/6.3.1/armv7e-m/fpu/crtbegin.o
                [!provide]                PROVIDE (__fini_array_end, .)
                0x08008f18                _sidata = LOADADDR (.data)

.data           0x20000000      0x3a8 load address 0x08008f18
                0x20000000                . = ALIGN (0x4)
                0x20000000                _sdata = .
 *(.data)
 *(.data*)
 .data.uwTickFreq
                0x20000000        0x1 Drivers\STM32F4xx_HAL_Driver\Src\stm32f4xx_hal.o
                0x20000000                uwTickFreq
 *fill*         0x20000001        0x3 
 .data.uwTickPrio
                0x20000004        0x4 Drivers\STM32F4xx_HAL_Driver\Src\stm32f4xx_hal.o
                0x20000004                uwTickPrio
 .data.FS_Desc  0x20000008       0x1c Middlewares\ST\STM32_USB_Device_Library\App\Src\usbd_desc.o
                0x20000008                FS_Desc
 .data.USBD_FS_DeviceDesc
                0x20000024       0x12 Middlewares\ST\STM32_USB_Device_Library\App\Src\usbd_desc.o
                0x20000024                USBD_FS_DeviceDesc
 *fill*         0x20000036        0x2 
 .data.USBD_LangIDDesc
                0x20000038        0x4 Middlewares\ST\STM32_USB_Device_Library\App\Src\usbd_desc.o
                0x20000038                USBD_LangIDDesc
 .data.USBD_RNDIS_Interface_fops_FS
                0x2000003c       0x10 Middlewares\ST\STM32_USB_Device_Library\App\Src\usbd_rndis_if.o
                0x2000003c                USBD_RNDIS_Interface_fops_FS
 .data.rndis_state
                0x2000004c        0x1 Middlewares\ST\STM32_USB_Device_Library\App\Src\usbd_rndis_if.o
 *fill*         0x2000004d        0x3 
 .data.USBD_COMPOSITE
                0x20000050       0x38 Middlewares\ST\STM32_USB_Device_Library\Class\Composite\Src\usbd_composite.o
                0x20000050                USBD_COMPOSITE
 .data.USBD_COMPOSITE_CfgFSDesc
                0x20000088        0x9 Middlewares\ST\STM32_USB_Device_Library\Class\Composite\Src\usbd_composite.o
                0x20000088                USBD_COMPOSITE_CfgFSDesc
 *fill*         0x20000091        0x3 
 .data.USBD_COMPOSITE_DeviceQualifierDesc
                0x20000094        0xa Middlewares\ST\STM32_USB_Device_Library\Class\Composite\Src\usbd_composite.o
 *fill*         0x2000009e        0x2 
 .data.USBD_COMPOSITE_IfcAssocDesc
                0x200000a0        0x8 Middlewares\ST\STM32_USB_Device_Library\Class\Composite\Src\usbd_composite.o
                0x200000a0                USBD_COMPOSITE_IfcAssocDesc
 .data.inEP     0x200000a8        0x1 Middlewares\ST\STM32_USB_Device_Library\Class\Composite\Src\usbd_composite.o
 .data.outEP    0x200000a9        0x1 Middlewares\ST\STM32_USB_Device_Library\Class\Composite\Src\usbd_composite.o
 *fill*         0x200000aa        0x2 
 .data.USBD_RNDIS
                0x200000ac       0x38 Middlewares\ST\STM32_USB_Device_Library\Class\RNDIS\Src\usbd_rndis.o
                0x200000ac                USBD_RNDIS
 .data.USBD_RNDIS_CfgFSDesc
                0x200000e4       0x3e Middlewares\ST\STM32_USB_Device_Library\Class\RNDIS\Src\usbd_rndis.o
                0x200000e4                USBD_RNDIS_CfgFSDesc
 *fill*         0x20000122        0x2 
 .data.USBD_RNDIS_CfgHSDesc
                0x20000124       0x3e Middlewares\ST\STM32_USB_Device_Library\Class\RNDIS\Src\usbd_rndis.o
                0x20000124                USBD_RNDIS_CfgHSDesc
 *fill*         0x20000162        0x2 
 .data.USBD_RNDIS_DeviceQualifierDesc
                0x20000164        0xa Middlewares\ST\STM32_USB_Device_Library\Class\RNDIS\Src\usbd_rndis.o
 *fill*         0x2000016e        0x2 
 .data.USBD_RNDIS_OtherSpeedCfgDesc
                0x20000170       0x3e Middlewares\ST\STM32_USB_Device_Library\Class\RNDIS\Src\usbd_rndis.o
                0x20000170                USBD_RNDIS_OtherSpeedCfgDesc
 *fill*         0x200001ae        0x2 
 .data.uxCriticalNesting
                0x200001b0        0x4 Middlewares\Third_Party\FreeRTOS\Source\portable\GCC\ARM_CM4F\port.o
 .data.xDefaultPartUDPPacketHeader
                0x200001b4       0x18 Middlewares\Third_Party\FreeRTOS-Plus-TCP\FreeRTOS_UDP_IP.o
                0x200001b4                xDefaultPartUDPPacketHeader
 .data.ucMACAddress
                0x200001cc        0x6 Src\main.o
 *fill*         0x200001d2        0x2 
 .data.SystemCoreClock
                0x200001d4        0x4 Src\system_stm32f4xx.o
                0x200001d4                SystemCoreClock
 .data._impure_ptr
                0x200001d8        0x4 c:/program files (x86)/atollic/truestudio for stm32 9.0.0/armtools/bin/../lib/gcc/arm-atollic-eabi/6.3.1/../../../../arm-atollic-eabi/lib/armv7e-m/fpu\libc_nano.a(lib_a-impure.o)
                0x200001d8                _impure_ptr
 .data.impure_data
                0x200001dc       0x60 c:/program files (x86)/atollic/truestudio for stm32 9.0.0/armtools/bin/../lib/gcc/arm-atollic-eabi/6.3.1/../../../../arm-atollic-eabi/lib/armv7e-m/fpu\libc_nano.a(lib_a-impure.o)
 .data.__global_locale
                0x2000023c      0x16c c:/program files (x86)/atollic/truestudio for stm32 9.0.0/armtools/bin/../lib/gcc/arm-atollic-eabi/6.3.1/../../../../arm-atollic-eabi/lib/armv7e-m/fpu\libc_nano.a(lib_a-locale.o)
                0x2000023c                __global_locale
                0x200003a8                . = ALIGN (0x4)
                0x200003a8                _edata = .
                0x080092c0                _siccmram = LOADADDR (.ccmram)

.igot.plt       0x200003a8        0x0 load address 0x080092c0
 .igot.plt      0x200003a8        0x0 c:/program files (x86)/atollic/truestudio for stm32 9.0.0/armtools/bin/../lib/gcc/arm-atollic-eabi/6.3.1/armv7e-m/fpu/crtbegin.o

.ccmram         0x10000000        0x0 load address 0x080092c0
                0x10000000                . = ALIGN (0x4)
                0x10000000                _sccmram = .
 *(.ccmram)
 *(.ccmram*)
                0x10000000                . = ALIGN (0x4)
                0x10000000                _eccmram = .
                0x10000000                . = ALIGN (0x4)

.bss            0x200003a8     0x6610
                0x200003a8                _sbss = .
                0x200003a8                __bss_start__ = _sbss
 *(.bss)
 .bss           0x200003a8       0x1c c:/program files (x86)/atollic/truestudio for stm32 9.0.0/armtools/bin/../lib/gcc/arm-atollic-eabi/6.3.1/armv7e-m/fpu/crtbegin.o
 *(.bss*)
 .bss.UserRxBufferFS
                0x200003c4      0x800 Middlewares\ST\STM32_USB_Device_Library\App\Src\usbd_rndis_if.o
 .bss.UserRxBufferFS_Temp
                0x20000bc4       0x40 Middlewares\ST\STM32_USB_Device_Library\App\Src\usbd_rndis_if.o
 .bss.UserRxSize
                0x20000c04        0x2 Middlewares\ST\STM32_USB_Device_Library\App\Src\usbd_rndis_if.o
                0x20000c04                UserRxSize
 .bss.len.10773
                0x20000c06        0x2 Middlewares\ST\STM32_USB_Device_Library\App\Src\usbd_rndis_if.o
 .bss.rndis_data.10735
                0x20000c08       0x24 Middlewares\ST\STM32_USB_Device_Library\App\Src\usbd_rndis_if.o
 *fill*         0x20000c2c        0x4 
 .bss.rndis_oid_gen_rcv_ok
                0x20000c30        0x8 Middlewares\ST\STM32_USB_Device_Library\App\Src\usbd_rndis_if.o
 .bss.rndis_oid_gen_xmit_ok
                0x20000c38        0x8 Middlewares\ST\STM32_USB_Device_Library\App\Src\usbd_rndis_if.o
 .bss.xEMACTaskHandle
                0x20000c40        0x4 Middlewares\ST\STM32_USB_Device_Library\App\Src\usbd_rndis_if.o
 .bss.descriptor
                0x20000c44      0x400 Middlewares\ST\STM32_USB_Device_Library\Class\Composite\Src\usbd_composite.o
 .bss.descriptor_size
                0x20001044        0x2 Middlewares\ST\STM32_USB_Device_Library\Class\Composite\Src\usbd_composite.o
 .bss.itf_num   0x20001046        0x1 Middlewares\ST\STM32_USB_Device_Library\Class\Composite\Src\usbd_composite.o
 .bss.usbd_composite_pClass_count
                0x20001047        0x1 Middlewares\ST\STM32_USB_Device_Library\Class\Composite\Src\usbd_composite.o
                0x20001047                usbd_composite_pClass_count
 .bss.ifalt.9407
                0x20001048        0x1 Middlewares\ST\STM32_USB_Device_Library\Class\RNDIS\Src\usbd_rndis.o
 .bss.cfgidx.9355
                0x20001049        0x1 Middlewares\ST\STM32_USB_Device_Library\Core\Src\usbd_ctlreq.o
 .bss.ucMaxSysCallPriority
                0x2000104a        0x1 Middlewares\Third_Party\FreeRTOS\Source\portable\GCC\ARM_CM4F\port.o
 *fill*         0x2000104b        0x1 
 .bss.ulMaxPRIGROUPValue
                0x2000104c        0x4 Middlewares\Third_Party\FreeRTOS\Source\portable\GCC\ARM_CM4F\port.o
 .bss.pxEnd     0x20001050        0x4 Middlewares\Third_Party\FreeRTOS\Source\portable\MemMang\heap_4.o
 .bss.ucHeap    0x20001054     0x3c00 Middlewares\Third_Party\FreeRTOS\Source\portable\MemMang\heap_4.o
 .bss.xBlockAllocatedBit
                0x20004c54        0x4 Middlewares\Third_Party\FreeRTOS\Source\portable\MemMang\heap_4.o
 .bss.xFreeBytesRemaining
                0x20004c58        0x4 Middlewares\Third_Party\FreeRTOS\Source\portable\MemMang\heap_4.o
 .bss.xMinimumEverFreeBytesRemaining
                0x20004c5c        0x4 Middlewares\Third_Party\FreeRTOS\Source\portable\MemMang\heap_4.o
 .bss.xStart    0x20004c60        0x8 Middlewares\Third_Party\FreeRTOS\Source\portable\MemMang\heap_4.o
 .bss.pxCurrentTCB
                0x20004c68        0x4 Middlewares\Third_Party\FreeRTOS\Source\tasks.o
                0x20004c68                pxCurrentTCB
 .bss.pxDelayedTaskList
                0x20004c6c        0x4 Middlewares\Third_Party\FreeRTOS\Source\tasks.o
 .bss.pxOverflowDelayedTaskList
                0x20004c70        0x4 Middlewares\Third_Party\FreeRTOS\Source\tasks.o
 .bss.pxReadyTasksLists
                0x20004c74       0x8c Middlewares\Third_Party\FreeRTOS\Source\tasks.o
 .bss.uxCurrentNumberOfTasks
                0x20004d00        0x4 Middlewares\Third_Party\FreeRTOS\Source\tasks.o
 .bss.uxDeletedTasksWaitingCleanUp
                0x20004d04        0x4 Middlewares\Third_Party\FreeRTOS\Source\tasks.o
 .bss.uxPendedTicks
                0x20004d08        0x4 Middlewares\Third_Party\FreeRTOS\Source\tasks.o
 .bss.uxSchedulerSuspended
                0x20004d0c        0x4 Middlewares\Third_Party\FreeRTOS\Source\tasks.o
 .bss.uxTaskNumber
                0x20004d10        0x4 Middlewares\Third_Party\FreeRTOS\Source\tasks.o
 .bss.uxTopReadyPriority
                0x20004d14        0x4 Middlewares\Third_Party\FreeRTOS\Source\tasks.o
 .bss.xDelayedTaskList1.6712
                0x20004d18       0x14 Middlewares\Third_Party\FreeRTOS\Source\tasks.o
 .bss.xDelayedTaskList2.6713
                0x20004d2c       0x14 Middlewares\Third_Party\FreeRTOS\Source\tasks.o
 .bss.xIdleTaskHandle
                0x20004d40        0x4 Middlewares\Third_Party\FreeRTOS\Source\tasks.o
 .bss.xNextTaskUnblockTime
                0x20004d44        0x4 Middlewares\Third_Party\FreeRTOS\Source\tasks.o
 .bss.xNumOfOverflows
                0x20004d48        0x4 Middlewares\Third_Party\FreeRTOS\Source\tasks.o
 .bss.xPendingReadyList
                0x20004d4c       0x14 Middlewares\Third_Party\FreeRTOS\Source\tasks.o
 .bss.xSchedulerRunning
                0x20004d60        0x4 Middlewares\Third_Party\FreeRTOS\Source\tasks.o
 .bss.xSuspendedTaskList
                0x20004d64       0x14 Middlewares\Third_Party\FreeRTOS\Source\tasks.o
 .bss.xTasksWaitingTermination
                0x20004d78       0x14 Middlewares\Third_Party\FreeRTOS\Source\tasks.o
 .bss.xTickCount
                0x20004d8c        0x4 Middlewares\Third_Party\FreeRTOS\Source\tasks.o
 .bss.xYieldPending