Archive member included to satisfy reference by file (symbol)

c:/program files (x86)/atollic/truestudio for stm32 9.0.0/armtools/bin/../lib/gcc/arm-atollic-eabi/6.3.1/../../../../arm-atollic-eabi/lib/armv7e-m/fpu\libc_nano.a(lib_a-init.o)
                              startup\startup_stm32f407xx.o (__libc_init_array)
c:/program files (x86)/atollic/truestudio for stm32 9.0.0/armtools/bin/../lib/gcc/arm-atollic-eabi/6.3.1/../../../../arm-atollic-eabi/lib/armv7e-m/fpu\libc_nano.a(lib_a-malloc.o)
                              Middlewares\ST\STM32_USB_Device_Library\Class\CDC\Src\usbd_cdc.o (malloc)
c:/program files (x86)/atollic/truestudio for stm32 9.0.0/armtools/bin/../lib/gcc/arm-atollic-eabi/6.3.1/../../../../arm-atollic-eabi/lib/armv7e-m/fpu\libc_nano.a(lib_a-memcpy-stub.o)
                              Middlewares\Third_Party\FreeRTOS\Source\queue.o (memcpy)
c:/program files (x86)/atollic/truestudio for stm32 9.0.0/armtools/bin/../lib/gcc/arm-atollic-eabi/6.3.1/../../../../arm-atollic-eabi/lib/armv7e-m/fpu\libc_nano.a(lib_a-memset.o)
                              Middlewares\Third_Party\FreeRTOS\Source\tasks.o (memset)
c:/program files (x86)/atollic/truestudio for stm32 9.0.0/armtools/bin/../lib/gcc/arm-atollic-eabi/6.3.1/../../../../arm-atollic-eabi/lib/armv7e-m/fpu\libc_nano.a(lib_a-nano-freer.o)
                              c:/program files (x86)/atollic/truestudio for stm32 9.0.0/armtools/bin/../lib/gcc/arm-atollic-eabi/6.3.1/../../../../arm-atollic-eabi/lib/armv7e-m/fpu\libc_nano.a(lib_a-malloc.o) (_free_r)
c:/program files (x86)/atollic/truestudio for stm32 9.0.0/armtools/bin/../lib/gcc/arm-atollic-eabi/6.3.1/../../../../arm-atollic-eabi/lib/armv7e-m/fpu\libc_nano.a(lib_a-nano-mallocr.o)
                              c:/program files (x86)/atollic/truestudio for stm32 9.0.0/armtools/bin/../lib/gcc/arm-atollic-eabi/6.3.1/../../../../arm-atollic-eabi/lib/armv7e-m/fpu\libc_nano.a(lib_a-malloc.o) (_malloc_r)
c:/program files (x86)/atollic/truestudio for stm32 9.0.0/armtools/bin/../lib/gcc/arm-atollic-eabi/6.3.1/../../../../arm-atollic-eabi/lib/armv7e-m/fpu\libc_nano.a(lib_a-sbrkr.o)
                              c:/program files (x86)/atollic/truestudio for stm32 9.0.0/armtools/bin/../lib/gcc/arm-atollic-eabi/6.3.1/../../../../arm-atollic-eabi/lib/armv7e-m/fpu\libc_nano.a(lib_a-nano-mallocr.o) (_sbrk_r)
c:/program files (x86)/atollic/truestudio for stm32 9.0.0/armtools/bin/../lib/gcc/arm-atollic-eabi/6.3.1/../../../../arm-atollic-eabi/lib/armv7e-m/fpu\libc_nano.a(lib_a-impure.o)
                              c:/program files (x86)/atollic/truestudio for stm32 9.0.0/armtools/bin/../lib/gcc/arm-atollic-eabi/6.3.1/../../../../arm-atollic-eabi/lib/armv7e-m/fpu\libc_nano.a(lib_a-malloc.o) (_impure_ptr)
c:/program files (x86)/atollic/truestudio for stm32 9.0.0/armtools/bin/../lib/gcc/arm-atollic-eabi/6.3.1/../../../../arm-atollic-eabi/lib/armv7e-m/fpu\libc_nano.a(lib_a-mlock.o)
                              c:/program files (x86)/atollic/truestudio for stm32 9.0.0/armtools/bin/../lib/gcc/arm-atollic-eabi/6.3.1/../../../../arm-atollic-eabi/lib/armv7e-m/fpu\libc_nano.a(lib_a-nano-freer.o) (__malloc_lock)
c:/program files (x86)/atollic/truestudio for stm32 9.0.0/armtools/bin/../lib/gcc/arm-atollic-eabi/6.3.1/../../../../arm-atollic-eabi/lib/armv7e-m/fpu\libc_nano.a(lib_a-reent.o)
                              c:/program files (x86)/atollic/truestudio for stm32 9.0.0/armtools/bin/../lib/gcc/arm-atollic-eabi/6.3.1/../../../../arm-atollic-eabi/lib/armv7e-m/fpu\libc_nano.a(lib_a-sbrkr.o) (errno)
c:/program files (x86)/atollic/truestudio for stm32 9.0.0/armtools/bin/../lib/gcc/arm-atollic-eabi/6.3.1/armv7e-m/fpu\libgcc.a(_aeabi_uldivmod.o)
                              Drivers\STM32F4xx_HAL_Driver\Src\stm32f4xx_hal_rcc.o (__aeabi_uldivmod)
c:/program files (x86)/atollic/truestudio for stm32 9.0.0/armtools/bin/../lib/gcc/arm-atollic-eabi/6.3.1/armv7e-m/fpu\libgcc.a(_udivmoddi4.o)
                              c:/program files (x86)/atollic/truestudio for stm32 9.0.0/armtools/bin/../lib/gcc/arm-atollic-eabi/6.3.1/armv7e-m/fpu\libgcc.a(_aeabi_uldivmod.o) (__udivmoddi4)
c:/program files (x86)/atollic/truestudio for stm32 9.0.0/armtools/bin/../lib/gcc/arm-atollic-eabi/6.3.1/armv7e-m/fpu\libgcc.a(_dvmd_tls.o)
                              c:/program files (x86)/atollic/truestudio for stm32 9.0.0/armtools/bin/../lib/gcc/arm-atollic-eabi/6.3.1/armv7e-m/fpu\libgcc.a(_aeabi_uldivmod.o) (__aeabi_ldiv0)
c:/program files (x86)/atollic/truestudio for stm32 9.0.0/armtools/bin/../lib/gcc/arm-atollic-eabi/6.3.1/../../../../arm-atollic-eabi/lib/armv7e-m/fpu\libnosys.a(sbrk.o)
                              c:/program files (x86)/atollic/truestudio for stm32 9.0.0/armtools/bin/../lib/gcc/arm-atollic-eabi/6.3.1/../../../../arm-atollic-eabi/lib/armv7e-m/fpu\libc_nano.a(lib_a-sbrkr.o) (_sbrk)

Allocating common symbols
Common symbol       size              file

hUsbDeviceFS        0x224             Src\usb_device.o
[...]
Memory Configuration

Name             Origin             Length             Attributes
RAM              0x20000000         0x00020000         xrw
CCMRAM           0x10000000         0x00010000         rw
FLASH            0x08000000         0x00100000         xr
*default*        0x00000000         0xffffffff

Linker script and memory map

LOAD c:/program files (x86)/atollic/truestudio for stm32 9.0.0/armtools/bin/../lib/gcc/arm-atollic-eabi/6.3.1/armv7e-m/fpu/crti.o
LOAD c:/program files (x86)/atollic/truestudio for stm32 9.0.0/armtools/bin/../lib/gcc/arm-atollic-eabi/6.3.1/armv7e-m/fpu/crtbegin.o
LOAD Drivers\STM32F4xx_HAL_Driver\Src\stm32f4xx_hal.o
LOAD Drivers\STM32F4xx_HAL_Driver\Src\stm32f4xx_hal_cortex.o
LOAD Drivers\STM32F4xx_HAL_Driver\Src\stm32f4xx_hal_dma.o
LOAD Drivers\STM32F4xx_HAL_Driver\Src\stm32f4xx_hal_dma_ex.o
LOAD Drivers\STM32F4xx_HAL_Driver\Src\stm32f4xx_hal_flash.o
LOAD Drivers\STM32F4xx_HAL_Driver\Src\stm32f4xx_hal_flash_ex.o
LOAD Drivers\STM32F4xx_HAL_Driver\Src\stm32f4xx_hal_flash_ramfunc.o
LOAD Drivers\STM32F4xx_HAL_Driver\Src\stm32f4xx_hal_gpio.o
LOAD Drivers\STM32F4xx_HAL_Driver\Src\stm32f4xx_hal_pcd.o
LOAD Drivers\STM32F4xx_HAL_Driver\Src\stm32f4xx_hal_pcd_ex.o
LOAD Drivers\STM32F4xx_HAL_Driver\Src\stm32f4xx_hal_pwr.o
LOAD Drivers\STM32F4xx_HAL_Driver\Src\stm32f4xx_hal_pwr_ex.o
LOAD Drivers\STM32F4xx_HAL_Driver\Src\stm32f4xx_hal_rcc.o
LOAD Drivers\STM32F4xx_HAL_Driver\Src\stm32f4xx_hal_rcc_ex.o
LOAD Drivers\STM32F4xx_HAL_Driver\Src\stm32f4xx_hal_tim.o
LOAD Drivers\STM32F4xx_HAL_Driver\Src\stm32f4xx_hal_tim_ex.o
LOAD Drivers\STM32F4xx_HAL_Driver\Src\stm32f4xx_ll_usb.o
LOAD Middlewares\ST\STM32_USB_Device_Library\Class\CDC\Src\usbd_cdc.o
LOAD Middlewares\ST\STM32_USB_Device_Library\Core\Src\usbd_core.o
LOAD Middlewares\ST\STM32_USB_Device_Library\Core\Src\usbd_ctlreq.o
LOAD Middlewares\ST\STM32_USB_Device_Library\Core\Src\usbd_ioreq.o
LOAD Middlewares\Third_Party\FreeRTOS\Source\CMSIS_RTOS\cmsis_os.o
LOAD Middlewares\Third_Party\FreeRTOS\Source\croutine.o
LOAD Middlewares\Third_Party\FreeRTOS\Source\event_groups.o
LOAD Middlewares\Third_Party\FreeRTOS\Source\list.o
LOAD Middlewares\Third_Party\FreeRTOS\Source\portable\GCC\ARM_CM4F\port.o
LOAD Middlewares\Third_Party\FreeRTOS\Source\portable\MemMang\heap_4.o
LOAD Middlewares\Third_Party\FreeRTOS\Source\queue.o
LOAD Middlewares\Third_Party\FreeRTOS\Source\tasks.o
LOAD Middlewares\Third_Party\FreeRTOS\Source\timers.o
LOAD Src\freertos.o
LOAD Src\main.o
LOAD Src\stm32f4xx_hal_msp.o
LOAD Src\stm32f4xx_it.o
LOAD Src\system_stm32f4xx.o
LOAD Src\usb_device.o
LOAD Src\usbd_cdc_if.o
LOAD Src\usbd_conf.o
LOAD Src\usbd_desc.o
LOAD startup\startup_stm32f407xx.o
                0x00000080                malloc_getpagesize_P = 0x80
START GROUP
LOAD c:/program files (x86)/atollic/truestudio for stm32 9.0.0/armtools/bin/../lib/gcc/arm-atollic-eabi/6.3.1/../../../../arm-atollic-eabi/lib/armv7e-m/fpu\libc_nano.a
LOAD c:/program files (x86)/atollic/truestudio for stm32 9.0.0/armtools/bin/../lib/gcc/arm-atollic-eabi/6.3.1/../../../../arm-atollic-eabi/lib/armv7e-m/fpu\libm.a
END GROUP
START GROUP
LOAD c:/program files (x86)/atollic/truestudio for stm32 9.0.0/armtools/bin/../lib/gcc/arm-atollic-eabi/6.3.1/armv7e-m/fpu\libgcc.a
LOAD c:/program files (x86)/atollic/truestudio for stm32 9.0.0/armtools/bin/../lib/gcc/arm-atollic-eabi/6.3.1/../../../../arm-atollic-eabi/lib/armv7e-m/fpu\libc_nano.a
END GROUP
START GROUP
LOAD c:/program files (x86)/atollic/truestudio for stm32 9.0.0/armtools/bin/../lib/gcc/arm-atollic-eabi/6.3.1/armv7e-m/fpu\libgcc.a
LOAD c:/program files (x86)/atollic/truestudio for stm32 9.0.0/armtools/bin/../lib/gcc/arm-atollic-eabi/6.3.1/../../../../arm-atollic-eabi/lib/armv7e-m/fpu\libc_nano.a
LOAD c:/program files (x86)/atollic/truestudio for stm32 9.0.0/armtools/bin/../lib/gcc/arm-atollic-eabi/6.3.1/../../../../arm-atollic-eabi/lib/armv7e-m/fpu\libnosys.a
END GROUP
START GROUP
LOAD c:/program files (x86)/atollic/truestudio for stm32 9.0.0/armtools/bin/../lib/gcc/arm-atollic-eabi/6.3.1/armv7e-m/fpu\libgcc.a
LOAD c:/program files (x86)/atollic/truestudio for stm32 9.0.0/armtools/bin/../lib/gcc/arm-atollic-eabi/6.3.1/../../../../arm-atollic-eabi/lib/armv7e-m/fpu\libc_nano.a
LOAD c:/program files (x86)/atollic/truestudio for stm32 9.0.0/armtools/bin/../lib/gcc/arm-atollic-eabi/6.3.1/../../../../arm-atollic-eabi/lib/armv7e-m/fpu\libnosys.a
END GROUP
LOAD c:/program files (x86)/atollic/truestudio for stm32 9.0.0/armtools/bin/../lib/gcc/arm-atollic-eabi/6.3.1/armv7e-m/fpu/crtend.o
LOAD c:/program files (x86)/atollic/truestudio for stm32 9.0.0/armtools/bin/../lib/gcc/arm-atollic-eabi/6.3.1/armv7e-m/fpu/crtn.o
                0x20020000                _estack = 0x20020000
                0x00000200                _Min_Heap_Size = 0x200
                0x00000400                _Min_Stack_Size = 0x400

.isr_vector     0x08000000      0x188
                0x08000000                . = ALIGN (0x4)
 *(.isr_vector)
 .isr_vector    0x08000000      0x188 startup\startup_stm32f407xx.o
                0x08000000                g_pfnVectors
                0x08000188                . = ALIGN (0x4)

.text           0x08000190     0x3934
                0x08000190                . = ALIGN (0x4)
 *(.text)
 .text          0x08000190       0x40 c:/program files (x86)/atollic/truestudio for stm32 9.0.0/armtools/bin/../lib/gcc/arm-atollic-eabi/6.3.1/armv7e-m/fpu/crtbegin.o
 .text          0x080001d0       0x30 c:/program files (x86)/atollic/truestudio for stm32 9.0.0/armtools/bin/../lib/gcc/arm-atollic-eabi/6.3.1/armv7e-m/fpu\libgcc.a(_aeabi_uldivmod.o)
                0x080001d0                __aeabi_uldivmod
 .text          0x08000200      0x2dc c:/program files (x86)/atollic/truestudio for stm32 9.0.0/armtools/bin/../lib/gcc/arm-atollic-eabi/6.3.1/armv7e-m/fpu\libgcc.a(_udivmoddi4.o)
                0x08000200                __udivmoddi4
 .text          0x080004dc        0x4 c:/program files (x86)/atollic/truestudio for stm32 9.0.0/armtools/bin/../lib/gcc/arm-atollic-eabi/6.3.1/armv7e-m/fpu\libgcc.a(_dvmd_tls.o)
                0x080004dc                __aeabi_idiv0
                0x080004dc                __aeabi_ldiv0
 *(.text*)
 .text.HAL_InitTick
                0x080004e0       0x48 Drivers\STM32F4xx_HAL_Driver\Src\stm32f4xx_hal.o
                0x080004e0                HAL_InitTick
 .text.HAL_Init
                0x08000528       0x34 Drivers\STM32F4xx_HAL_Driver\Src\stm32f4xx_hal.o
                0x08000528                HAL_Init
 .text.HAL_IncTick
                0x0800055c       0x18 Drivers\STM32F4xx_HAL_Driver\Src\stm32f4xx_hal.o
                0x0800055c                HAL_IncTick
 .text.HAL_GetTick
                0x08000574        0xc Drivers\STM32F4xx_HAL_Driver\Src\stm32f4xx_hal.o
                0x08000574                HAL_GetTick
 .text.HAL_Delay
                0x08000580       0x28 Drivers\STM32F4xx_HAL_Driver\Src\stm32f4xx_hal.o
                0x08000580                HAL_Delay
 .text.HAL_NVIC_SetPriorityGrouping
                0x080005a8       0x24 Drivers\STM32F4xx_HAL_Driver\Src\stm32f4xx_hal_cortex.o
                0x080005a8                HAL_NVIC_SetPriorityGrouping
 .text.HAL_NVIC_SetPriority
                0x080005cc       0x68 Drivers\STM32F4xx_HAL_Driver\Src\stm32f4xx_hal_cortex.o
                0x080005cc                HAL_NVIC_SetPriority
 .text.HAL_NVIC_EnableIRQ
                0x08000634       0x18 Drivers\STM32F4xx_HAL_Driver\Src\stm32f4xx_hal_cortex.o
                0x08000634                HAL_NVIC_EnableIRQ
 .text.HAL_SYSTICK_Config
                0x0800064c       0x2c Drivers\STM32F4xx_HAL_Driver\Src\stm32f4xx_hal_cortex.o
                0x0800064c                HAL_SYSTICK_Config
 .text.HAL_SYSTICK_CLKSourceConfig
                0x08000678       0x18 Drivers\STM32F4xx_HAL_Driver\Src\stm32f4xx_hal_cortex.o
                0x08000678                HAL_SYSTICK_CLKSourceConfig
 .text.HAL_GPIO_Init
                0x08000690      0x1c0 Drivers\STM32F4xx_HAL_Driver\Src\stm32f4xx_hal_gpio.o
                0x08000690                HAL_GPIO_Init
 .text.HAL_GPIO_WritePin
                0x08000850        0xa Drivers\STM32F4xx_HAL_Driver\Src\stm32f4xx_hal_gpio.o
                0x08000850                HAL_GPIO_WritePin
 .text.HAL_PCD_Init
                0x0800085a       0xd8 Drivers\STM32F4xx_HAL_Driver\Src\stm32f4xx_hal_pcd.o
                0x0800085a                HAL_PCD_Init
 .text.HAL_PCD_Start
                0x08000932       0x2a Drivers\STM32F4xx_HAL_Driver\Src\stm32f4xx_hal_pcd.o
                0x08000932                HAL_PCD_Start
 .text.HAL_PCD_IRQHandler
                0x0800095c      0x558 Drivers\STM32F4xx_HAL_Driver\Src\stm32f4xx_hal_pcd.o
                0x0800095c                HAL_PCD_IRQHandler
 .text.HAL_PCD_SetAddress
                0x08000eb4       0x24 Drivers\STM32F4xx_HAL_Driver\Src\stm32f4xx_hal_pcd.o
                0x08000eb4                HAL_PCD_SetAddress
 .text.HAL_PCD_EP_Open
                0x08000ed8       0x5c Drivers\STM32F4xx_HAL_Driver\Src\stm32f4xx_hal_pcd.o
                0x08000ed8                HAL_PCD_EP_Open
 .text.HAL_PCD_EP_Close
                0x08000f34       0x46 Drivers\STM32F4xx_HAL_Driver\Src\stm32f4xx_hal_pcd.o
                0x08000f34                HAL_PCD_EP_Close
 .text.HAL_PCD_EP_Receive
                0x08000f7a       0x48 Drivers\STM32F4xx_HAL_Driver\Src\stm32f4xx_hal_pcd.o
                0x08000f7a                HAL_PCD_EP_Receive
 .text.HAL_PCD_EP_GetRxCount
                0x08000fc2       0x10 Drivers\STM32F4xx_HAL_Driver\Src\stm32f4xx_hal_pcd.o
                0x08000fc2                HAL_PCD_EP_GetRxCount
 .text.HAL_PCD_EP_Transmit
                0x08000fd2       0x40 Drivers\STM32F4xx_HAL_Driver\Src\stm32f4xx_hal_pcd.o
                0x08000fd2                HAL_PCD_EP_Transmit
 .text.HAL_PCD_EP_SetStall
                0x08001012       0x58 Drivers\STM32F4xx_HAL_Driver\Src\stm32f4xx_hal_pcd.o
                0x08001012                HAL_PCD_EP_SetStall
 .text.HAL_PCD_EP_ClrStall
                0x0800106a       0x4a Drivers\STM32F4xx_HAL_Driver\Src\stm32f4xx_hal_pcd.o
                0x0800106a                HAL_PCD_EP_ClrStall
 .text.HAL_PCDEx_SetTxFiFo
                0x080010b4       0x42 Drivers\STM32F4xx_HAL_Driver\Src\stm32f4xx_hal_pcd_ex.o
                0x080010b4                HAL_PCDEx_SetTxFiFo
 .text.HAL_PCDEx_SetRxFiFo
                0x080010f6        0x8 Drivers\STM32F4xx_HAL_Driver\Src\stm32f4xx_hal_pcd_ex.o
                0x080010f6                HAL_PCDEx_SetRxFiFo
 *fill*         0x080010fe        0x2 
 .text.HAL_RCC_OscConfig
                0x08001100      0x304 Drivers\STM32F4xx_HAL_Driver\Src\stm32f4xx_hal_rcc.o
                0x08001100                HAL_RCC_OscConfig
 .text.HAL_RCC_GetSysClockFreq
                0x08001404       0x5c Drivers\STM32F4xx_HAL_Driver\Src\stm32f4xx_hal_rcc.o
                0x08001404                HAL_RCC_GetSysClockFreq
 .text.HAL_RCC_ClockConfig
                0x08001460      0x134 Drivers\STM32F4xx_HAL_Driver\Src\stm32f4xx_hal_rcc.o
                0x08001460                HAL_RCC_ClockConfig
 .text.HAL_RCC_GetHCLKFreq
                0x08001594        0xc Drivers\STM32F4xx_HAL_Driver\Src\stm32f4xx_hal_rcc.o
                0x08001594                HAL_RCC_GetHCLKFreq
 .text.USB_CoreInit
                0x080015a0       0x74 Drivers\STM32F4xx_HAL_Driver\Src\stm32f4xx_ll_usb.o
                0x080015a0                USB_CoreInit
 .text.USB_EnableGlobalInt
                0x08001614        0xc Drivers\STM32F4xx_HAL_Driver\Src\stm32f4xx_ll_usb.o
                0x08001614                USB_EnableGlobalInt
 .text.USB_DisableGlobalInt
                0x08001620        0xc Drivers\STM32F4xx_HAL_Driver\Src\stm32f4xx_ll_usb.o
                0x08001620                USB_DisableGlobalInt
 .text.USB_SetCurrentMode
                0x0800162c       0x2e Drivers\STM32F4xx_HAL_Driver\Src\stm32f4xx_ll_usb.o
                0x0800162c                USB_SetCurrentMode
 *fill*         0x0800165a        0x2 
 .text.USB_DevInit
                0x0800165c      0x138 Drivers\STM32F4xx_HAL_Driver\Src\stm32f4xx_ll_usb.o
                0x0800165c                USB_DevInit
 .text.USB_FlushTxFifo
                0x08001794       0x24 Drivers\STM32F4xx_HAL_Driver\Src\stm32f4xx_ll_usb.o
                0x08001794                USB_FlushTxFifo
 .text.USB_FlushRxFifo
                0x080017b8       0x20 Drivers\STM32F4xx_HAL_Driver\Src\stm32f4xx_ll_usb.o
                0x080017b8                USB_FlushRxFifo
 .text.USB_SetDevSpeed
                0x080017d8        0xe Drivers\STM32F4xx_HAL_Driver\Src\stm32f4xx_ll_usb.o
                0x080017d8                USB_SetDevSpeed
 .text.USB_GetDevSpeed
                0x080017e6       0x36 Drivers\STM32F4xx_HAL_Driver\Src\stm32f4xx_ll_usb.o
                0x080017e6                USB_GetDevSpeed
 .text.USB_ActivateEndpoint
                0x0800181c       0x7e Drivers\STM32F4xx_HAL_Driver\Src\stm32f4xx_ll_usb.o
                0x0800181c                USB_ActivateEndpoint
 .text.USB_DeactivateEndpoint
                0x0800189a        0x4 Drivers\STM32F4xx_HAL_Driver\Src\stm32f4xx_ll_usb.o
                0x0800189a                USB_DeactivateEndpoint
 *fill*         0x0800189e        0x2 
 .text.USB_DeactivateDedicatedEndpoint
                0x080018a0       0xb0 Drivers\STM32F4xx_HAL_Driver\Src\stm32f4xx_ll_usb.o
                0x080018a0                USB_DeactivateDedicatedEndpoint
 .text.USB_EPStartXfer
                0x08001950      0x18c Drivers\STM32F4xx_HAL_Driver\Src\stm32f4xx_ll_usb.o
                0x08001950                USB_EPStartXfer
 .text.USB_EP0StartXfer
                0x08001adc       0xda Drivers\STM32F4xx_HAL_Driver\Src\stm32f4xx_ll_usb.o
                0x08001adc                USB_EP0StartXfer
 .text.USB_WritePacket
                0x08001bb6       0x28 Drivers\STM32F4xx_HAL_Driver\Src\stm32f4xx_ll_usb.o
                0x08001bb6                USB_WritePacket
 .text.USB_ReadPacket
                0x08001bde       0x1c Drivers\STM32F4xx_HAL_Driver\Src\stm32f4xx_ll_usb.o
                0x08001bde                USB_ReadPacket
 .text.USB_EPSetStall
                0x08001bfa       0x3e Drivers\STM32F4xx_HAL_Driver\Src\stm32f4xx_ll_usb.o
                0x08001bfa                USB_EPSetStall
 .text.USB_EPClearStall
                0x08001c38       0x32 Drivers\STM32F4xx_HAL_Driver\Src\stm32f4xx_ll_usb.o
                0x08001c38                USB_EPClearStall
 .text.USB_SetDevAddress
                0x08001c6a       0x20 Drivers\STM32F4xx_HAL_Driver\Src\stm32f4xx_ll_usb.o
                0x08001c6a                USB_SetDevAddress
 .text.USB_DevConnect
                0x08001c8a       0x18 Drivers\STM32F4xx_HAL_Driver\Src\stm32f4xx_ll_usb.o
                0x08001c8a                USB_DevConnect
 .text.USB_DevDisconnect
                0x08001ca2       0x18 Drivers\STM32F4xx_HAL_Driver\Src\stm32f4xx_ll_usb.o
                0x08001ca2                USB_DevDisconnect
 .text.USB_ReadInterrupts
                0x08001cba        0x8 Drivers\STM32F4xx_HAL_Driver\Src\stm32f4xx_ll_usb.o
                0x08001cba                USB_ReadInterrupts
 .text.USB_ReadDevAllOutEpInterrupt
                0x08001cc2       0x10 Drivers\STM32F4xx_HAL_Driver\Src\stm32f4xx_ll_usb.o
                0x08001cc2                USB_ReadDevAllOutEpInterrupt
 .text.USB_ReadDevAllInEpInterrupt
                0x08001cd2       0x10 Drivers\STM32F4xx_HAL_Driver\Src\stm32f4xx_ll_usb.o
                0x08001cd2                USB_ReadDevAllInEpInterrupt
 .text.USB_ReadDevOutEPInterrupt
                0x08001ce2       0x14 Drivers\STM32F4xx_HAL_Driver\Src\stm32f4xx_ll_usb.o
                0x08001ce2                USB_ReadDevOutEPInterrupt
 .text.USB_ReadDevInEPInterrupt
                0x08001cf6       0x20 Drivers\STM32F4xx_HAL_Driver\Src\stm32f4xx_ll_usb.o
                0x08001cf6                USB_ReadDevInEPInterrupt
 .text.USB_GetMode
                0x08001d16        0x8 Drivers\STM32F4xx_HAL_Driver\Src\stm32f4xx_ll_usb.o
                0x08001d16                USB_GetMode
 .text.USB_ActivateSetup
                0x08001d1e       0x36 Drivers\STM32F4xx_HAL_Driver\Src\stm32f4xx_ll_usb.o
                0x08001d1e                USB_ActivateSetup
 .text.USB_EP0_OutStart
                0x08001d54       0x46 Drivers\STM32F4xx_HAL_Driver\Src\stm32f4xx_ll_usb.o
                0x08001d54                USB_EP0_OutStart
 *fill*         0x08001d9a        0x2 
 .text.USB_CoreReset
                0x08001d9c       0x30 Drivers\STM32F4xx_HAL_Driver\Src\stm32f4xx_ll_usb.o
 .text.USBD_CDC_DataIn
                0x08001dcc       0x12 Middlewares\ST\STM32_USB_Device_Library\Class\CDC\Src\usbd_cdc.o
 .text.USBD_CDC_EP0_RxReady
                0x08001dde       0x28 Middlewares\ST\STM32_USB_Device_Library\Class\CDC\Src\usbd_cdc.o
 *fill*         0x08001e06        0x2 
 .text.USBD_CDC_GetFSCfgDesc
                0x08001e08        0xc Middlewares\ST\STM32_USB_Device_Library\Class\CDC\Src\usbd_cdc.o
 .text.USBD_CDC_GetHSCfgDesc
                0x08001e14        0xc Middlewares\ST\STM32_USB_Device_Library\Class\CDC\Src\usbd_cdc.o
 .text.USBD_CDC_GetOtherSpeedCfgDesc
                0x08001e20        0xc Middlewares\ST\STM32_USB_Device_Library\Class\CDC\Src\usbd_cdc.o
 .text.USBD_CDC_GetDeviceQualifierDescriptor
                0x08001e2c        0xc Middlewares\ST\STM32_USB_Device_Library\Class\CDC\Src\usbd_cdc.o
                0x08001e2c                USBD_CDC_GetDeviceQualifierDescriptor
 .text.USBD_CDC_DataOut
                0x08001e38       0x2e Middlewares\ST\STM32_USB_Device_Library\Class\CDC\Src\usbd_cdc.o
 *fill*         0x08001e66        0x2 
 .text.USBD_CDC_Setup
                0x08001e68       0x68 Middlewares\ST\STM32_USB_Device_Library\Class\CDC\Src\usbd_cdc.o
 .text.USBD_CDC_DeInit
                0x08001ed0       0x3a Middlewares\ST\STM32_USB_Device_Library\Class\CDC\Src\usbd_cdc.o
 .text.USBD_CDC_Init
                0x08001f0a       0x8c Middlewares\ST\STM32_USB_Device_Library\Class\CDC\Src\usbd_cdc.o
 .text.USBD_CDC_RegisterInterface
                0x08001f96        0xe Middlewares\ST\STM32_USB_Device_Library\Class\CDC\Src\usbd_cdc.o
                0x08001f96                USBD_CDC_RegisterInterface
 .text.USBD_CDC_SetTxBuffer
                0x08001fa4       0x10 Middlewares\ST\STM32_USB_Device_Library\Class\CDC\Src\usbd_cdc.o
                0x08001fa4                USBD_CDC_SetTxBuffer
 .text.USBD_CDC_SetRxBuffer
                0x08001fb4        0xc Middlewares\ST\STM32_USB_Device_Library\Class\CDC\Src\usbd_cdc.o
                0x08001fb4                USBD_CDC_SetRxBuffer
 .text.USBD_CDC_ReceivePacket
                0x08001fc0       0x26 Middlewares\ST\STM32_USB_Device_Library\Class\CDC\Src\usbd_cdc.o
                0x08001fc0                USBD_CDC_ReceivePacket
 .text.USBD_Init
                0x08001fe6       0x2a Middlewares\ST\STM32_USB_Device_Library\Core\Src\usbd_core.o
                0x08001fe6                USBD_Init
 .text.USBD_RegisterClass
                0x08002010        0xe Middlewares\ST\STM32_USB_Device_Library\Core\Src\usbd_core.o
                0x08002010                USBD_RegisterClass
 .text.USBD_Start
                0x0800201e        0xa Middlewares\ST\STM32_USB_Device_Library\Core\Src\usbd_core.o
                0x0800201e                USBD_Start
 .text.USBD_SetClassConfig
                0x08002028       0x16 Middlewares\ST\STM32_USB_Device_Library\Core\Src\usbd_core.o
                0x08002028                USBD_SetClassConfig
 .text.USBD_ClrClassConfig
                0x0800203e        0xe Middlewares\ST\STM32_USB_Device_Library\Core\Src\usbd_core.o
                0x0800203e                USBD_ClrClassConfig
 .text.USBD_LL_SetupStage
                0x0800204c       0x5a Middlewares\ST\STM32_USB_Device_Library\Core\Src\usbd_core.o
                0x0800204c                USBD_LL_SetupStage
 .text.USBD_LL_DataOutStage
                0x080020a6       0x64 Middlewares\ST\STM32_USB_Device_Library\Core\Src\usbd_core.o
                0x080020a6                USBD_LL_DataOutStage
 .text.USBD_LL_DataInStage
                0x0800210a       0x9e Middlewares\ST\STM32_USB_Device_Library\Core\Src\usbd_core.o
                0x0800210a                USBD_LL_DataInStage
 .text.USBD_LL_Reset
                0x080021a8       0x3e Middlewares\ST\STM32_USB_Device_Library\Core\Src\usbd_core.o
                0x080021a8                USBD_LL_Reset
 .text.USBD_LL_SetSpeed
                0x080021e6        0x6 Middlewares\ST\STM32_USB_Device_Library\Core\Src\usbd_core.o
                0x080021e6                USBD_LL_SetSpeed
 .text.USBD_LL_Suspend
                0x080021ec       0x12 Middlewares\ST\STM32_USB_Device_Library\Core\Src\usbd_core.o
                0x080021ec                USBD_LL_Suspend
 .text.USBD_LL_Resume
                0x080021fe        0xc Middlewares\ST\STM32_USB_Device_Library\Core\Src\usbd_core.o
                0x080021fe                USBD_LL_Resume
 .text.USBD_LL_SOF
                0x0800220a       0x18 Middlewares\ST\STM32_USB_Device_Library\Core\Src\usbd_core.o
                0x0800220a                USBD_LL_SOF
 .text.USBD_LL_IsoINIncomplete
                0x08002222        0x4 Middlewares\ST\STM32_USB_Device_Library\Core\Src\usbd_core.o
                0x08002222                USBD_LL_IsoINIncomplete
 .text.USBD_LL_IsoOUTIncomplete
                0x08002226        0x4 Middlewares\ST\STM32_USB_Device_Library\Core\Src\usbd_core.o
                0x08002226                USBD_LL_IsoOUTIncomplete
 .text.USBD_LL_DevConnected
                0x0800222a        0x4 Middlewares\ST\STM32_USB_Device_Library\Core\Src\usbd_core.o
                0x0800222a                USBD_LL_DevConnected
 .text.USBD_LL_DevDisconnected
                0x0800222e       0x16 Middlewares\ST\STM32_USB_Device_Library\Core\Src\usbd_core.o
                0x0800222e                USBD_LL_DevDisconnected
 .text.USBD_CtlError.constprop.0
                0x08002244       0x16 Middlewares\ST\STM32_USB_Device_Library\Core\Src\usbd_ctlreq.o
 *fill*         0x0800225a        0x2 
 .text.USBD_StdDevReq
                0x0800225c      0x1f4 Middlewares\ST\STM32_USB_Device_Library\Core\Src\usbd_ctlreq.o
                0x0800225c                USBD_StdDevReq
 .text.USBD_StdItfReq
                0x08002450       0x30 Middlewares\ST\STM32_USB_Device_Library\Core\Src\usbd_ctlreq.o
                0x08002450                USBD_StdItfReq
 .text.USBD_StdEPReq
                0x08002480       0xc6 Middlewares\ST\STM32_USB_Device_Library\Core\Src\usbd_ctlreq.o
                0x08002480                USBD_StdEPReq
 .text.USBD_ParseSetupRequest
                0x08002546       0x28 Middlewares\ST\STM32_USB_Device_Library\Core\Src\usbd_ctlreq.o
                0x08002546                USBD_ParseSetupRequest
 .text.USBD_GetString
                0x0800256e       0x38 Middlewares\ST\STM32_USB_Device_Library\Core\Src\usbd_ctlreq.o
                0x0800256e                USBD_GetString
 .text.USBD_CtlSendData
                0x080025a6       0x1a Middlewares\ST\STM32_USB_Device_Library\Core\Src\usbd_ioreq.o
                0x080025a6                USBD_CtlSendData
 .text.USBD_CtlContinueSendData
                0x080025c0       0x10 Middlewares\ST\STM32_USB_Device_Library\Core\Src\usbd_ioreq.o
                0x080025c0                USBD_CtlContinueSendData
 .text.USBD_CtlPrepareRx
                0x080025d0       0x1e Middlewares\ST\STM32_USB_Device_Library\Core\Src\usbd_ioreq.o
                0x080025d0                USBD_CtlPrepareRx
 .text.USBD_CtlContinueRx
                0x080025ee       0x10 Middlewares\ST\STM32_USB_Device_Library\Core\Src\usbd_ioreq.o
                0x080025ee                USBD_CtlContinueRx
 .text.USBD_CtlSendStatus
                0x080025fe       0x16 Middlewares\ST\STM32_USB_Device_Library\Core\Src\usbd_ioreq.o
                0x080025fe                USBD_CtlSendStatus
 .text.USBD_CtlReceiveStatus
                0x08002614       0x16 Middlewares\ST\STM32_USB_Device_Library\Core\Src\usbd_ioreq.o
                0x08002614                USBD_CtlReceiveStatus
 .text.osKernelStart
                0x0800262a        0xa Middlewares\Third_Party\FreeRTOS\Source\CMSIS_RTOS\cmsis_os.o
                0x0800262a                osKernelStart
 .text.osThreadCreate
                0x08002634       0x30 Middlewares\Third_Party\FreeRTOS\Source\CMSIS_RTOS\cmsis_os.o
                0x08002634                osThreadCreate
 .text.osDelay  0x08002664       0x10 Middlewares\Third_Party\FreeRTOS\Source\CMSIS_RTOS\cmsis_os.o
                0x08002664                osDelay
 .text.osSystickHandler
                0x08002674       0x14 Middlewares\Third_Party\FreeRTOS\Source\CMSIS_RTOS\cmsis_os.o
                0x08002674                osSystickHandler
 .text.vListInitialise
                0x08002688       0x16 Middlewares\Third_Party\FreeRTOS\Source\list.o
                0x08002688                vListInitialise
 .text.vListInitialiseItem
                0x0800269e        0x6 Middlewares\Third_Party\FreeRTOS\Source\list.o
                0x0800269e                vListInitialiseItem
 .text.vListInsertEnd
                0x080026a4       0x18 Middlewares\Third_Party\FreeRTOS\Source\list.o
                0x080026a4                vListInsertEnd
 .text.vListInsert
                0x080026bc       0x2e Middlewares\Third_Party\FreeRTOS\Source\list.o
                0x080026bc                vListInsert
 .text.uxListRemove
                0x080026ea       0x20 Middlewares\Third_Party\FreeRTOS\Source\list.o
                0x080026ea                uxListRemove
 *fill*         0x0800270a        0x2 
 .text.prvTaskExitError
                0x0800270c       0x30 Middlewares\Third_Party\FreeRTOS\Source\portable\GCC\ARM_CM4F\port.o
 .text.prvPortStartFirstTask
                0x0800273c       0x20 Middlewares\Third_Party\FreeRTOS\Source\portable\GCC\ARM_CM4F\port.o
 .text.vPortEnableVFP
                0x0800275c       0x14 Middlewares\Third_Party\FreeRTOS\Source\portable\GCC\ARM_CM4F\port.o
 .text.pxPortInitialiseStack
                0x08002770       0x2c Middlewares\Third_Party\FreeRTOS\Source\portable\GCC\ARM_CM4F\port.o
                0x08002770                pxPortInitialiseStack
 *fill*         0x0800279c        0x4 
 .text.SVC_Handler
                0x080027a0       0x24 Middlewares\Third_Party\FreeRTOS\Source\portable\GCC\ARM_CM4F\port.o
                0x080027a0                SVC_Handler
 .text.vPortEnterCritical
                0x080027c4       0x44 Middlewares\Third_Party\FreeRTOS\Source\portable\GCC\ARM_CM4F\port.o
                0x080027c4                vPortEnterCritical
 .text.vPortExitCritical
                0x08002808       0x28 Middlewares\Third_Party\FreeRTOS\Source\portable\GCC\ARM_CM4F\port.o
                0x08002808                vPortExitCritical
 .text.PendSV_Handler
                0x08002830       0x64 Middlewares\Third_Party\FreeRTOS\Source\portable\GCC\ARM_CM4F\port.o
                0x08002830                PendSV_Handler
 .text.xPortSysTickHandler
                0x08002894       0x2c Middlewares\Third_Party\FreeRTOS\Source\portable\GCC\ARM_CM4F\port.o
                0x08002894                xPortSysTickHandler
 .text.vPortSetupTimerInterrupt
                0x080028c0       0x28 Middlewares\Third_Party\FreeRTOS\Source\portable\GCC\ARM_CM4F\port.o
                0x080028c0                vPortSetupTimerInterrupt
 .text.xPortStartScheduler
                0x080028e8       0xec Middlewares\Third_Party\FreeRTOS\Source\portable\GCC\ARM_CM4F\port.o
                0x080028e8                xPortStartScheduler
 .text.unlikely.prvInsertBlockIntoFreeList
                0x080029d4       0x48 Middlewares\Third_Party\FreeRTOS\Source\portable\MemMang\heap_4.o
 .text.pvPortMalloc
                0x08002a1c      0x124 Middlewares\Third_Party\FreeRTOS\Source\portable\MemMang\heap_4.o
                0x08002a1c                pvPortMalloc
 .text.vPortFree
                0x08002b40       0x70 Middlewares\Third_Party\FreeRTOS\Source\portable\MemMang\heap_4.o
                0x08002b40                vPortFree
 .text.prvResetNextTaskUnblockTime
                0x08002bb0       0x24 Middlewares\Third_Party\FreeRTOS\Source\tasks.o
 .text.prvAddCurrentTaskToDelayedList
                0x08002bd4       0x8c Middlewares\Third_Party\FreeRTOS\Source\tasks.o
 .text.xTaskCreate
                0x08002c60      0x1ac Middlewares\Third_Party\FreeRTOS\Source\tasks.o
                0x08002c60                xTaskCreate
 .text.vTaskStartScheduler
                0x08002e0c       0x78 Middlewares\Third_Party\FreeRTOS\Source\tasks.o
                0x08002e0c                vTaskStartScheduler
 .text.vTaskSuspendAll
                0x08002e84       0x10 Middlewares\Third_Party\FreeRTOS\Source\tasks.o
                0x08002e84                vTaskSuspendAll
 .text.xTaskIncrementTick
                0x08002e94      0x124 Middlewares\Third_Party\FreeRTOS\Source\tasks.o
                0x08002e94                xTaskIncrementTick
 .text.xTaskResumeAll
                0x08002fb8       0xf0 Middlewares\Third_Party\FreeRTOS\Source\tasks.o
                0x08002fb8                xTaskResumeAll
 .text.vTaskDelay
                0x080030a8       0x48 Middlewares\Third_Party\FreeRTOS\Source\tasks.o
                0x080030a8                vTaskDelay
 .text.prvIdleTask
                0x080030f0       0x74 Middlewares\Third_Party\FreeRTOS\Source\tasks.o
 .text.vTaskSwitchContext
                0x08003164       0xa4 Middlewares\Third_Party\FreeRTOS\Source\tasks.o
                0x08003164                vTaskSwitchContext
 .text.xTaskGetSchedulerState
                0x08003208       0x20 Middlewares\Third_Party\FreeRTOS\Source\tasks.o
                0x08003208                xTaskGetSchedulerState
 .text.vApplicationStackOverflowHook
                0x08003228        0x2 Src\freertos.o
                0x08003228                vApplicationStackOverflowHook
 .text.vApplicationMallocFailedHook
                0x0800322a        0x2 Src\freertos.o
                0x0800322a                vApplicationMallocFailedHook
 .text.StartDefaultTask
                0x0800322c        0xe Src\main.o
                0x0800322c                StartDefaultTask
 *fill*         0x0800323a        0x2 
 .text.SystemClock_Config
                0x0800323c       0xac Src\main.o
                0x0800323c                SystemClock_Config
 .text.startup.main
                0x080032e8       0x9c Src\main.o
                0x080032e8                main
 .text._Error_Handler
                0x08003384        0x2 Src\main.o
                0x08003384                _Error_Handler
 *fill*         0x08003386        0x2 
 .text.HAL_MspInit
                0x08003388       0x90 Src\stm32f4xx_hal_msp.o
                0x08003388                HAL_MspInit
 .text.NMI_Handler
                0x08003418        0x2 Src\stm32f4xx_it.o
                0x08003418                NMI_Handler
 .text.HardFault_Handler
                0x0800341a        0x2 Src\stm32f4xx_it.o
                0x0800341a                HardFault_Handler
 .text.MemManage_Handler
                0x0800341c        0x2 Src\stm32f4xx_it.o
                0x0800341c                MemManage_Handler
 .text.BusFault_Handler
                0x0800341e        0x2 Src\stm32f4xx_it.o
                0x0800341e                BusFault_Handler
 .text.UsageFault_Handler
                0x08003420        0x2 Src\stm32f4xx_it.o
                0x08003420                UsageFault_Handler
 .text.DebugMon_Handler
                0x08003422        0x2 Src\stm32f4xx_it.o
                0x08003422                DebugMon_Handler
 .text.SysTick_Handler
                0x08003424        0xe Src\stm32f4xx_it.o
                0x08003424                SysTick_Handler
 *fill*         0x08003432        0x2 
 .text.OTG_FS_IRQHandler
                0x08003434        0xc Src\stm32f4xx_it.o
                0x08003434                OTG_FS_IRQHandler
 .text.SystemInit
                0x08003440       0x4c Src\system_stm32f4xx.o
                0x08003440                SystemInit
 .text.MX_USB_DEVICE_Init
                0x0800348c       0x38 Src\usb_device.o
                0x0800348c                MX_USB_DEVICE_Init
 .text.CDC_DeInit_FS
                0x080034c4        0x4 Src\usbd_cdc_if.o
 .text.CDC_Control_FS
                0x080034c8        0x4 Src\usbd_cdc_if.o
 .text.CDC_Receive_FS
                0x080034cc       0x1c Src\usbd_cdc_if.o
 .text.CDC_Init_FS
                0x080034e8       0x28 Src\usbd_cdc_if.o
 .text.HAL_PCD_MspInit
                0x08003510       0x64 Src\usbd_conf.o
                0x08003510                HAL_PCD_MspInit
 .text.HAL_PCD_SetupStageCallback
                0x08003574        0xc Src\usbd_conf.o
                0x08003574                HAL_PCD_SetupStageCallback
 .text.HAL_PCD_DataOutStageCallback
                0x08003580       0x12 Src\usbd_conf.o
                0x08003580                HAL_PCD_DataOutStageCallback
 .text.HAL_PCD_DataInStageCallback
                0x08003592       0x10 Src\usbd_conf.o
                0x08003592                HAL_PCD_DataInStageCallback
 .text.HAL_PCD_SOFCallback
                0x080035a2        0x8 Src\usbd_conf.o
                0x080035a2                HAL_PCD_SOFCallback
 .text.HAL_PCD_ResetCallback
                0x080035aa       0x20 Src\usbd_conf.o
                0x080035aa                HAL_PCD_ResetCallback
 *fill*         0x080035ca        0x2 
 .text.HAL_PCD_SuspendCallback
                0x080035cc       0x30 Src\usbd_conf.o
                0x080035cc                HAL_PCD_SuspendCallback
 .text.HAL_PCD_ResumeCallback
                0x080035fc        0x8 Src\usbd_conf.o
                0x080035fc                HAL_PCD_ResumeCallback
 .text.HAL_PCD_ISOOUTIncompleteCallback
                0x08003604        0x8 Src\usbd_conf.o
                0x08003604                HAL_PCD_ISOOUTIncompleteCallback
 .text.HAL_PCD_ISOINIncompleteCallback
                0x0800360c        0x8 Src\usbd_conf.o
                0x0800360c                HAL_PCD_ISOINIncompleteCallback
 .text.HAL_PCD_ConnectCallback
                0x08003614        0x8 Src\usbd_conf.o
                0x08003614                HAL_PCD_ConnectCallback
 .text.HAL_PCD_DisconnectCallback
                0x0800361c        0x8 Src\usbd_conf.o
                0x0800361c                HAL_PCD_DisconnectCallback
 .text.USBD_LL_Init
                0x08003624       0x68 Src\usbd_conf.o
                0x08003624                USBD_LL_Init
 .text.USBD_LL_Start
                0x0800368c       0x1c Src\usbd_conf.o
                0x0800368c                USBD_LL_Start
 .text.USBD_LL_OpenEP
                0x080036a8       0x20 Src\usbd_conf.o
                0x080036a8                USBD_LL_OpenEP
 .text.USBD_LL_CloseEP
                0x080036c8       0x1c Src\usbd_conf.o
                0x080036c8                USBD_LL_CloseEP
 .text.USBD_LL_StallEP
                0x080036e4       0x1c Src\usbd_conf.o
                0x080036e4                USBD_LL_StallEP
 .text.USBD_LL_ClearStallEP
                0x08003700       0x1c Src\usbd_conf.o
                0x08003700                USBD_LL_ClearStallEP
 .text.USBD_LL_IsStallEP
                0x0800371c       0x26 Src\usbd_conf.o
                0x0800371c                USBD_LL_IsStallEP
 *fill*         0x08003742        0x2 
 .text.USBD_LL_SetUSBAddress
                0x08003744       0x1c Src\usbd_conf.o
                0x08003744                USBD_LL_SetUSBAddress
 .text.USBD_LL_Transmit
                0x08003760       0x1c Src\usbd_conf.o
                0x08003760                USBD_LL_Transmit
 .text.USBD_LL_PrepareReceive
                0x0800377c       0x1c Src\usbd_conf.o
                0x0800377c                USBD_LL_PrepareReceive
 .text.USBD_LL_GetRxDataSize
                0x08003798        0xc Src\usbd_conf.o
                0x08003798                USBD_LL_GetRxDataSize
 .text.USBD_FS_DeviceDescriptor
                0x080037a4        0xc Src\usbd_desc.o
                0x080037a4                USBD_FS_DeviceDescriptor
 .text.USBD_FS_LangIDStrDescriptor
                0x080037b0        0xc Src\usbd_desc.o
                0x080037b0                USBD_FS_LangIDStrDescriptor
 .text.USBD_FS_ManufacturerStrDescriptor
                0x080037bc       0x1c Src\usbd_desc.o
                0x080037bc                USBD_FS_ManufacturerStrDescriptor
 .text.USBD_FS_ProductStrDescriptor
                0x080037d8       0x1c Src\usbd_desc.o
                0x080037d8                USBD_FS_ProductStrDescriptor
 .text.USBD_FS_SerialStrDescriptor
                0x080037f4       0x1c Src\usbd_desc.o
                0x080037f4                USBD_FS_SerialStrDescriptor
 .text.USBD_FS_ConfigStrDescriptor
                0x08003810       0x1c Src\usbd_desc.o
                0x08003810                USBD_FS_ConfigStrDescriptor
 .text.USBD_FS_InterfaceStrDescriptor
                0x0800382c       0x1c Src\usbd_desc.o
                0x0800382c                USBD_FS_InterfaceStrDescriptor
 .text.Reset_Handler
                0x08003848       0x50 startup\startup_stm32f407xx.o
                0x08003848                Reset_Handler
 .text.Default_Handler
                0x08003898        0x2 startup\startup_stm32f407xx.o
                0x08003898                RTC_Alarm_IRQHandler
                0x08003898                HASH_RNG_IRQHandler
                0x08003898                EXTI2_IRQHandler
                0x08003898                TIM8_CC_IRQHandler
                0x08003898                TIM1_CC_IRQHandler
                0x08003898                DMA2_Stream5_IRQHandler
                0x08003898                DMA1_Stream5_IRQHandler
                0x08003898                PVD_IRQHandler
                0x08003898                SDIO_IRQHandler
                0x08003898                TAMP_STAMP_IRQHandler
                0x08003898                CAN2_RX1_IRQHandler
                0x08003898                EXTI3_IRQHandler
                0x08003898                TIM8_TRG_COM_TIM14_IRQHandler
                0x08003898                TIM1_UP_TIM10_IRQHandler
                0x08003898                TIM8_UP_TIM13_IRQHandler
                0x08003898                I2C3_ER_IRQHandler
                0x08003898                EXTI0_IRQHandler
                0x08003898                I2C2_EV_IRQHandler
                0x08003898                DMA1_Stream2_IRQHandler
                0x08003898                CAN1_RX0_IRQHandler
                0x08003898                FPU_IRQHandler
                0x08003898                OTG_HS_WKUP_IRQHandler
                0x08003898                CAN2_SCE_IRQHandler
                0x08003898                DMA2_Stream2_IRQHandler
                0x08003898                SPI1_IRQHandler
                0x08003898                TIM6_DAC_IRQHandler
                0x08003898                TIM1_BRK_TIM9_IRQHandler
                0x08003898                DCMI_IRQHandler
                0x08003898                CAN2_RX0_IRQHandler
                0x08003898                DMA2_Stream3_IRQHandler
                0x08003898                USART6_IRQHandler
                0x08003898                USART3_IRQHandler
                0x08003898                CAN1_RX1_IRQHandler
                0x08003898                UART5_IRQHandler
                0x08003898                DMA2_Stream0_IRQHandler
                0x08003898                TIM4_IRQHandler
                0x08003898                I2C1_EV_IRQHandler
                0x08003898                DMA1_Stream6_IRQHandler
                0x08003898                DMA1_Stream1_IRQHandler
                0x08003898                UART4_IRQHandler
                0x08003898                TIM3_IRQHandler
                0x08003898                RCC_IRQHandler
                0x08003898                TIM8_BRK_TIM12_IRQHandler
                0x08003898                Default_Handler
                0x08003898                EXTI15_10_IRQHandler
                0x08003898                ADC_IRQHandler
                0x08003898                DMA1_Stream7_IRQHandler
                0x08003898                TIM7_IRQHandler
                0x08003898                CAN2_TX_IRQHandler
                0x08003898                TIM5_IRQHandler
                0x08003898                DMA2_Stream7_IRQHandler
                0x08003898                I2C3_EV_IRQHandler
                0x08003898                EXTI9_5_IRQHandler
                0x08003898                RTC_WKUP_IRQHandler
                0x08003898                ETH_WKUP_IRQHandler
                0x08003898                SPI2_IRQHandler
                0x08003898                OTG_HS_EP1_IN_IRQHandler
                0x08003898                DMA1_Stream0_IRQHandler
                0x08003898                CAN1_TX_IRQHandler
                0x08003898                EXTI4_IRQHandler
                0x08003898                FSMC_IRQHandler
                0x08003898                ETH_IRQHandler
                0x08003898                OTG_HS_EP1_OUT_IRQHandler
                0x08003898                WWDG_IRQHandler
                0x08003898                TIM2_IRQHandler
                0x08003898                OTG_FS_WKUP_IRQHandler
                0x08003898                TIM1_TRG_COM_TIM11_IRQHandler
                0x08003898                OTG_HS_IRQHandler
                0x08003898                EXTI1_IRQHandler
                0x08003898                USART2_IRQHandler
                0x08003898                I2C2_ER_IRQHandler
                0x08003898                DMA2_Stream1_IRQHandler
                0x08003898                CAN1_SCE_IRQHandler
                0x08003898                FLASH_IRQHandler
                0x08003898                DMA2_Stream4_IRQHandler
                0x08003898                USART1_IRQHandler
                0x08003898                SPI3_IRQHandler
                0x08003898                DMA1_Stream4_IRQHandler
                0x08003898                I2C1_ER_IRQHandler
                0x08003898                DMA2_Stream6_IRQHandler
                0x08003898                DMA1_Stream3_IRQHandler
 *fill*         0x0800389a        0x2 
 .text.__libc_init_array
                0x0800389c       0x48 c:/program files (x86)/atollic/truestudio for stm32 9.0.0/armtools/bin/../lib/gcc/arm-atollic-eabi/6.3.1/../../../../arm-atollic-eabi/lib/armv7e-m/fpu\libc_nano.a(lib_a-init.o)
                0x0800389c                __libc_init_array
 .text.malloc   0x080038e4       0x10 c:/program files (x86)/atollic/truestudio for stm32 9.0.0/armtools/bin/../lib/gcc/arm-atollic-eabi/6.3.1/../../../../arm-atollic-eabi/lib/armv7e-m/fpu\libc_nano.a(lib_a-malloc.o)
                0x080038e4                malloc
 .text.free     0x080038f4       0x10 c:/program files (x86)/atollic/truestudio for stm32 9.0.0/armtools/bin/../lib/gcc/arm-atollic-eabi/6.3.1/../../../../arm-atollic-eabi/lib/armv7e-m/fpu\libc_nano.a(lib_a-malloc.o)
                0x080038f4                free
 .text.memset   0x08003904       0x10 c:/program files (x86)/atollic/truestudio for stm32 9.0.0/armtools/bin/../lib/gcc/arm-atollic-eabi/6.3.1/../../../../arm-atollic-eabi/lib/armv7e-m/fpu\libc_nano.a(lib_a-memset.o)
                0x08003904                memset
 .text._free_r  0x08003914       0x9c c:/program files (x86)/atollic/truestudio for stm32 9.0.0/armtools/bin/../lib/gcc/arm-atollic-eabi/6.3.1/../../../../arm-atollic-eabi/lib/armv7e-m/fpu\libc_nano.a(lib_a-nano-freer.o)
                0x08003914                _free_r
 .text._malloc_r
                0x080039b0       0xbc c:/program files (x86)/atollic/truestudio for stm32 9.0.0/armtools/bin/../lib/gcc/arm-atollic-eabi/6.3.1/../../../../arm-atollic-eabi/lib/armv7e-m/fpu\libc_nano.a(lib_a-nano-mallocr.o)
                0x080039b0                _malloc_r
 .text._sbrk_r  0x08003a6c       0x20 c:/program files (x86)/atollic/truestudio for stm32 9.0.0/armtools/bin/../lib/gcc/arm-atollic-eabi/6.3.1/../../../../arm-atollic-eabi/lib/armv7e-m/fpu\libc_nano.a(lib_a-sbrkr.o)
                0x08003a6c                _sbrk_r
 .text.__malloc_lock
                0x08003a8c        0x2 c:/program files (x86)/atollic/truestudio for stm32 9.0.0/armtools/bin/../lib/gcc/arm-atollic-eabi/6.3.1/../../../../arm-atollic-eabi/lib/armv7e-m/fpu\libc_nano.a(lib_a-mlock.o)
                0x08003a8c                __malloc_lock
 .text.__malloc_unlock
                0x08003a8e        0x2 c:/program files (x86)/atollic/truestudio for stm32 9.0.0/armtools/bin/../lib/gcc/arm-atollic-eabi/6.3.1/../../../../arm-atollic-eabi/lib/armv7e-m/fpu\libc_nano.a(lib_a-mlock.o)
                0x08003a8e                __malloc_unlock
 .text._sbrk    0x08003a90       0x1c c:/program files (x86)/atollic/truestudio for stm32 9.0.0/armtools/bin/../lib/gcc/arm-atollic-eabi/6.3.1/../../../../arm-atollic-eabi/lib/armv7e-m/fpu\libnosys.a(sbrk.o)
                0x08003a90                _sbrk
 *(.glue_7)
 .glue_7        0x08003aac        0x0 linker stubs
 *(.glue_7t)
 .glue_7t       0x08003aac        0x0 linker stubs
 *(.eh_frame)
 .eh_frame      0x08003aac        0x0 c:/program files (x86)/atollic/truestudio for stm32 9.0.0/armtools/bin/../lib/gcc/arm-atollic-eabi/6.3.1/armv7e-m/fpu/crtbegin.o
 *(.init)
 .init          0x08003aac        0x4 c:/program files (x86)/atollic/truestudio for stm32 9.0.0/armtools/bin/../lib/gcc/arm-atollic-eabi/6.3.1/armv7e-m/fpu/crti.o
                0x08003aac                _init
 .init          0x08003ab0        0x8 c:/program files (x86)/atollic/truestudio for stm32 9.0.0/armtools/bin/../lib/gcc/arm-atollic-eabi/6.3.1/armv7e-m/fpu/crtn.o
 *(.fini)
 .fini          0x08003ab8        0x4 c:/program files (x86)/atollic/truestudio for stm32 9.0.0/armtools/bin/../lib/gcc/arm-atollic-eabi/6.3.1/armv7e-m/fpu/crti.o
                0x08003ab8                _fini
 .fini          0x08003abc        0x8 c:/program files (x86)/atollic/truestudio for stm32 9.0.0/armtools/bin/../lib/gcc/arm-atollic-eabi/6.3.1/armv7e-m/fpu/crtn.o
                0x08003ac4                . = ALIGN (0x4)
                0x08003ac4                _etext = .

.vfp11_veneer   0x08003ac4        0x0
 .vfp11_veneer  0x08003ac4        0x0 linker stubs

.v4_bx          0x08003ac4        0x0
 .v4_bx         0x08003ac4        0x0 linker stubs

.iplt           0x08003ac4        0x0
 .iplt          0x08003ac4        0x0 c:/program files (x86)/atollic/truestudio for stm32 9.0.0/armtools/bin/../lib/gcc/arm-atollic-eabi/6.3.1/armv7e-m/fpu/crtbegin.o

.rodata         0x08003ac4       0x9c
                0x08003ac4                . = ALIGN (0x4)
 *(.rodata)
 .rodata        0x08003ac4       0x14 Src\main.o
 *(.rodata*)
 .rodata.vTaskStartScheduler.str1.1
                0x08003ad8        0x5 Middlewares\Third_Party\FreeRTOS\Source\tasks.o
 .rodata.str1.1
                0x08003add        0xc Src\main.o
 .rodata.AHBPrescTable
                0x08003ae9       0x10 Src\system_stm32f4xx.o
                0x08003ae9                AHBPrescTable
 .rodata.CSWTCH.39
                0x08003af9        0x4 Src\usbd_conf.o
 .rodata.USBD_LL_Init.str1.1
                0x08003afd       0x13 Src\usbd_conf.o
 .rodata.USBD_FS_ConfigStrDescriptor.str1.1
                0x08003b10        0xb Src\usbd_desc.o
 .rodata.USBD_FS_InterfaceStrDescriptor.str1.1
                0x08003b1b        0xe Src\usbd_desc.o
 .rodata.USBD_FS_ManufacturerStrDescriptor.str1.1
                0x08003b29       0x13 Src\usbd_desc.o
 .rodata.USBD_FS_ProductStrDescriptor.str1.1
                0x08003b3c       0x16 Src\usbd_desc.o
 .rodata.USBD_FS_SerialStrDescriptor.str1.1
                0x08003b52        0xd Src\usbd_desc.o
                0x08003b60                . = ALIGN (0x4)
 *fill*         0x08003b5f        0x1 

.ARM.extab
 *(.ARM.extab* .gnu.linkonce.armextab.*)

.ARM            0x08003b60        0x8
                0x08003b60                __exidx_start = .
 *(.ARM.exidx*)
 .ARM.exidx     0x08003b60        0x8 c:/program files (x86)/atollic/truestudio for stm32 9.0.0/armtools/bin/../lib/gcc/arm-atollic-eabi/6.3.1/armv7e-m/fpu\libgcc.a(_udivmoddi4.o)
                0x08003b68                __exidx_end = .

.rel.dyn        0x08003b68        0x0
 .rel.iplt      0x08003b68        0x0 c:/program files (x86)/atollic/truestudio for stm32 9.0.0/armtools/bin/../lib/gcc/arm-atollic-eabi/6.3.1/armv7e-m/fpu/crtbegin.o

.preinit_array  0x08003b68        0x0
                0x08003b68                PROVIDE (__preinit_array_start, .)
 *(.preinit_array*)
                0x08003b68                PROVIDE (__preinit_array_end, .)

.init_array     0x08003b68        0x4
                0x08003b68                PROVIDE (__init_array_start, .)
 *(SORT(.init_array.*))
 *(.init_array*)
 .init_array    0x08003b68        0x4 c:/program files (x86)/atollic/truestudio for stm32 9.0.0/armtools/bin/../lib/gcc/arm-atollic-eabi/6.3.1/armv7e-m/fpu/crtbegin.o
                0x08003b6c                PROVIDE (__init_array_end, .)

.fini_array     0x08003b6c        0x4
                [!provide]                PROVIDE (__fini_array_start, .)
 *(SORT(.fini_array.*))
 *(.fini_array*)
 .fini_array    0x08003b6c        0x4 c:/program files (x86)/atollic/truestudio for stm32 9.0.0/armtools/bin/../lib/gcc/arm-atollic-eabi/6.3.1/armv7e-m/fpu/crtbegin.o
                [!provide]                PROVIDE (__fini_array_end, .)
                0x08003b70                _sidata = LOADADDR (.data)

.data           0x20000000      0x1c8 load address 0x08003b70
                0x20000000                . = ALIGN (0x4)
                0x20000000                _sdata = .
 *(.data)
 *(.data*)
 .data.uwTickFreq
                0x20000000        0x1 Drivers\STM32F4xx_HAL_Driver\Src\stm32f4xx_hal.o
                0x20000000                uwTickFreq
 *fill*         0x20000001        0x3 
 .data.uwTickPrio
                0x20000004        0x4 Drivers\STM32F4xx_HAL_Driver\Src\stm32f4xx_hal.o
                0x20000004                uwTickPrio
 .data.USBD_CDC
                0x20000008       0x38 Middlewares\ST\STM32_USB_Device_Library\Class\CDC\Src\usbd_cdc.o
                0x20000008                USBD_CDC
 .data.USBD_CDC_CfgFSDesc
                0x20000040       0x43 Middlewares\ST\STM32_USB_Device_Library\Class\CDC\Src\usbd_cdc.o
                0x20000040                USBD_CDC_CfgFSDesc
 *fill*         0x20000083        0x1 
 .data.USBD_CDC_CfgHSDesc
                0x20000084       0x43 Middlewares\ST\STM32_USB_Device_Library\Class\CDC\Src\usbd_cdc.o
                0x20000084                USBD_CDC_CfgHSDesc
 *fill*         0x200000c7        0x1 
 .data.USBD_CDC_DeviceQualifierDesc
                0x200000c8        0xa Middlewares\ST\STM32_USB_Device_Library\Class\CDC\Src\usbd_cdc.o
 *fill*         0x200000d2        0x2 
 .data.USBD_CDC_OtherSpeedCfgDesc
                0x200000d4       0x43 Middlewares\ST\STM32_USB_Device_Library\Class\CDC\Src\usbd_cdc.o
                0x200000d4                USBD_CDC_OtherSpeedCfgDesc
 *fill*         0x20000117        0x1 
 .data.uxCriticalNesting
                0x20000118        0x4 Middlewares\Third_Party\FreeRTOS\Source\portable\GCC\ARM_CM4F\port.o
 .data.SystemCoreClock
                0x2000011c        0x4 Src\system_stm32f4xx.o
                0x2000011c                SystemCoreClock
 .data.USBD_Interface_fops_FS
                0x20000120       0x10 Src\usbd_cdc_if.o
                0x20000120                USBD_Interface_fops_FS
 .data.FS_Desc  0x20000130       0x1c Src\usbd_desc.o
                0x20000130                FS_Desc
 .data.USBD_FS_DeviceDesc
                0x2000014c       0x12 Src\usbd_desc.o
                0x2000014c                USBD_FS_DeviceDesc
 *fill*         0x2000015e        0x2 
 .data.USBD_LangIDDesc
                0x20000160        0x4 Src\usbd_desc.o
                0x20000160                USBD_LangIDDesc
 .data._impure_ptr
                0x20000164        0x4 c:/program files (x86)/atollic/truestudio for stm32 9.0.0/armtools/bin/../lib/gcc/arm-atollic-eabi/6.3.1/../../../../arm-atollic-eabi/lib/armv7e-m/fpu\libc_nano.a(lib_a-impure.o)
                0x20000164                _impure_ptr
 .data.impure_data
                0x20000168       0x60 c:/program files (x86)/atollic/truestudio for stm32 9.0.0/armtools/bin/../lib/gcc/arm-atollic-eabi/6.3.1/../../../../arm-atollic-eabi/lib/armv7e-m/fpu\libc_nano.a(lib_a-impure.o)
                0x200001c8                . = ALIGN (0x4)
                0x200001c8                _edata = .
                0x08003d38                _siccmram = LOADADDR (.ccmram)

.igot.plt       0x200001c8        0x0 load address 0x08003d38
 .igot.plt      0x200001c8        0x0 c:/program files (x86)/atollic/truestudio for stm32 9.0.0/armtools/bin/../lib/gcc/arm-atollic-eabi/6.3.1/armv7e-m/fpu/crtbegin.o

.ccmram         0x10000000        0x0 load address 0x08003d38
                0x10000000                . = ALIGN (0x4)
                0x10000000                _sccmram = .
 *(.ccmram)
 *(.ccmram*)
                0x10000000                . = ALIGN (0x4)
                0x10000000                _eccmram = .
                0x10000000                . = ALIGN (0x4)

.bss            0x200001c8     0x5594
                0x200001c8                _sbss = .
                0x200001c8                __bss_start__ = _sbss
 *(.bss)
 .bss           0x200001c8       0x1c c:/program files (x86)/atollic/truestudio for stm32 9.0.0/armtools/bin/../lib/gcc/arm-atollic-eabi/6.3.1/armv7e-m/fpu/crtbegin.o
 *(.bss*)
 .bss.ifalt.9350
                0x200001e4        0x1 Middlewares\ST\STM32_USB_Device_Library\Class\CDC\Src\usbd_cdc.o
 .bss.cfgidx.9355
                0x200001e5        0x1 Middlewares\ST\STM32_USB_Device_Library\Core\Src\usbd_ctlreq.o
 .bss.ucMaxSysCallPriority
                0x200001e6        0x1 Middlewares\Third_Party\FreeRTOS\Source\portable\GCC\ARM_CM4F\port.o
 *fill*         0x200001e7        0x1 
 .bss.ulMaxPRIGROUPValue
                0x200001e8        0x4 Middlewares\Third_Party\FreeRTOS\Source\portable\GCC\ARM_CM4F\port.o
 .bss.pxEnd     0x200001ec        0x4 Middlewares\Third_Party\FreeRTOS\Source\portable\MemMang\heap_4.o
 .bss.ucHeap    0x200001f0     0x3c00 Middlewares\Third_Party\FreeRTOS\Source\portable\MemMang\heap_4.o
 .bss.xBlockAllocatedBit
                0x20003df0        0x4 Middlewares\Third_Party\FreeRTOS\Source\portable\MemMang\heap_4.o
 .bss.xFreeBytesRemaining
                0x20003df4        0x4 Middlewares\Third_Party\FreeRTOS\Source\portable\MemMang\heap_4.o
 .bss.xMinimumEverFreeBytesRemaining
                0x20003df8        0x4 Middlewares\Third_Party\FreeRTOS\Source\portable\MemMang\heap_4.o
 .bss.xStart    0x20003dfc        0x8 Middlewares\Third_Party\FreeRTOS\Source\portable\MemMang\heap_4.o
 .bss.pxCurrentTCB
                0x20003e04        0x4 Middlewares\Third_Party\FreeRTOS\Source\tasks.o
                0x20003e04                pxCurrentTCB
 .bss.pxDelayedTaskList
                0x20003e08        0x4 Middlewares\Third_Party\FreeRTOS\Source\tasks.o
 .bss.pxOverflowDelayedTaskList
                0x20003e0c        0x4 Middlewares\Third_Party\FreeRTOS\Source\tasks.o
 .bss.pxReadyTasksLists
                0x20003e10       0x8c Middlewares\Third_Party\FreeRTOS\Source\tasks.o
 .bss.uxCurrentNumberOfTasks
                0x20003e9c        0x4 Middlewares\Third_Party\FreeRTOS\Source\tasks.o
 .bss.uxDeletedTasksWaitingCleanUp
                0x20003ea0        0x4 Middlewares\Third_Party\FreeRTOS\Source\tasks.o
 .bss.uxPendedTicks
                0x20003ea4        0x4 Middlewares\Third_Party\FreeRTOS\Source\tasks.o
 .bss.uxSchedulerSuspended
                0x20003ea8        0x4 Middlewares\Third_Party\FreeRTOS\Source\tasks.o
 .bss.uxTaskNumber
                0x20003eac        0x4 Middlewares\Third_Party\FreeRTOS\Source\tasks.o
 .bss.uxTopReadyPriority
                0x20003eb0        0x4 Middlewares\Third_Party\FreeRTOS\Source\tasks.o
 .bss.xDelayedTaskList1
                0x20003eb4       0x14 Middlewares\Third_Party\FreeRTOS\Source\tasks.o
 .bss.xDelayedTaskList2
                0x20003ec8       0x14 Middlewares\Third_Party\FreeRTOS\Source\tasks.o
 .bss.xIdleTaskHandle
                0x20003edc        0x4 Middlewares\Third_Party\FreeRTOS\Source\tasks.o
 .bss.xNextTaskUnblockTime
                0x20003ee0        0x4 Middlewares\Third_Party\FreeRTOS\Source\tasks.o
 .bss.xNumOfOverflows
                0x20003ee4        0x4 Middlewares\Third_Party\FreeRTOS\Source\tasks.o
 .bss.xPendingReadyList
                0x20003ee8       0x14 Middlewares\Third_Party\FreeRTOS\Source\tasks.o
 .bss.xSchedulerRunning
                0x20003efc        0x4 Middlewares\Third_Party\FreeRTOS\Source\tasks.o
 .bss.xSuspendedTaskList
                0x20003f00       0x14 Middlewares\Third_Party\FreeRTOS\Source\tasks.o
 .bss.xTasksWaitingTermination
                0x20003f14       0x14 Middlewares\Third_Party\FreeRTOS\Source\tasks.o
 .bss.xTickCount
                0x20003f28        0x4 Middlewares\Third_Party\FreeRTOS\Source\tasks.o
 .bss.xYieldPending
                0x20003f2c        0x4 Middlewares\Third_Party\FreeRTOS\Source\tasks.o
 .bss.__malloc_free_list
                0x20003f30        0x4 c:/program files (x86)/atollic/truestudio for stm32 9.0.0/armtools/bin/../lib/gcc/arm-atollic-eabi/6.3.1/../../../../arm-atollic-eabi/lib/armv7e-m/fpu\libc_nano.a(lib_a-nano-mallocr.o)
                0x20003f30                __malloc_free_list
 .bss.__malloc_sbrk_start
                0x20003f34        0x4 c:/program files (x86)/atollic/truestudio for stm32 9.0.0/armtools/bin/../lib/gcc/arm-atollic-eabi/6.3.1/../../../../arm-atollic-eabi/lib/armv7e-m/fpu\libc_nano.a(lib_a-nano-mallocr.o)
                0x20003f34                __malloc_sbrk_start
 .bss.heap_end.5239
                0x20003f38        0x4 c:/program files (x86)/atollic/truestudio for stm32 9.0.0/armtools/bin/../lib/gcc/arm-atollic-eabi/6.3.1/../../../../arm-atollic-eabi/lib/armv7e-m/fpu\libnosys.a(sbrk.o)
 *(COMMON)
 COMMON         0x20003f3c        0x4 Drivers\STM32F4xx_HAL_Driver\Src\stm32f4xx_hal.o
                0x20003f3c                uwTick
 COMMON         0x20003f40        0x4 Src\main.o
                0x20003f40                defaultTaskHandle
 COMMON         0x20003f44      0x224 Src\usb_device.o
                0x20003f44                hUsbDeviceFS
 COMMON         0x20004168     0x1000 Src\usbd_cdc_if.o
                0x20004168                UserRxBufferFS
                0x20004968                UserTxBufferFS
 COMMON         0x20005168      0x3f0 Src\usbd_conf.o
                0x20005168                hpcd_USB_OTG_FS
 COMMON         0x20005558      0x200 Src\usbd_desc.o
                0x20005558                USBD_StrDesc
 COMMON         0x20005758        0x4 c:/program files (x86)/atollic/truestudio for stm32 9.0.0/armtools/bin/../lib/gcc/arm-atollic-eabi/6.3.1/../../../../arm-atollic-eabi/lib/armv7e-m/fpu\libc_nano.a(lib_a-reent.o)
                0x20005758                errno
                0x2000575c                . = ALIGN (0x4)
                0x2000575c                _ebss = .
                0x2000575c                __bss_end__ = _ebss

._user_heap_stack
                0x2000575c      0x600
                0x2000575c                . = ALIGN (0x4)
                0x2000575c                PROVIDE (end, .)
                [!provide]                PROVIDE (_end, .)
                0x2000595c                . = (. + _Min_Heap_Size)
 *fill*         0x2000575c      0x200 
                0x20005d5c                . = (. + _Min_Stack_Size)
 *fill*         0x2000595c      0x400 
                0x20005d5c                . = ALIGN (0x4)

/DISCARD/
 libc.a(*)
 libm.a(*)
 libgcc.a(*)

.ARM.attributes
                0x00000000       0x30
 *(.ARM.attributes)
 .ARM.attributes
                0x00000000       0x22 c:/program files (x86)/atollic/truestudio for stm32 9.0.0/armtools/bin/../lib/gcc/arm-atollic-eabi/6.3.1/armv7e-m/fpu/crti.o
 .ARM.attributes
                0x00000022       0x34 c:/program files (x86)/atollic/truestudio for stm32 9.0.0/armtools/bin/../lib/gcc/arm-atollic-eabi/6.3.1/armv7e-m/fpu/crtbegin.o
 .ARM.attributes
                0x00000056       0x39 Drivers\STM32F4xx_HAL_Driver\Src\stm32f4xx_hal.o
 .ARM.attributes
                0x0000008f       0x39 Drivers\STM32F4xx_HAL_Driver\Src\stm32f4xx_hal_cortex.o
 .ARM.attributes
                0x000000c8       0x39 Drivers\STM32F4xx_HAL_Driver\Src\stm32f4xx_hal_gpio.o
 .ARM.attributes
                0x00000101       0x39 Drivers\STM32F4xx_HAL_Driver\Src\stm32f4xx_hal_pcd.o
 .ARM.attributes
                0x0000013a       0x39 Drivers\STM32F4xx_HAL_Driver\Src\stm32f4xx_hal_pcd_ex.o
 .ARM.attributes
                0x00000173       0x39 Drivers\STM32F4xx_HAL_Driver\Src\stm32f4xx_hal_rcc.o
 .ARM.attributes
                0x000001ac       0x39 Drivers\STM32F4xx_HAL_Driver\Src\stm32f4xx_ll_usb.o
 .ARM.attributes
                0x000001e5       0x39 Middlewares\ST\STM32_USB_Device_Library\Class\CDC\Src\usbd_cdc.o
 .ARM.attributes
                0x0000021e       0x39 Middlewares\ST\STM32_USB_Device_Library\Core\Src\usbd_core.o
 .ARM.attributes
                0x00000257       0x39 Middlewares\ST\STM32_USB_Device_Library\Core\Src\usbd_ctlreq.o
 .ARM.attributes
                0x00000290       0x39 Middlewares\ST\STM32_USB_Device_Library\Core\Src\usbd_ioreq.o
 .ARM.attributes
                0x000002c9       0x39 Middlewares\Third_Party\FreeRTOS\Source\CMSIS_RTOS\cmsis_os.o
 .ARM.attributes
                0x00000302       0x39 Middlewares\Third_Party\FreeRTOS\Source\list.o
 .ARM.attributes
                0x0000033b       0x39 Middlewares\Third_Party\FreeRTOS\Source\portable\GCC\ARM_CM4F\port.o
 .ARM.attributes
                0x00000374       0x39 Middlewares\Third_Party\FreeRTOS\Source\portable\MemMang\heap_4.o
 .ARM.attributes
                0x000003ad       0x39 Middlewares\Third_Party\FreeRTOS\Source\tasks.o
 .ARM.attributes
                0x000003e6       0x39 Src\freertos.o
 .ARM.attributes
                0x0000041f       0x39 Src\main.o
 .ARM.attributes
                0x00000458       0x39 Src\stm32f4xx_hal_msp.o
 .ARM.attributes
                0x00000491       0x39 Src\stm32f4xx_it.o
 .ARM.attributes
                0x000004ca       0x39 Src\system_stm32f4xx.o
 .ARM.attributes
                0x00000503       0x39 Src\usb_device.o
 .ARM.attributes
                0x0000053c       0x39 Src\usbd_cdc_if.o
 .ARM.attributes
                0x00000575       0x39 Src\usbd_conf.o
 .ARM.attributes
                0x000005ae       0x39 Src\usbd_desc.o
 .ARM.attributes
                0x000005e7       0x21 startup\startup_stm32f407xx.o
 .ARM.attributes
                0x00000608       0x34 c:/program files (x86)/atollic/truestudio for stm32 9.0.0/armtools/bin/../lib/gcc/arm-atollic-eabi/6.3.1/../../../../arm-atollic-eabi/lib/armv7e-m/fpu\libc_nano.a(lib_a-init.o)
 .ARM.attributes
                0x0000063c       0x34 c:/program files (x86)/atollic/truestudio for stm32 9.0.0/armtools/bin/../lib/gcc/arm-atollic-eabi/6.3.1/../../../../arm-atollic-eabi/lib/armv7e-m/fpu\libc_nano.a(lib_a-malloc.o)
 .ARM.attributes
                0x00000670       0x34 c:/program files (x86)/atollic/truestudio for stm32 9.0.0/armtools/bin/../lib/gcc/arm-atollic-eabi/6.3.1/../../../../arm-atollic-eabi/lib/armv7e-m/fpu\libc_nano.a(lib_a-memset.o)
 .ARM.attributes
                0x000006a4       0x34 c:/program files (x86)/atollic/truestudio for stm32 9.0.0/armtools/bin/../lib/gcc/arm-atollic-eabi/6.3.1/../../../../arm-atollic-eabi/lib/armv7e-m/fpu\libc_nano.a(lib_a-nano-freer.o)
 .ARM.attributes
                0x000006d8       0x34 c:/program files (x86)/atollic/truestudio for stm32 9.0.0/armtools/bin/../lib/gcc/arm-atollic-eabi/6.3.1/../../../../arm-atollic-eabi/lib/armv7e-m/fpu\libc_nano.a(lib_a-nano-mallocr.o)
 .ARM.attributes
                0x0000070c       0x34 c:/program files (x86)/atollic/truestudio for stm32 9.0.0/armtools/bin/../lib/gcc/arm-atollic-eabi/6.3.1/../../../../arm-atollic-eabi/lib/armv7e-m/fpu\libc_nano.a(lib_a-sbrkr.o)
 .ARM.attributes
                0x00000740       0x34 c:/program files (x86)/atollic/truestudio for stm32 9.0.0/armtools/bin/../lib/gcc/arm-atollic-eabi/6.3.1/../../../../arm-atollic-eabi/lib/armv7e-m/fpu\libc_nano.a(lib_a-impure.o)
 .ARM.attributes
                0x00000774       0x34 c:/program files (x86)/atollic/truestudio for stm32 9.0.0/armtools/bin/../lib/gcc/arm-atollic-eabi/6.3.1/../../../../arm-atollic-eabi/lib/armv7e-m/fpu\libc_nano.a(lib_a-mlock.o)
 .ARM.attributes
                0x000007a8       0x34 c:/program files (x86)/atollic/truestudio for stm32 9.0.0/armtools/bin/../lib/gcc/arm-atollic-eabi/6.3.1/../../../../arm-atollic-eabi/lib/armv7e-m/fpu\libc_nano.a(lib_a-reent.o)
 .ARM.attributes
                0x000007dc       0x22 c:/program files (x86)/atollic/truestudio for stm32 9.0.0/armtools/bin/../lib/gcc/arm-atollic-eabi/6.3.1/armv7e-m/fpu\libgcc.a(_aeabi_uldivmod.o)
 .ARM.attributes
                0x000007fe       0x34 c:/program files (x86)/atollic/truestudio for stm32 9.0.0/armtools/bin/../lib/gcc/arm-atollic-eabi/6.3.1/armv7e-m/fpu\libgcc.a(_udivmoddi4.o)
 .ARM.attributes
                0x00000832       0x22 c:/program files (x86)/atollic/truestudio for stm32 9.0.0/armtools/bin/../lib/gcc/arm-atollic-eabi/6.3.1/armv7e-m/fpu\libgcc.a(_dvmd_tls.o)
 .ARM.attributes
                0x00000854       0x34 c:/program files (x86)/atollic/truestudio for stm32 9.0.0/armtools/bin/../lib/gcc/arm-atollic-eabi/6.3.1/../../../../arm-atollic-eabi/lib/armv7e-m/fpu\libnosys.a(sbrk.o)
 .ARM.attributes
                0x00000888       0x22 c:/program files (x86)/atollic/truestudio for stm32 9.0.0/armtools/bin/../lib/gcc/arm-atollic-eabi/6.3.1/armv7e-m/fpu/crtn.o
OUTPUT(ADHOC07.elf elf32-littlearm)

.debug_info     0x00000000    0x1df5b
 .debug_info    0x00000000     0x11ec Drivers\STM32F4xx_HAL_Driver\Src\stm32f4xx_hal.o
 .debug_info    0x000011ec     0x1744 Drivers\STM32F4xx_HAL_Driver\Src\stm32f4xx_hal_cortex.o
 .debug_info    0x00002930      0xf88 Drivers\STM32F4xx_HAL_Driver\Src\stm32f4xx_hal_gpio.o
 .debug_info    0x000038b8     0x1c57 Drivers\STM32F4xx_HAL_Driver\Src\stm32f4xx_hal_pcd.o
 .debug_info    0x0000550f      0xdc5 Drivers\STM32F4xx_HAL_Driver\Src\stm32f4xx_hal_pcd_ex.o
 .debug_info    0x000062d4     0x1269 Drivers\STM32F4xx_HAL_Driver\Src\stm32f4xx_hal_rcc.o
 .debug_info    0x0000753d     0x1f59 Drivers\STM32F4xx_HAL_Driver\Src\stm32f4xx_ll_usb.o
 .debug_info    0x00009496     0x14f6 Middlewares\ST\STM32_USB_Device_Library\Class\CDC\Src\usbd_cdc.o
 .debug_info    0x0000a98c     0x1466 Middlewares\ST\STM32_USB_Device_Library\Core\Src\usbd_core.o
 .debug_info    0x0000bdf2     0x1499 Middlewares\ST\STM32_USB_Device_Library\Core\Src\usbd_ctlreq.o
 .debug_info    0x0000d28b      0xfc5 Middlewares\ST\STM32_USB_Device_Library\Core\Src\usbd_ioreq.o
 .debug_info    0x0000e250     0x251d Middlewares\Third_Party\FreeRTOS\Source\CMSIS_RTOS\cmsis_os.o
 .debug_info    0x0001076d      0xac0 Middlewares\Third_Party\FreeRTOS\Source\list.o
 .debug_info    0x0001122d      0x531 Middlewares\Third_Party\FreeRTOS\Source\portable\GCC\ARM_CM4F\port.o
 .debug_info    0x0001175e      0xcd0 Middlewares\Third_Party\FreeRTOS\Source\portable\MemMang\heap_4.o
 .debug_info    0x0001242e     0x29ed Middlewares\Third_Party\FreeRTOS\Source\tasks.o
 .debug_info    0x00014e1b       0xf6 Src\freertos.o
 .debug_info    0x00014f11     0x1784 Src\main.o
 .debug_info    0x00016695      0xe51 Src\stm32f4xx_hal_msp.o
 .debug_info    0x000174e6      0xdd3 Src\stm32f4xx_it.o
 .debug_info    0x000182b9      0xd1c Src\system_stm32f4xx.o
 .debug_info    0x00018fd5      0xe80 Src\usb_device.o
 .debug_info    0x00019e55     0x1090 Src\usbd_cdc_if.o
 .debug_info    0x0001aee5     0x2282 Src\usbd_conf.o
 .debug_info    0x0001d167      0xd81 Src\usbd_desc.o
 .debug_info    0x0001dee8       0x73 startup\startup_stm32f407xx.o

.debug_abbrev   0x00000000     0x4400
 .debug_abbrev  0x00000000      0x308 Drivers\STM32F4xx_HAL_Driver\Src\stm32f4xx_hal.o
 .debug_abbrev  0x00000308      0x399 Drivers\STM32F4xx_HAL_Driver\Src\stm32f4xx_hal_cortex.o
 .debug_abbrev  0x000006a1      0x268 Drivers\STM32F4xx_HAL_Driver\Src\stm32f4xx_hal_gpio.o
 .debug_abbrev  0x00000909      0x397 Drivers\STM32F4xx_HAL_Driver\Src\stm32f4xx_hal_pcd.o
 .debug_abbrev  0x00000ca0      0x213 Drivers\STM32F4xx_HAL_Driver\Src\stm32f4xx_hal_pcd_ex.o
 .debug_abbrev  0x00000eb3      0x353 Drivers\STM32F4xx_HAL_Driver\Src\stm32f4xx_hal_rcc.o
 .debug_abbrev  0x00001206      0x380 Drivers\STM32F4xx_HAL_Driver\Src\stm32f4xx_ll_usb.o
 .debug_abbrev  0x00001586      0x2e8 Middlewares\ST\STM32_USB_Device_Library\Class\CDC\Src\usbd_cdc.o
 .debug_abbrev  0x0000186e      0x308 Middlewares\ST\STM32_USB_Device_Library\Core\Src\usbd_core.o
 .debug_abbrev  0x00001b76      0x3aa Middlewares\ST\STM32_USB_Device_Library\Core\Src\usbd_ctlreq.o
 .debug_abbrev  0x00001f20      0x1da Middlewares\ST\STM32_USB_Device_Library\Core\Src\usbd_ioreq.o
 .debug_abbrev  0x000020fa      0x450 Middlewares\Third_Party\FreeRTOS\Source\CMSIS_RTOS\cmsis_os.o
 .debug_abbrev  0x0000254a      0x1e3 Middlewares\Third_Party\FreeRTOS\Source\list.o
 .debug_abbrev  0x0000272d      0x211 Middlewares\Third_Party\FreeRTOS\Source\portable\GCC\ARM_CM4F\port.o
 .debug_abbrev  0x0000293e      0x330 Middlewares\Third_Party\FreeRTOS\Source\portable\MemMang\heap_4.o
 .debug_abbrev  0x00002c6e      0x428 Middlewares\Third_Party\FreeRTOS\Source\tasks.o
 .debug_abbrev  0x00003096       0x99 Src\freertos.o
 .debug_abbrev  0x0000312f      0x2e3 Src\main.o
 .debug_abbrev  0x00003412      0x200 Src\stm32f4xx_hal_msp.o
 .debug_abbrev  0x00003612      0x23e Src\stm32f4xx_it.o
 .debug_abbrev  0x00003850      0x1ca Src\system_stm32f4xx.o
 .debug_abbrev  0x00003a1a      0x1e0 Src\usb_device.o
 .debug_abbrev  0x00003bfa      0x2ab Src\usbd_cdc_if.o
 .debug_abbrev  0x00003ea5      0x2e8 Src\usbd_conf.o
 .debug_abbrev  0x0000418d      0x261 Src\usbd_desc.o
 .debug_abbrev  0x000043ee       0x12 startup\startup_stm32f407xx.o

.debug_loc      0x00000000     0x7a44
 .debug_loc     0x00000000      0x11b Drivers\STM32F4xx_HAL_Driver\Src\stm32f4xx_hal.o
 .debug_loc     0x0000011b      0x4fb Drivers\STM32F4xx_HAL_Driver\Src\stm32f4xx_hal_cortex.o
 .debug_loc     0x00000616      0x3cd Drivers\STM32F4xx_HAL_Driver\Src\stm32f4xx_hal_gpio.o
 .debug_loc     0x000009e3      0xb60 Drivers\STM32F4xx_HAL_Driver\Src\stm32f4xx_hal_pcd.o
 .debug_loc     0x00001543      0x10a Drivers\STM32F4xx_HAL_Driver\Src\stm32f4xx_hal_pcd_ex.o
 .debug_loc     0x0000164d      0x336 Drivers\STM32F4xx_HAL_Driver\Src\stm32f4xx_hal_rcc.o
 .debug_loc     0x00001983     0x1632 Drivers\STM32F4xx_HAL_Driver\Src\stm32f4xx_ll_usb.o
 .debug_loc     0x00002fb5      0x4cf Middlewares\ST\STM32_USB_Device_Library\Class\CDC\Src\usbd_cdc.o
 .debug_loc     0x00003484      0x5f2 Middlewares\ST\STM32_USB_Device_Library\Core\Src\usbd_core.o
 .debug_loc     0x00003a76      0x7cd Middlewares\ST\STM32_USB_Device_Library\Core\Src\usbd_ctlreq.o
 .debug_loc     0x00004243      0x23c Middlewares\ST\STM32_USB_Device_Library\Core\Src\usbd_ioreq.o
 .debug_loc     0x0000447f     0x1046 Middlewares\Third_Party\FreeRTOS\Source\CMSIS_RTOS\cmsis_os.o
 .debug_loc     0x000054c5       0x94 Middlewares\Third_Party\FreeRTOS\Source\list.o
 .debug_loc     0x00005559       0xcf Middlewares\Third_Party\FreeRTOS\Source\portable\GCC\ARM_CM4F\port.o
 .debug_loc     0x00005628      0x391 Middlewares\Third_Party\FreeRTOS\Source\portable\MemMang\heap_4.o
 .debug_loc     0x000059b9     0x1274 Middlewares\Third_Party\FreeRTOS\Source\tasks.o
 .debug_loc     0x00006c2d       0x21 Src\main.o
 .debug_loc     0x00006c4e      0x11c Src\system_stm32f4xx.o
 .debug_loc     0x00006d6a      0x10c Src\usbd_cdc_if.o
 .debug_loc     0x00006e76      0x95b Src\usbd_conf.o
 .debug_loc     0x000077d1      0x273 Src\usbd_desc.o

.debug_aranges  0x00000000      0xd68
 .debug_aranges
                0x00000000       0xd8 Drivers\STM32F4xx_HAL_Driver\Src\stm32f4xx_hal.o
 .debug_aranges
                0x000000d8       0xa8 Drivers\STM32F4xx_HAL_Driver\Src\stm32f4xx_hal_cortex.o
 .debug_aranges
                0x00000180       0x58 Drivers\STM32F4xx_HAL_Driver\Src\stm32f4xx_hal_gpio.o
 .debug_aranges
                0x000001d8       0xc0 Drivers\STM32F4xx_HAL_Driver\Src\stm32f4xx_hal_pcd.o
 .debug_aranges
                0x00000298       0x28 Drivers\STM32F4xx_HAL_Driver\Src\stm32f4xx_hal_pcd_ex.o
 .debug_aranges
                0x000002c0       0x88 Drivers\STM32F4xx_HAL_Driver\Src\stm32f4xx_hal_rcc.o
 .debug_aranges
                0x00000348      0x178 Drivers\STM32F4xx_HAL_Driver\Src\stm32f4xx_ll_usb.o
 .debug_aranges
                0x000004c0       0x90 Middlewares\ST\STM32_USB_Device_Library\Class\CDC\Src\usbd_cdc.o
 .debug_aranges
                0x00000550       0xa8 Middlewares\ST\STM32_USB_Device_Library\Core\Src\usbd_core.o
 .debug_aranges
                0x000005f8       0x50 Middlewares\ST\STM32_USB_Device_Library\Core\Src\usbd_ctlreq.o
 .debug_aranges
                0x00000648       0x50 Middlewares\ST\STM32_USB_Device_Library\Core\Src\usbd_ioreq.o
 .debug_aranges
                0x00000698      0x190 Middlewares\Third_Party\FreeRTOS\Source\CMSIS_RTOS\cmsis_os.o
 .debug_aranges
                0x00000828       0x40 Middlewares\Third_Party\FreeRTOS\Source\list.o
 .debug_aranges
                0x00000868       0x80 Middlewares\Third_Party\FreeRTOS\Source\portable\GCC\ARM_CM4F\port.o
 .debug_aranges
                0x000008e8       0x48 Middlewares\Third_Party\FreeRTOS\Source\portable\MemMang\heap_4.o
 .debug_aranges
                0x00000930      0x170 Middlewares\Third_Party\FreeRTOS\Source\tasks.o
 .debug_aranges
                0x00000aa0       0x28 Src\freertos.o
 .debug_aranges
                0x00000ac8       0x38 Src\main.o
 .debug_aranges
                0x00000b00       0x20 Src\stm32f4xx_hal_msp.o
 .debug_aranges
                0x00000b20       0x50 Src\stm32f4xx_it.o
 .debug_aranges
                0x00000b70       0x28 Src\system_stm32f4xx.o
 .debug_aranges
                0x00000b98       0x20 Src\usb_device.o
 .debug_aranges
                0x00000bb8       0x40 Src\usbd_cdc_if.o
 .debug_aranges
                0x00000bf8       0xf8 Src\usbd_conf.o
 .debug_aranges
                0x00000cf0       0x50 Src\usbd_desc.o
 .debug_aranges
                0x00000d40       0x28 startup\startup_stm32f407xx.o

.debug_ranges   0x00000000      0xf10
 .debug_ranges  0x00000000       0xc8 Drivers\STM32F4xx_HAL_Driver\Src\stm32f4xx_hal.o
 .debug_ranges  0x000000c8      0x138 Drivers\STM32F4xx_HAL_Driver\Src\stm32f4xx_hal_cortex.o
 .debug_ranges  0x00000200       0x68 Drivers\STM32F4xx_HAL_Driver\Src\stm32f4xx_hal_gpio.o
 .debug_ranges  0x00000268       0xc8 Drivers\STM32F4xx_HAL_Driver\Src\stm32f4xx_hal_pcd.o
 .debug_ranges  0x00000330       0x18 Drivers\STM32F4xx_HAL_Driver\Src\stm32f4xx_hal_pcd_ex.o
 .debug_ranges  0x00000348       0xb0 Drivers\STM32F4xx_HAL_Driver\Src\stm32f4xx_hal_rcc.o
 .debug_ranges  0x000003f8      0x180 Drivers\STM32F4xx_HAL_Driver\Src\stm32f4xx_ll_usb.o
 .debug_ranges  0x00000578       0x80 Middlewares\ST\STM32_USB_Device_Library\Class\CDC\Src\usbd_cdc.o
 .debug_ranges  0x000005f8       0x98 Middlewares\ST\STM32_USB_Device_Library\Core\Src\usbd_core.o
 .debug_ranges  0x00000690       0xc0 Middlewares\ST\STM32_USB_Device_Library\Core\Src\usbd_ctlreq.o
 .debug_ranges  0x00000750       0x40 Middlewares\ST\STM32_USB_Device_Library\Core\Src\usbd_ioreq.o
 .debug_ranges  0x00000790      0x180 Middlewares\Third_Party\FreeRTOS\Source\CMSIS_RTOS\cmsis_os.o
 .debug_ranges  0x00000910       0x30 Middlewares\Third_Party\FreeRTOS\Source\list.o
 .debug_ranges  0x00000940       0x88 Middlewares\Third_Party\FreeRTOS\Source\portable\GCC\ARM_CM4F\port.o
 .debug_ranges  0x000009c8       0x38 Middlewares\Third_Party\FreeRTOS\Source\portable\MemMang\heap_4.o
 .debug_ranges  0x00000a00      0x250 Middlewares\Third_Party\FreeRTOS\Source\tasks.o
 .debug_ranges  0x00000c50       0x18 Src\freertos.o
 .debug_ranges  0x00000c68       0x88 Src\main.o
 .debug_ranges  0x00000cf0       0x28 Src\stm32f4xx_hal_msp.o
 .debug_ranges  0x00000d18       0x40 Src\stm32f4xx_it.o
 .debug_ranges  0x00000d58       0x18 Src\system_stm32f4xx.o
 .debug_ranges  0x00000d70       0x10 Src\usb_device.o
 .debug_ranges  0x00000d80       0x30 Src\usbd_cdc_if.o
 .debug_ranges  0x00000db0      0x100 Src\usbd_conf.o
 .debug_ranges  0x00000eb0       0x40 Src\usbd_desc.o
 .debug_ranges  0x00000ef0       0x20 startup\startup_stm32f407xx.o

.debug_line     0x00000000     0x774f
 .debug_line    0x00000000      0x492 Drivers\STM32F4xx_HAL_Driver\Src\stm32f4xx_hal.o
 .debug_line    0x00000492      0x4dc Drivers\STM32F4xx_HAL_Driver\Src\stm32f4xx_hal_cortex.o
 .debug_line    0x0000096e      0x47a Drivers\STM32F4xx_HAL_Driver\Src\stm32f4xx_hal_gpio.o
 .debug_line    0x00000de8      0x74a Drivers\STM32F4xx_HAL_Driver\Src\stm32f4xx_hal_pcd.o
 .debug_line    0x00001532      0x2ff Drivers\STM32F4xx_HAL_Driver\Src\stm32f4xx_hal_pcd_ex.o
 .debug_line    0x00001831      0x58b Drivers\STM32F4xx_HAL_Driver\Src\stm32f4xx_hal_rcc.o
 .debug_line    0x00001dbc      0x8eb Drivers\STM32F4xx_HAL_Driver\Src\stm32f4xx_ll_usb.o
 .debug_line    0x000026a7      0x4fb Middlewares\ST\STM32_USB_Device_Library\Class\CDC\Src\usbd_cdc.o
 .debug_line    0x00002ba2      0x4f4 Middlewares\ST\STM32_USB_Device_Library\Core\Src\usbd_core.o
 .debug_line    0x00003096      0x474 Middlewares\ST\STM32_USB_Device_Library\Core\Src\usbd_ctlreq.o
 .debug_line    0x0000350a      0x38a Middlewares\ST\STM32_USB_Device_Library\Core\Src\usbd_ioreq.o
 .debug_line    0x00003894      0x8d6 Middlewares\Third_Party\FreeRTOS\Source\CMSIS_RTOS\cmsis_os.o
 .debug_line    0x0000416a      0x368 Middlewares\Third_Party\FreeRTOS\Source\list.o
 .debug_line    0x000044d2      0x349 Middlewares\Third_Party\FreeRTOS\Source\portable\GCC\ARM_CM4F\port.o
 .debug_line    0x0000481b      0x417 Middlewares\Third_Party\FreeRTOS\Source\portable\MemMang\heap_4.o
 .debug_line    0x00004c32      0xba7 Middlewares\Third_Party\FreeRTOS\Source\tasks.o
 .debug_line    0x000057d9      0x18f Src\freertos.o
 .debug_line    0x00005968      0x4ad Src\main.o
 .debug_line    0x00005e15      0x28c Src\stm32f4xx_hal_msp.o
 .debug_line    0x000060a1      0x361 Src\stm32f4xx_it.o
 .debug_line    0x00006402      0x275 Src\system_stm32f4xx.o
 .debug_line    0x00006677      0x367 Src\usb_device.o
 .debug_line    0x000069de      0x387 Src\usbd_cdc_if.o
 .debug_line    0x00006d65      0x603 Src\usbd_conf.o
 .debug_line    0x00007368      0x368 Src\usbd_desc.o
 .debug_line    0x000076d0       0x7f startup\startup_stm32f407xx.o

.debug_str      0x00000000     0x4cab
 .debug_str     0x00000000      0xf0f Drivers\STM32F4xx_HAL_Driver\Src\stm32f4xx_hal.o
                                0xfb5 (size before relaxing)
 .debug_str     0x00000f0f      0x3ba Drivers\STM32F4xx_HAL_Driver\Src\stm32f4xx_hal_cortex.o
                               0x108c (size before relaxing)
 .debug_str     0x000012c9      0x1d8 Drivers\STM32F4xx_HAL_Driver\Src\stm32f4xx_hal_gpio.o
                                0x962 (size before relaxing)
 .debug_str     0x000014a1      0x9cf Drivers\STM32F4xx_HAL_Driver\Src\stm32f4xx_hal_pcd.o
                               0x106a (size before relaxing)
 .debug_str     0x00001e70       0x72 Drivers\STM32F4xx_HAL_Driver\Src\stm32f4xx_hal_pcd_ex.o
                                0x9ee (size before relaxing)
 .debug_str     0x00001ee2      0x2d5 Drivers\STM32F4xx_HAL_Driver\Src\stm32f4xx_hal_rcc.o
                                0xb35 (size before relaxing)
 .debug_str     0x000021b7      0x3c4 Drivers\STM32F4xx_HAL_Driver\Src\stm32f4xx_ll_usb.o
                               0x1012 (size before relaxing)
 .debug_str     0x0000257b      0x623 Middlewares\ST\STM32_USB_Device_Library\Class\CDC\Src\usbd_cdc.o
                                0xd33 (size before relaxing)
 .debug_str     0x00002b9e      0x2a0 Middlewares\ST\STM32_USB_Device_Library\Core\Src\usbd_core.o
                                0xcbd (size before relaxing)
 .debug_str     0x00002e3e      0x125 Middlewares\ST\STM32_USB_Device_Library\Core\Src\usbd_ctlreq.o
                                0xbd7 (size before relaxing)
 .debug_str     0x00002f63       0x51 Middlewares\ST\STM32_USB_Device_Library\Core\Src\usbd_ioreq.o
                                0xb04 (size before relaxing)
 .debug_str     0x00002fb4      0xb5e Middlewares\Third_Party\FreeRTOS\Source\CMSIS_RTOS\cmsis_os.o
                               0x121f (size before relaxing)
 .debug_str     0x00003b12      0x14f Middlewares\Third_Party\FreeRTOS\Source\list.o
                                0x74e (size before relaxing)
 .debug_str     0x00003c61      0x21e Middlewares\Third_Party\FreeRTOS\Source\portable\GCC\ARM_CM4F\port.o
                                0x47d (size before relaxing)
 .debug_str     0x00003e7f      0x205 Middlewares\Third_Party\FreeRTOS\Source\portable\MemMang\heap_4.o
                                0x854 (size before relaxing)
 .debug_str     0x00004084      0x85f Middlewares\Third_Party\FreeRTOS\Source\tasks.o
                               0x1284 (size before relaxing)
 .debug_str     0x000048e3       0x12 Src\freertos.o
                                0x222 (size before relaxing)
 .debug_str     0x000048f5       0xa4 Src\main.o
                               0x13f5 (size before relaxing)
 .debug_str     0x00004999       0x1b Src\stm32f4xx_hal_msp.o
                                0xc6a (size before relaxing)
 .debug_str     0x000049b4       0xad Src\stm32f4xx_it.o
                                0xa17 (size before relaxing)
 .debug_str     0x00004a61       0x45 Src\system_stm32f4xx.o
                                0x7c6 (size before relaxing)
 .debug_str     0x00004aa6       0x2b Src\usb_device.o
                                0xa9d (size before relaxing)
 .debug_str     0x00004ad1       0x7b Src\usbd_cdc_if.o
                                0xb97 (size before relaxing)
 .debug_str     0x00004b4c       0x51 Src\usbd_conf.o
                               0x18f4 (size before relaxing)
 .debug_str     0x00004b9d      0x10e Src\usbd_desc.o
                                0x878 (size before relaxing)

.comment        0x00000000       0x7c
 .comment       0x00000000       0x7c Drivers\STM32F4xx_HAL_Driver\Src\stm32f4xx_hal.o
                                 0x7d (size before relaxing)
 .comment       0x0000007c       0x7d Drivers\STM32F4xx_HAL_Driver\Src\stm32f4xx_hal_cortex.o
 .comment       0x0000007c       0x7d Drivers\STM32F4xx_HAL_Driver\Src\stm32f4xx_hal_gpio.o
 .comment       0x0000007c       0x7d Drivers\STM32F4xx_HAL_Driver\Src\stm32f4xx_hal_pcd.o
 .comment       0x0000007c       0x7d Drivers\STM32F4xx_HAL_Driver\Src\stm32f4xx_hal_pcd_ex.o
 .comment       0x0000007c       0x7d Drivers\STM32F4xx_HAL_Driver\Src\stm32f4xx_hal_rcc.o
 .comment       0x0000007c       0x7d Drivers\STM32F4xx_HAL_Driver\Src\stm32f4xx_ll_usb.o
 .comment       0x0000007c       0x7d Middlewares\ST\STM32_USB_Device_Library\Class\CDC\Src\usbd_cdc.o
 .comment       0x0000007c       0x7d Middlewares\ST\STM32_USB_Device_Library\Core\Src\usbd_core.o
 .comment       0x0000007c       0x7d Middlewares\ST\STM32_USB_Device_Library\Core\Src\usbd_ctlreq.o
 .comment       0x0000007c       0x7d Middlewares\ST\STM32_USB_Device_Library\Core\Src\usbd_ioreq.o
 .comment       0x0000007c       0x7d Middlewares\Third_Party\FreeRTOS\Source\CMSIS_RTOS\cmsis_os.o
 .comment       0x0000007c       0x7d Middlewares\Third_Party\FreeRTOS\Source\list.o
 .comment       0x0000007c       0x7d Middlewares\Third_Party\FreeRTOS\Source\portable\GCC\ARM_CM4F\port.o
 .comment       0x0000007c       0x7d Middlewares\Third_Party\FreeRTOS\Source\portable\MemMang\heap_4.o
 .comment       0x0000007c       0x7d Middlewares\Third_Party\FreeRTOS\Source\tasks.o
 .comment       0x0000007c       0x7d Src\freertos.o
 .comment       0x0000007c       0x7d Src\main.o
 .comment       0x0000007c       0x7d Src\stm32f4xx_hal_msp.o
 .comment       0x0000007c       0x7d Src\stm32f4xx_it.o
 .comment       0x0000007c       0x7d Src\system_stm32f4xx.o
 .comment       0x0000007c       0x7d Src\usb_device.o
 .comment       0x0000007c       0x7d Src\usbd_cdc_if.o
 .comment       0x0000007c       0x7d Src\usbd_conf.o
 .comment       0x0000007c       0x7d Src\usbd_desc.o

.debug_frame    0x00000000     0x242c
 .debug_frame   0x00000000      0x1d0 Drivers\STM32F4xx_HAL_Driver\Src\stm32f4xx_hal.o
 .debug_frame   0x000001d0      0x158 Drivers\STM32F4xx_HAL_Driver\Src\stm32f4xx_hal_cortex.o
 .debug_frame   0x00000328       0xd8 Drivers\STM32F4xx_HAL_Driver\Src\stm32f4xx_hal_gpio.o
 .debug_frame   0x00000400      0x2c4 Drivers\STM32F4xx_HAL_Driver\Src\stm32f4xx_hal_pcd.o
 .debug_frame   0x000006c4       0x3c Drivers\STM32F4xx_HAL_Driver\Src\stm32f4xx_hal_pcd_ex.o
 .debug_frame   0x00000700      0x13c Drivers\STM32F4xx_HAL_Driver\Src\stm32f4xx_hal_rcc.o
 .debug_frame   0x0000083c      0x468 Drivers\STM32F4xx_HAL_Driver\Src\stm32f4xx_ll_usb.o
 .debug_frame   0x00000ca4      0x14c Middlewares\ST\STM32_USB_Device_Library\Class\CDC\Src\usbd_cdc.o
 .debug_frame   0x00000df0      0x1c0 Middlewares\ST\STM32_USB_Device_Library\Core\Src\usbd_core.o
 .debug_frame   0x00000fb0       0xcc Middlewares\ST\STM32_USB_Device_Library\Core\Src\usbd_ctlreq.o
 .debug_frame   0x0000107c       0xb8 Middlewares\ST\STM32_USB_Device_Library\Core\Src\usbd_ioreq.o
 .debug_frame   0x00001134      0x4d8 Middlewares\Third_Party\FreeRTOS\Source\CMSIS_RTOS\cmsis_os.o
 .debug_frame   0x0000160c       0x6c Middlewares\Third_Party\FreeRTOS\Source\list.o
 .debug_frame   0x00001678       0xf0 Middlewares\Third_Party\FreeRTOS\Source\portable\GCC\ARM_CM4F\port.o
 .debug_frame   0x00001768       0x98 Middlewares\Third_Party\FreeRTOS\Source\portable\MemMang\heap_4.o
 .debug_frame   0x00001800      0x4b0 Middlewares\Third_Party\FreeRTOS\Source\tasks.o
 .debug_frame   0x00001cb0       0x30 Src\freertos.o
 .debug_frame   0x00001ce0       0x74 Src\main.o
 .debug_frame   0x00001d54       0x2c Src\stm32f4xx_hal_msp.o
 .debug_frame   0x00001d80       0x9c Src\stm32f4xx_it.o
 .debug_frame   0x00001e1c       0x38 Src\system_stm32f4xx.o
 .debug_frame   0x00001e54       0x2c Src\usb_device.o
 .debug_frame   0x00001e80       0x80 Src\usbd_cdc_if.o
 .debug_frame   0x00001f00      0x26c Src\usbd_conf.o
 .debug_frame   0x0000216c       0xa8 Src\usbd_desc.o
 .debug_frame   0x00002214       0x2c c:/program files (x86)/atollic/truestudio for stm32 9.0.0/armtools/bin/../lib/gcc/arm-atollic-eabi/6.3.1/../../../../arm-atollic-eabi/lib/armv7e-m/fpu\libc_nano.a(lib_a-init.o)
 .debug_frame   0x00002240       0x30 c:/program files (x86)/atollic/truestudio for stm32 9.0.0/armtools/bin/../lib/gcc/arm-atollic-eabi/6.3.1/../../../../arm-atollic-eabi/lib/armv7e-m/fpu\libc_nano.a(lib_a-malloc.o)
 .debug_frame   0x00002270       0x20 c:/program files (x86)/atollic/truestudio for stm32 9.0.0/armtools/bin/../lib/gcc/arm-atollic-eabi/6.3.1/../../../../arm-atollic-eabi/lib/armv7e-m/fpu\libc_nano.a(lib_a-memset.o)
 .debug_frame   0x00002290       0x38 c:/program files (x86)/atollic/truestudio for stm32 9.0.0/armtools/bin/../lib/gcc/arm-atollic-eabi/6.3.1/../../../../arm-atollic-eabi/lib/armv7e-m/fpu\libc_nano.a(lib_a-nano-freer.o)
 .debug_frame   0x000022c8       0x2c c:/program files (x86)/atollic/truestudio for stm32 9.0.0/armtools/bin/../lib/gcc/arm-atollic-eabi/6.3.1/../../../../arm-atollic-eabi/lib/armv7e-m/fpu\libc_nano.a(lib_a-nano-mallocr.o)
 .debug_frame   0x000022f4       0x2c c:/program files (x86)/atollic/truestudio for stm32 9.0.0/armtools/bin/../lib/gcc/arm-atollic-eabi/6.3.1/../../../../arm-atollic-eabi/lib/armv7e-m/fpu\libc_nano.a(lib_a-sbrkr.o)
 .debug_frame   0x00002320       0x30 c:/program files (x86)/atollic/truestudio for stm32 9.0.0/armtools/bin/../lib/gcc/arm-atollic-eabi/6.3.1/../../../../arm-atollic-eabi/lib/armv7e-m/fpu\libc_nano.a(lib_a-mlock.o)
 .debug_frame   0x00002350       0x5c c:/program files (x86)/atollic/truestudio for stm32 9.0.0/armtools/bin/../lib/gcc/arm-atollic-eabi/6.3.1/../../../../arm-atollic-eabi/lib/armv7e-m/fpu\libc_nano.a(lib_a-reent.o)
 .debug_frame   0x000023ac       0x2c c:/program files (x86)/atollic/truestudio for stm32 9.0.0/armtools/bin/../lib/gcc/arm-atollic-eabi/6.3.1/armv7e-m/fpu\libgcc.a(_aeabi_uldivmod.o)
 .debug_frame   0x000023d8       0x34 c:/program files (x86)/atollic/truestudio for stm32 9.0.0/armtools/bin/../lib/gcc/arm-atollic-eabi/6.3.1/armv7e-m/fpu\libgcc.a(_udivmoddi4.o)
 .debug_frame   0x0000240c       0x20 c:/program files (x86)/atollic/truestudio for stm32 9.0.0/armtools/bin/../lib/gcc/arm-atollic-eabi/6.3.1/../../../../arm-atollic-eabi/lib/armv7e-m/fpu\libnosys.a(sbrk.o)
