tasks.c:1755:20:prvTaskIsTaskSuspended.part.0	0	static
tasks.c:3784:13:prvResetNextTaskUnblockTime	0	static
tasks.c:4978:13:prvAddCurrentTaskToDelayedList	24	static
tasks.c:3276:8:prvIdleTask	8	static
tasks.c:733:13:xTaskCreate	40	static
tasks.c:1115:7:vTaskDelete	16	static
tasks.c:1428:14:uxTaskPriorityGet	8	static
tasks.c:1450:14:uxTaskPriorityGetFromISR	8	static
tasks.c:1490:7:vTaskPrioritySet	24	static
tasks.c:1801:7:vTaskResume	16	static
tasks.c:1855:13:xTaskResumeFromISR	24	static
tasks.c:1925:6:vTaskStartScheduler	16	static
tasks.c:2047:6:vTaskEndScheduler	0	static
tasks.c:2058:6:vTaskSuspendAll	0	static
tasks.c:2241:12:xTaskGetTickCount	0	static
tasks.c:2256:12:xTaskGetTickCountFromISR	8	static
tasks.c:2287:13:uxTaskGetNumberOfTasks	0	static
tasks.c:2295:7:pcTaskGetName	0	static
tasks.c:2622:12:xTaskIncrementTick	40	static
tasks.c:2131:12:xTaskResumeAll	32	static
tasks.c:1291:7:vTaskDelay	8	static
tasks.c:2886:6:vTaskSwitchContext	16	static
tasks.c:1654:7:vTaskSuspend	16	static
tasks.c:2962:6:vTaskPlaceOnEventList	8	static
tasks.c:2979:6:vTaskPlaceOnUnorderedEventList	8	static
tasks.c:3036:12:xTaskRemoveFromEventList	16	static
tasks.c:3104:6:vTaskRemoveFromUnorderedEventList	16	static
tasks.c:3138:6:vTaskSetTimeOutState	8	static
tasks.c:3150:6:vTaskInternalSetTimeOutState	0	static
tasks.c:3158:12:xTaskCheckForTimeOut	16	static
tasks.c:3221:6:vTaskMissedYield	0	static
tasks.c:3810:15:xTaskGetCurrentTaskHandle	0	static
tasks.c:3827:13:xTaskGetSchedulerState	0	static
tasks.c:3855:13:xTaskPriorityInherit	24	static
tasks.c:3942:13:xTaskPriorityDisinherit	24	static
tasks.c:4022:7:vTaskPriorityDisinheritAfterTimeout	24	static
tasks.c:4437:12:uxTaskResetEventItemValue	0	static
tasks.c:4453:15:pvTaskIncrementMutexHeldCount	0	static
tasks.c:4470:11:ulTaskNotifyTake	16	static
tasks.c:4538:13:xTaskNotifyWait	24	static
tasks.c:4618:13:xTaskGenericNotify	24	static
tasks.c:4732:13:xTaskGenericNotifyFromISR	32	static
tasks.c:4861:7:vTaskNotifyGiveFromISR	24	static
tasks.c:4948:13:xTaskNotifyStateClear	16	static
